host: g3611   git: 2a7365a2a4c49b5df09691e5e68c65ca2e2aae8f   date: Sat Jul 18 16:39:41 CEST 2026   PY=/work/classic/fr_mj200-calcium_ar/env-gpu/bin/python
torch 2.6.0+cu124 cuda_available True
gpu: NVIDIA L40S
=== regime preflight: canonical Brunel at N=12500 ===
[INFO] [2026.7.18 16:39:46 /home/conda/feedstock_root/build_artifacts/nest-simulator_1744013459969/work/nestkernel/vp_manager.cpp:74 @ VPManager::initialize()] : OMP_NUM_THREADS is set in your environment, but NEST ignores it.
For details, see the Guide to parallel computing in the NEST Documentation.

              -- N E S T --
  Copyright (C) 2004 The NEST Initiative

 Version: 3.8.0
 Built: Apr  7 2025 08:14:12

 This program is provided AS IS and comes with
 NO WARRANTY. See the file LICENSE for details.

 Problems or suggestions?
   Visit https://www.nest-simulator.org

 Type 'nest.help()' to find out more about NEST.


Jul 18 16:39:46 VPManager::initialize() [Info]: 
    OMP_NUM_THREADS is set in your environment, but NEST ignores it.
    For details, see the Guide to parallel computing in the NEST Documentation.

Jul 18 16:39:46 SimulationManager::set_status [Info]: 
    Temporal resolution changed from 0.1 to 0.1 ms.

Jul 18 16:39:47 NodeManager::prepare_nodes [Info]: 
    Preparing 12532 nodes for simulation.

Jul 18 16:39:47 SimulationManager::start_updating_ [Info]: 
    Number of local nodes: 12532
    Simulation time (ms): 5000
    Number of OpenMP threads: 16
    Not using MPI

Jul 18 16:39:52 SimulationManager::run [Info]: 
    Simulation finished.
scale=n12500  N=12500  (C_E=1000)  sim_time=5000 ms

config                      J    g   eta   V_r |   rate  rateE  rateI    CV   sync silent
------------------------------------------------------------------------------------------------
Simulation finished in 5.6s
brunel_canonical         0.10    5   2.0  10.0 |   37.4   37.4   37.6  0.43  0.017   0.00

AI target: rate ~5-15 Hz, CV ~0.8-1.0, sync ~0
wrote /work/classic/fr_mj200-calcium_ar/results/network_state/n12500_canonical.png
net=n12500 g=5.0 eta=2.0  sweep(ms)=[1000000.0, 2000000.0, 5000000.0]  seeds=[1]  chunk_ms=5000.0
[seed 1] simulating 5000000 ms (densify=False) ...
[INFO] [2026.7.18 16:41:32 /home/conda/feedstock_root/build_artifacts/nest-simulator_1744013459969/work/nestkernel/vp_manager.cpp:74 @ VPManager::initialize()] : OMP_NUM_THREADS is set in your environment, but NEST ignores it.
For details, see the Guide to parallel computing in the NEST Documentation.

              -- N E S T --
  Copyright (C) 2004 The NEST Initiative

 Version: 3.8.0
 Built: Apr  7 2025 08:14:12

 This program is provided AS IS and comes with
 NO WARRANTY. See the file LICENSE for details.

 Problems or suggestions?
   Visit https://www.nest-simulator.org

 Type 'nest.help()' to find out more about NEST.


Jul 18 16:41:32 VPManager::initialize() [Info]: 
    OMP_NUM_THREADS is set in your environment, but NEST ignores it.
    For details, see the Guide to parallel computing in the NEST Documentation.

Jul 18 16:41:33 SimulationManager::set_status [Info]: 
    Temporal resolution changed from 0.1 to 0.1 ms.

Jul 18 16:41:33 NodeManager::prepare_nodes [Info]: 
    Preparing 12532 nodes for simulation.

Jul 18 16:41:33 SimulationManager::start_updating_ [Info]: 
    Number of local nodes: 12532
    Simulation time (ms): 5e+06
    Number of OpenMP threads: 16
    Not using MPI
[2026-07-18T17:02:49.426] error: *** JOB 7557239 ON g3611 CANCELLED AT 2026-07-18T17:02:49 DUE to SIGNAL Terminated ***
