host: g3605   git: cb690359e5831f319a60f9a6b79aba4832123039   date: Sat Jul 18 07:06:10 CEST 2026   PY=/work/classic/fr_mj200-calcium_ar/env-gpu/bin/python
torch 2.6.0+cu124 cuda_available True
gpu: NVIDIA L40S
net=n12500ai g=8.0 eta=1.0  sweep(ms)=[1000000.0, 2000000.0, 5000000.0]  seeds=[1, 2]  chunk_ms=5000.0
[seed 1] simulating 5000000 ms (densify=False) ...
[INFO] [2026.7.18 7:6:17 /home/conda/feedstock_root/build_artifacts/nest-simulator_1744013459969/work/nestkernel/vp_manager.cpp:74 @ VPManager::initialize()] : OMP_NUM_THREADS is set in your environment, but NEST ignores it.
For details, see the Guide to parallel computing in the NEST Documentation.

              -- N E S T --
  Copyright (C) 2004 The NEST Initiative

 Version: 3.8.0
 Built: Apr  7 2025 08:14:12

 This program is provided AS IS and comes with
 NO WARRANTY. See the file LICENSE for details.

 Problems or suggestions?
   Visit https://www.nest-simulator.org

 Type 'nest.help()' to find out more about NEST.


Jul 18 07:06:17 VPManager::initialize() [Info]: 
    OMP_NUM_THREADS is set in your environment, but NEST ignores it.
    For details, see the Guide to parallel computing in the NEST Documentation.

Jul 18 07:06:17 SimulationManager::set_status [Info]: 
    Temporal resolution changed from 0.1 to 0.1 ms.

Jul 18 07:06:17 NodeManager::prepare_nodes [Info]: 
    Preparing 12532 nodes for simulation.

Jul 18 07:06:18 SimulationManager::start_updating_ [Info]: 
    Number of local nodes: 12532
    Simulation time (ms): 5e+06
    Number of OpenMP threads: 16
    Not using MPI
[2026-07-18T07:11:35.916] error: *** JOB 7554830 ON g3605 CANCELLED AT 2026-07-18T07:11:35 DUE to SIGNAL Terminated ***
