host: g3612  git: 9748694e515649f80fe9c0afe3fc081728de6ea0  date: Fri Aug 28 15:52:39 CEST 2026
array task: 4  noise_seed: 204  adjacency: /work/classic/fr_mj200-calcium_ar/results/wrapup_n12500r4_T10000k/seed1/adj_true.npy
torch 2.6.0+cu124 cuda_available True
net=n12500_r4 g=8.0 eta=2.6  sweep(ms)=[12000000.0]  seeds=[204]  chunk_ms=5000.0
[seed 204] building with FIXED adjacency from /work/classic/fr_mj200-calcium_ar/results/wrapup_n12500r4_T10000k/seed1/adj_true.npy -- seed drives noise only ...
[INFO] [2026.8.28 15:52:46 /home/conda/feedstock_root/build_artifacts/nest-simulator_1744013459969/work/nestkernel/vp_manager.cpp:74 @ VPManager::initialize()] : OMP_NUM_THREADS is set in your environment, but NEST ignores it.
For details, see the Guide to parallel computing in the NEST Documentation.

              -- N E S T --
  Copyright (C) 2004 The NEST Initiative

 Version: 3.8.0
 Built: Apr  7 2025 08:14:12

 This program is provided AS IS and comes with
 NO WARRANTY. See the file LICENSE for details.

 Problems or suggestions?
   Visit https://www.nest-simulator.org

 Type 'nest.help()' to find out more about NEST.


Aug 28 15:52:47 VPManager::initialize() [Info]: 
    OMP_NUM_THREADS is set in your environment, but NEST ignores it.
    For details, see the Guide to parallel computing in the NEST Documentation.

Aug 28 15:52:47 SimulationManager::set_status [Info]: 
    Temporal resolution changed from 0.1 to 0.1 ms.

Aug 28 15:52:49 NodeManager::prepare_nodes [Info]: 
    Preparing 12532 nodes for simulation.

Aug 28 15:52:49 SimulationManager::start_updating_ [Info]: 
    Number of local nodes: 12532
    Simulation time (ms): 1.2e+07
    Number of OpenMP threads: 16
    Not using MPI

Aug 28 17:30:28 SimulationManager::run [Info]: 
    Simulation finished.
Simulation finished in 5858.9s
[seed 204] streaming moments + checkpoints ...
[seed 204] T=12000000ms SAVED -> /work/classic/fr_mj200-calcium_ar/results/wrapup_n12500r4_T12000k/seed204  |ols|max=2.19e-02
[seed 204] mean rate 14.2 Hz  (all checkpoints saved)

sweep complete
task 4 done: Fri Aug 28 23:42:00 CEST 2026
