host: g3606   git: b6ca0f960a670032ec6fe2249fea0f07f1c4c45b   date: Tue Jul 21 23:38:14 CEST 2026   PY=/work/classic/fr_mj200-calcium_ar/env-gpu/bin/python
torch 2.6.0+cu124 cuda_available True
gpu: NVIDIA L40S
=== regime preflight: canonical Brunel at N=12500 ===
[INFO] [2026.7.21 23:38:21 /home/conda/feedstock_root/build_artifacts/nest-simulator_1744013459969/work/nestkernel/vp_manager.cpp:74 @ VPManager::initialize()] : OMP_NUM_THREADS is set in your environment, but NEST ignores it.
For details, see the Guide to parallel computing in the NEST Documentation.

              -- N E S T --
  Copyright (C) 2004 The NEST Initiative

 Version: 3.8.0
 Built: Apr  7 2025 08:14:12

 This program is provided AS IS and comes with
 NO WARRANTY. See the file LICENSE for details.

 Problems or suggestions?
   Visit https://www.nest-simulator.org

 Type 'nest.help()' to find out more about NEST.


Jul 21 23:38:21 VPManager::initialize() [Info]: 
    OMP_NUM_THREADS is set in your environment, but NEST ignores it.
    For details, see the Guide to parallel computing in the NEST Documentation.

Jul 21 23:38:21 SimulationManager::set_status [Info]: 
    Temporal resolution changed from 0.1 to 0.1 ms.

Jul 21 23:38:21 NodeManager::prepare_nodes [Info]: 
    Preparing 12532 nodes for simulation.

Jul 21 23:38:21 SimulationManager::start_updating_ [Info]: 
    Number of local nodes: 12532
    Simulation time (ms): 5000
    Number of OpenMP threads: 16
    Not using MPI

Jul 21 23:38:29 SimulationManager::run [Info]: 
    Simulation finished.
scale=n12500  N=12500  (C_E=1000)  sim_time=5000 ms

config                      J    g   eta   V_r |   rate  rateE  rateI    CV   sync silent
------------------------------------------------------------------------------------------------
Simulation finished in 7.8s
brunel_AI_fig8B          0.10    6   4.0  10.0 |   58.7   58.6   59.1  0.86  0.010   0.00

AI target: rate ~5-15 Hz, CV ~0.8-1.0, sync ~0
wrote /work/classic/fr_mj200-calcium_ar/results/network_state/n12500_AI.png
net=n12500 g=6.0 eta=4.0  sweep(ms)=[1000000.0, 2000000.0, 5000000.0]  seeds=[1]  chunk_ms=5000.0
[seed 1] simulating 5000000 ms (densify=False) ...
[INFO] [2026.7.21 23:40:8 /home/conda/feedstock_root/build_artifacts/nest-simulator_1744013459969/work/nestkernel/vp_manager.cpp:74 @ VPManager::initialize()] : OMP_NUM_THREADS is set in your environment, but NEST ignores it.
For details, see the Guide to parallel computing in the NEST Documentation.

              -- N E S T --
  Copyright (C) 2004 The NEST Initiative

 Version: 3.8.0
 Built: Apr  7 2025 08:14:12

 This program is provided AS IS and comes with
 NO WARRANTY. See the file LICENSE for details.

 Problems or suggestions?
   Visit https://www.nest-simulator.org

 Type 'nest.help()' to find out more about NEST.


Jul 21 23:40:08 VPManager::initialize() [Info]: 
    OMP_NUM_THREADS is set in your environment, but NEST ignores it.
    For details, see the Guide to parallel computing in the NEST Documentation.

Jul 21 23:40:08 SimulationManager::set_status [Info]: 
    Temporal resolution changed from 0.1 to 0.1 ms.

Jul 21 23:40:09 NodeManager::prepare_nodes [Info]: 
    Preparing 12532 nodes for simulation.

Jul 21 23:40:09 SimulationManager::start_updating_ [Info]: 
    Number of local nodes: 12532
    Simulation time (ms): 5e+06
    Number of OpenMP threads: 16
    Not using MPI

Jul 22 01:17:31 SimulationManager::run [Info]: 
    Simulation finished.
Simulation finished in 5842.0s
[seed 1] cached ground truth -> n12500_seed1_T5000k_6ab0ac8a30.npz
[seed 1] streaming moments + checkpoints ...
[seed 1] T=1000000ms SAVED -> /work/classic/fr_mj200-calcium_ar/results/wrapup_n12500_T1000k/seed1  |ols|max=3.38e-02
[seed 1] T=2000000ms SAVED -> /work/classic/fr_mj200-calcium_ar/results/wrapup_n12500_T2000k/seed1  |ols|max=3.36e-02
[seed 1] T=5000000ms SAVED -> /work/classic/fr_mj200-calcium_ar/results/wrapup_n12500_T5000k/seed1  |ols|max=3.35e-02
[seed 1] mean rate 58.6 Hz  (all checkpoints saved)

sweep complete
[seed1] ols       AUC=0.876 AUC_E=0.914 AUC_I=1.000 E_rec=0.495 I_rec=1.000 corr=0.839
[seed1] ridge     AUC=0.876 AUC_E=0.914 AUC_I=1.000 E_rec=0.495 I_rec=1.000 corr=0.839

wrote /work/classic/fr_mj200-calcium_ar/results/wrapup_n12500_T1000k/metrics.csv  (2 rows)
[seed1] ols       AUC=0.934 AUC_E=0.956 AUC_I=1.000 E_rec=0.634 I_rec=1.000 corr=0.884
[seed1] ridge     AUC=0.934 AUC_E=0.956 AUC_I=1.000 E_rec=0.634 I_rec=1.000 corr=0.884

wrote /work/classic/fr_mj200-calcium_ar/results/wrapup_n12500_T2000k/metrics.csv  (2 rows)
[seed1] ols       AUC=0.973 AUC_E=0.982 AUC_I=1.000 E_rec=0.768 I_rec=1.000 corr=0.914
[seed1] ridge     AUC=0.973 AUC_E=0.982 AUC_I=1.000 E_rec=0.768 I_rec=1.000 corr=0.914

wrote /work/classic/fr_mj200-calcium_ar/results/wrapup_n12500_T5000k/metrics.csv  (2 rows)
done: Wed Jul 22 05:11:45 CEST 2026
--- copy home just these: ---
-rw-r--r-- 1 fr_mj200 fr_fr 209K Jul 21 23:40 /work/classic/fr_mj200-calcium_ar/results/network_state/n12500_AI.png
-rw-r--r-- 1 fr_mj200 fr_fr 146K Jul 21 23:40 /work/classic/fr_mj200-calcium_ar/results/network_state/n12500_AI_lowrate.png
-rw-r--r-- 1 fr_mj200 fr_fr 187K Jul 18 16:41 /work/classic/fr_mj200-calcium_ar/results/network_state/n12500_canonical.png
-rw-r--r-- 1 fr_mj200 fr_fr  538 Jul 22 05:10 /work/classic/fr_mj200-calcium_ar/results/wrapup_n12500_T1000k/metrics.csv
-rw-r--r-- 1 fr_mj200 fr_fr  537 Jul 22 05:11 /work/classic/fr_mj200-calcium_ar/results/wrapup_n12500_T2000k/metrics.csv
-rw-r--r-- 1 fr_mj200 fr_fr  533 Jul 22 05:11 /work/classic/fr_mj200-calcium_ar/results/wrapup_n12500_T5000k/metrics.csv
