host: g3605   git: d9d096b7e6a903b16fbc47819c1ad682dd097796   date: Sat Jul 18 17:05:38 CEST 2026   PY=/work/classic/fr_mj200-calcium_ar/env-gpu/bin/python
torch 2.6.0+cu124 cuda_available True
gpu: NVIDIA L40S
=== regime preflight: canonical Brunel at N=12500 ===
[INFO] [2026.7.18 17:5:45 /home/conda/feedstock_root/build_artifacts/nest-simulator_1744013459969/work/nestkernel/vp_manager.cpp:74 @ VPManager::initialize()] : OMP_NUM_THREADS is set in your environment, but NEST ignores it.
For details, see the Guide to parallel computing in the NEST Documentation.

              -- N E S T --
  Copyright (C) 2004 The NEST Initiative

 Version: 3.8.0
 Built: Apr  7 2025 08:14:12

 This program is provided AS IS and comes with
 NO WARRANTY. See the file LICENSE for details.

 Problems or suggestions?
   Visit https://www.nest-simulator.org

 Type 'nest.help()' to find out more about NEST.


Jul 18 17:05:45 VPManager::initialize() [Info]: 
    OMP_NUM_THREADS is set in your environment, but NEST ignores it.
    For details, see the Guide to parallel computing in the NEST Documentation.

Jul 18 17:05:45 SimulationManager::set_status [Info]: 
    Temporal resolution changed from 0.1 to 0.1 ms.

Jul 18 17:05:45 NodeManager::prepare_nodes [Info]: 
    Preparing 12532 nodes for simulation.

Jul 18 17:05:45 SimulationManager::start_updating_ [Info]: 
    Number of local nodes: 12532
    Simulation time (ms): 5000
    Number of OpenMP threads: 16
    Not using MPI

Jul 18 17:05:53 SimulationManager::run [Info]: 
    Simulation finished.
scale=n12500  N=12500  (C_E=1000)  sim_time=5000 ms

config                      J    g   eta   V_r |   rate  rateE  rateI    CV   sync silent
------------------------------------------------------------------------------------------------
Simulation finished in 7.8s
brunel_AI_fig8B          0.10    6   4.0  10.0 |   58.7   58.6   59.1  0.86  0.010   0.00

AI target: rate ~5-15 Hz, CV ~0.8-1.0, sync ~0
wrote /work/classic/fr_mj200-calcium_ar/results/network_state/n12500_AI.png
net=n12500 g=6.0 eta=4.0  sweep(ms)=[1000000.0, 2000000.0, 5000000.0]  seeds=[1]  chunk_ms=5000.0
[seed 1] simulating 5000000 ms (densify=False) ...
[INFO] [2026.7.18 17:7:36 /home/conda/feedstock_root/build_artifacts/nest-simulator_1744013459969/work/nestkernel/vp_manager.cpp:74 @ VPManager::initialize()] : OMP_NUM_THREADS is set in your environment, but NEST ignores it.
For details, see the Guide to parallel computing in the NEST Documentation.

              -- N E S T --
  Copyright (C) 2004 The NEST Initiative

 Version: 3.8.0
 Built: Apr  7 2025 08:14:12

 This program is provided AS IS and comes with
 NO WARRANTY. See the file LICENSE for details.

 Problems or suggestions?
   Visit https://www.nest-simulator.org

 Type 'nest.help()' to find out more about NEST.


Jul 18 17:07:36 VPManager::initialize() [Info]: 
    OMP_NUM_THREADS is set in your environment, but NEST ignores it.
    For details, see the Guide to parallel computing in the NEST Documentation.

Jul 18 17:07:36 SimulationManager::set_status [Info]: 
    Temporal resolution changed from 0.1 to 0.1 ms.

Jul 18 17:07:36 NodeManager::prepare_nodes [Info]: 
    Preparing 12532 nodes for simulation.

Jul 18 17:07:36 SimulationManager::start_updating_ [Info]: 
    Number of local nodes: 12532
    Simulation time (ms): 5e+06
    Number of OpenMP threads: 16
    Not using MPI

Jul 18 18:47:28 SimulationManager::run [Info]: 
    Simulation finished.
Simulation finished in 5991.9s
[seed 1] streaming moments + checkpoints ...
/var/spool/slurm/slurmd/job7557267/slurm_script: line 65: 662456 Killed                  "$PY" scripts/wrapup_run_stream.py --net n12500 --sweep 1000000 2000000 5000000 --seeds 1 --methods ols ridge --device cuda --chunk-ms 5000
[2026-07-18T18:49:21.201] error: Detected 1 oom_kill event in StepId=7557267.batch. Some of the step tasks have been OOM Killed.
