host: n4106   git: 526b5d951b7ee96cd55562278ffde9af86ae5bf8   date: Thu Aug  6 14:42:45 CEST 2026
simulating n1250ai for 100000 ms ...
[INFO] [2026.8.6 14:42:48 /home/conda/feedstock_root/build_artifacts/nest-simulator_1744013459969/work/nestkernel/vp_manager.cpp:74 @ VPManager::initialize()] : OMP_NUM_THREADS is set in your environment, but NEST ignores it.
For details, see the Guide to parallel computing in the NEST Documentation.

              -- N E S T --
  Copyright (C) 2004 The NEST Initiative

 Version: 3.8.0
 Built: Apr  7 2025 08:14:12

 This program is provided AS IS and comes with
 NO WARRANTY. See the file LICENSE for details.

 Problems or suggestions?
   Visit https://www.nest-simulator.org

 Type 'nest.help()' to find out more about NEST.


Aug 06 14:42:48 VPManager::initialize() [Info]: 
    OMP_NUM_THREADS is set in your environment, but NEST ignores it.
    For details, see the Guide to parallel computing in the NEST Documentation.

Aug 06 14:42:48 SimulationManager::set_status [Info]: 
    Temporal resolution changed from 0.1 to 0.1 ms.

Aug 06 14:42:48 NodeManager::prepare_nodes [Info]: 
    Preparing 1266 nodes for simulation.

Aug 06 14:42:48 SimulationManager::start_updating_ [Info]: 
    Number of local nodes: 1266
    Simulation time (ms): 100000
    Number of OpenMP threads: 8
    Not using MPI

Aug 06 14:42:53 SimulationManager::run [Info]: 
    Simulation finished.
Simulation finished in 5.5s
  spikes       param=0.5    x=0.5  (dt/tau=0.5)  AUC=0.668  corr=0.324
  spikes       param=1      x=1  (dt/tau=1)  AUC=0.777  corr=0.407
  spikes       param=2      x=2  (dt/tau=2)  AUC=0.778  corr=0.422
  spikes       param=5      x=5  (dt/tau=5)  AUC=0.710  corr=0.534
  spikes       param=10     x=10  (dt/tau=10)  AUC=0.652  corr=0.510
  spikes       param=20     x=20  (dt/tau=20)  AUC=0.591  corr=0.351
  spikes       param=50     x=50  (dt/tau=50)  AUC=0.513  corr=0.102
  deconv_tau   param=0.5    x=0.5  (dt/tau=66)  AUC=0.499  corr=0.003
  deconv_tau   param=1      x=1  (dt/tau=33)  AUC=0.500  corr=0.006
  deconv_tau   param=2      x=2  (dt/tau=16.5)  AUC=0.499  corr=0.010
  deconv_tau   param=5      x=5  (dt/tau=6.6)  AUC=0.501  corr=0.018
  deconv_tau   param=10     x=10  (dt/tau=3.3)  AUC=0.503  corr=0.043
  deconv_tau   param=20     x=20  (dt/tau=1.65)  AUC=0.512  corr=0.088
  deconv_tau   param=50     x=50  (dt/tau=0.66)  AUC=0.524  corr=0.132
  deconv_tau   param=100    x=100  (dt/tau=0.33)  AUC=0.528  corr=0.147
  deconv_tau   param=200    x=200  (dt/tau=0.165)  AUC=0.530  corr=0.153
  deconv_tau   param=400    x=400  (dt/tau=0.0825)  AUC=0.530  corr=0.155
  deconv_tau   param=800    x=800  (dt/tau=0.04125)  AUC=0.529  corr=0.155
  deconv_tau   param=1600   x=1600  (dt/tau=0.02063)  AUC=0.529  corr=0.157
  raw_tau      param=0.5    x=0.5  (dt/tau=66)  AUC=0.499  corr=0.002
  raw_tau      param=1      x=1  (dt/tau=33)  AUC=0.499  corr=0.006
  raw_tau      param=2      x=2  (dt/tau=16.5)  AUC=0.498  corr=0.011
  raw_tau      param=5      x=5  (dt/tau=6.6)  AUC=0.499  corr=0.021
  raw_tau      param=10     x=10  (dt/tau=3.3)  AUC=0.504  corr=0.053
  raw_tau      param=20     x=20  (dt/tau=1.65)  AUC=0.517  corr=0.110
  raw_tau      param=50     x=50  (dt/tau=0.66)  AUC=0.529  corr=0.154
  raw_tau      param=100    x=100  (dt/tau=0.33)  AUC=0.528  corr=0.154
  raw_tau      param=200    x=200  (dt/tau=0.165)  AUC=0.524  corr=0.144
  raw_tau      param=400    x=400  (dt/tau=0.0825)  AUC=0.521  corr=0.136
  raw_tau      param=800    x=800  (dt/tau=0.04125)  AUC=0.520  corr=0.133
  raw_tau      param=1600   x=1600  (dt/tau=0.02063)  AUC=0.520  corr=0.132
  deconv_rate  param=0.1    x=0.1  (dt/tau=0.001)  AUC=0.809  corr=0.432
  deconv_rate  param=0.5    x=0.5  (dt/tau=0.005)  AUC=0.766  corr=0.377
  deconv_rate  param=1      x=1  (dt/tau=0.01)  AUC=0.736  corr=0.346
  deconv_rate  param=2      x=2  (dt/tau=0.02)  AUC=0.736  corr=0.402
  deconv_rate  param=5      x=5  (dt/tau=0.05)  AUC=0.683  corr=0.493
  deconv_rate  param=10     x=10  (dt/tau=0.1)  AUC=0.625  corr=0.432
  deconv_rate  param=20     x=20  (dt/tau=0.2)  AUC=0.570  corr=0.278
  deconv_rate  param=33     x=33  (dt/tau=0.33)  AUC=0.528  corr=0.147
  deconv_rate  param=50     x=50  (dt/tau=0.5)  AUC=0.505  corr=0.059
  deconv_rate  param=100    x=100  (dt/tau=1)  AUC=0.500  corr=0.012
  deconv_rate  param=200    x=200  (dt/tau=2)  AUC=0.499  corr=0.003
  deconv_rate  param=500    x=500  (dt/tau=5)  AUC=0.501  corr=-0.004
  deconv_rate  param=1000   x=1000  (dt/tau=10)  AUC=0.501  corr=0.000
  raw_rate     param=0.1    x=0.1  (dt/tau=0.001)  AUC=0.696  corr=0.545
  raw_rate     param=0.5    x=0.5  (dt/tau=0.005)  AUC=0.692  corr=0.540
  raw_rate     param=1      x=1  (dt/tau=0.01)  AUC=0.689  corr=0.535
  raw_rate     param=2      x=2  (dt/tau=0.02)  AUC=0.686  corr=0.528
  raw_rate     param=5      x=5  (dt/tau=0.05)  AUC=0.644  corr=0.507
  raw_rate     param=10     x=10  (dt/tau=0.1)  AUC=0.611  corr=0.427
  raw_rate     param=20     x=20  (dt/tau=0.2)  AUC=0.566  corr=0.274
  raw_rate     param=33     x=33  (dt/tau=0.33)  AUC=0.528  corr=0.154
  raw_rate     param=50     x=50  (dt/tau=0.5)  AUC=0.506  corr=0.068
  raw_rate     param=100    x=100  (dt/tau=1)  AUC=0.501  corr=0.012
  raw_rate     param=200    x=200  (dt/tau=2)  AUC=0.500  corr=0.006
  raw_rate     param=500    x=500  (dt/tau=5)  AUC=0.501  corr=-0.003
  raw_rate     param=1000   x=1000  (dt/tau=10)  AUC=0.499  corr=0.001

wrote /work/classic/fr_mj200-calcium_ar/results/fig_data/r2_data.npz
done: Thu Aug  6 15:14:52 CEST 2026
-rw-r--r-- 1 fr_mj200 fr_fr 8.1K Aug  6 15:14 /work/classic/fr_mj200-calcium_ar/results/fig_data/r2_data.npz

rsync -avhz fr_mj200@login1.nemo.uni-freiburg.de:/work/classic/fr_mj200-calcium_ar/results/fig_data/r2_data.npz ~/calcium_results/fig_data/
