host: n3214   git: 9748694e515649f80fe9c0afe3fc081728de6ea0   date: Fri Aug 28 10:57:48 CEST 2026
simulating n1250_r4 for 500000 ms ...
[INFO] [2026.8.28 10:57:51 /home/conda/feedstock_root/build_artifacts/nest-simulator_1744013459969/work/nestkernel/vp_manager.cpp:74 @ VPManager::initialize()] : OMP_NUM_THREADS is set in your environment, but NEST ignores it.
For details, see the Guide to parallel computing in the NEST Documentation.

              -- N E S T --
  Copyright (C) 2004 The NEST Initiative

 Version: 3.8.0
 Built: Apr  7 2025 08:14:12

 This program is provided AS IS and comes with
 NO WARRANTY. See the file LICENSE for details.

 Problems or suggestions?
   Visit https://www.nest-simulator.org

 Type 'nest.help()' to find out more about NEST.


Aug 28 10:57:51 VPManager::initialize() [Info]: 
    OMP_NUM_THREADS is set in your environment, but NEST ignores it.
    For details, see the Guide to parallel computing in the NEST Documentation.

Aug 28 10:57:51 SimulationManager::set_status [Info]: 
    Temporal resolution changed from 0.1 to 0.1 ms.

Aug 28 10:57:51 NodeManager::prepare_nodes [Info]: 
    Preparing 1266 nodes for simulation.

Aug 28 10:57:51 SimulationManager::start_updating_ [Info]: 
    Number of local nodes: 1266
    Simulation time (ms): 500000
    Number of OpenMP threads: 8
    Not using MPI

Aug 28 10:58:26 SimulationManager::run [Info]: 
    Simulation finished.
Simulation finished in 35.5s
  spikes       param=0.5    x=0.5  (dt/tau=0.5)  AUC=0.802  corr=0.680
  spikes       param=1      x=1  (dt/tau=1)  AUC=0.930  corr=0.715
  spikes       param=2      x=2  (dt/tau=2)  AUC=0.914  corr=0.706
  spikes       param=5      x=5  (dt/tau=5)  AUC=0.849  corr=0.826
  spikes       param=10     x=10  (dt/tau=10)  AUC=0.739  corr=0.762
  spikes       param=20     x=20  (dt/tau=20)  AUC=0.652  corr=0.613
  spikes       param=50     x=50  (dt/tau=50)  AUC=0.550  corr=0.304
  deconv_tau   param=0.5    x=0.5  (dt/tau=0.2)  AUC=0.865  corr=0.550
  deconv_tau   param=1      x=1  (dt/tau=0.1)  AUC=0.883  corr=0.537
  deconv_tau   param=2      x=2  (dt/tau=0.05)  AUC=0.910  corr=0.591
  deconv_tau   param=5      x=5  (dt/tau=0.02)  AUC=0.933  corr=0.659
  deconv_tau   param=10     x=10  (dt/tau=0.01)  AUC=0.944  corr=0.703
  deconv_tau   param=20     x=20  (dt/tau=0.005)  AUC=0.943  corr=0.706
  deconv_tau   param=50     x=50  (dt/tau=0.002)  AUC=0.943  corr=0.712
  deconv_tau   param=100    x=100  (dt/tau=0.001)  AUC=0.943  corr=0.713
  deconv_tau   param=200    x=200  (dt/tau=0.0005)  AUC=0.943  corr=0.715
  deconv_tau   param=400    x=400  (dt/tau=0.00025)  AUC=0.943  corr=0.716
  deconv_tau   param=800    x=800  (dt/tau=0.000125)  AUC=0.943  corr=0.718
  deconv_tau   param=1600   x=1600  (dt/tau=6.25e-05)  AUC=0.943  corr=0.718
  raw_tau      param=0.5    x=0.5  (dt/tau=0.2)  AUC=0.907  corr=0.704
  raw_tau      param=1      x=1  (dt/tau=0.1)  AUC=0.916  corr=0.729
  raw_tau      param=2      x=2  (dt/tau=0.05)  AUC=0.931  corr=0.777
  raw_tau      param=5      x=5  (dt/tau=0.02)  AUC=0.963  corr=0.855
  raw_tau      param=10     x=10  (dt/tau=0.01)  AUC=0.980  corr=0.898
  raw_tau      param=20     x=20  (dt/tau=0.005)  AUC=0.979  corr=0.918
  raw_tau      param=50     x=50  (dt/tau=0.002)  AUC=0.923  corr=0.901
  raw_tau      param=100    x=100  (dt/tau=0.001)  AUC=0.825  corr=0.856
  raw_tau      param=200    x=200  (dt/tau=0.0005)  AUC=0.730  corr=0.780
  raw_tau      param=400    x=400  (dt/tau=0.00025)  AUC=0.673  corr=0.697
  raw_tau      param=800    x=800  (dt/tau=0.000125)  AUC=0.651  corr=0.650
  raw_tau      param=1600   x=1600  (dt/tau=6.25e-05)  AUC=0.645  corr=0.634
  deconv_rate  param=0.1    x=0.1  (dt/tau=0.001)  AUC=0.943  corr=0.713
  deconv_rate  param=0.5    x=0.5  (dt/tau=0.005)  AUC=0.918  corr=0.670
  deconv_rate  param=1      x=1  (dt/tau=0.01)  AUC=0.881  corr=0.626
  deconv_rate  param=2      x=2  (dt/tau=0.02)  AUC=0.909  corr=0.740
  deconv_rate  param=5      x=5  (dt/tau=0.05)  AUC=0.849  corr=0.842
  deconv_rate  param=10     x=10  (dt/tau=0.1)  AUC=0.697  corr=0.722
  deconv_rate  param=20     x=20  (dt/tau=0.2)  AUC=0.620  corr=0.555
  deconv_rate  param=33     x=33  (dt/tau=0.33)  AUC=0.575  corr=0.381
  deconv_rate  param=50     x=50  (dt/tau=0.5)  AUC=0.541  corr=0.241
  deconv_rate  param=100    x=100  (dt/tau=1)  AUC=0.507  corr=0.075
  deconv_rate  param=200    x=200  (dt/tau=2)  AUC=0.505  corr=0.009
  deconv_rate  param=500    x=500  (dt/tau=5)  AUC=0.501  corr=0.003
  deconv_rate  param=1000   x=1000  (dt/tau=10)  AUC=0.505  corr=0.003
  raw_rate     param=0.1    x=0.1  (dt/tau=0.001)  AUC=0.825  corr=0.856
  raw_rate     param=0.5    x=0.5  (dt/tau=0.005)  AUC=0.824  corr=0.855
  raw_rate     param=1      x=1  (dt/tau=0.01)  AUC=0.823  corr=0.854
  raw_rate     param=2      x=2  (dt/tau=0.02)  AUC=0.821  corr=0.853
  raw_rate     param=5      x=5  (dt/tau=0.05)  AUC=0.728  corr=0.815
  raw_rate     param=10     x=10  (dt/tau=0.1)  AUC=0.646  corr=0.707
  raw_rate     param=20     x=20  (dt/tau=0.2)  AUC=0.595  corr=0.541
  raw_rate     param=33     x=33  (dt/tau=0.33)  AUC=0.564  corr=0.387
  raw_rate     param=50     x=50  (dt/tau=0.5)  AUC=0.539  corr=0.261
  raw_rate     param=100    x=100  (dt/tau=1)  AUC=0.509  corr=0.095
  raw_rate     param=200    x=200  (dt/tau=2)  AUC=0.500  corr=0.019
  raw_rate     param=500    x=500  (dt/tau=5)  AUC=0.500  corr=-0.000
  raw_rate     param=1000   x=1000  (dt/tau=10)  AUC=0.500  corr=0.001

wrote /work/classic/fr_mj200-calcium_ar/results/fig_data/r2_data_r4_camdefault.npz
done: Fri Aug 28 14:46:16 CEST 2026
-rw-r--r-- 1 fr_mj200 fr_fr 8.1K Aug 28 14:46 /work/classic/fr_mj200-calcium_ar/results/fig_data/r2_data_r4_camdefault.npz

rsync -avhz fr_mj200@login1.nemo.uni-freiburg.de:/work/classic/fr_mj200-calcium_ar/results/fig_data/r2_data_r4_camdefault.npz ~/calcium_results/fig_data/
