host: n4503   git: 7e524faf7312e6688d23120e8752ca6208d25c71   date: Thu Aug 27 19:23:11 CEST 2026
simulating n1250_r4 for 500000 ms ...
[INFO] [2026.8.27 19:23:13 /home/conda/feedstock_root/build_artifacts/nest-simulator_1744013459969/work/nestkernel/vp_manager.cpp:74 @ VPManager::initialize()] : OMP_NUM_THREADS is set in your environment, but NEST ignores it.
For details, see the Guide to parallel computing in the NEST Documentation.

              -- N E S T --
  Copyright (C) 2004 The NEST Initiative

 Version: 3.8.0
 Built: Apr  7 2025 08:14:12

 This program is provided AS IS and comes with
 NO WARRANTY. See the file LICENSE for details.

 Problems or suggestions?
   Visit https://www.nest-simulator.org

 Type 'nest.help()' to find out more about NEST.


Aug 27 19:23:13 VPManager::initialize() [Info]: 
    OMP_NUM_THREADS is set in your environment, but NEST ignores it.
    For details, see the Guide to parallel computing in the NEST Documentation.

Aug 27 19:23:13 SimulationManager::set_status [Info]: 
    Temporal resolution changed from 0.1 to 0.1 ms.

Aug 27 19:23:13 NodeManager::prepare_nodes [Info]: 
    Preparing 1266 nodes for simulation.

Aug 27 19:23:13 SimulationManager::start_updating_ [Info]: 
    Number of local nodes: 1266
    Simulation time (ms): 500000
    Number of OpenMP threads: 8
    Not using MPI

Aug 27 19:23:45 SimulationManager::run [Info]: 
    Simulation finished.
Simulation finished in 31.9s
  spikes       param=0.5    x=0.5  (dt/tau=0.5)  AUC=0.802  corr=0.680
  spikes       param=1      x=1  (dt/tau=1)  AUC=0.930  corr=0.715
  spikes       param=2      x=2  (dt/tau=2)  AUC=0.914  corr=0.706
  spikes       param=5      x=5  (dt/tau=5)  AUC=0.849  corr=0.826
  spikes       param=10     x=10  (dt/tau=10)  AUC=0.739  corr=0.762
  spikes       param=20     x=20  (dt/tau=20)  AUC=0.652  corr=0.613
  spikes       param=50     x=50  (dt/tau=50)  AUC=0.550  corr=0.304
  deconv_tau   param=0.5    x=0.5  (dt/tau=0.2)  AUC=0.865  corr=0.550
  deconv_tau   param=1      x=1  (dt/tau=0.1)  AUC=0.883  corr=0.537
  deconv_tau   param=2      x=2  (dt/tau=0.05)  AUC=0.910  corr=0.591
  deconv_tau   param=5      x=5  (dt/tau=0.02)  AUC=0.933  corr=0.659
  deconv_tau   param=10     x=10  (dt/tau=0.01)  AUC=0.944  corr=0.703
  deconv_tau   param=20     x=20  (dt/tau=0.005)  AUC=0.943  corr=0.706
  deconv_tau   param=50     x=50  (dt/tau=0.002)  AUC=0.943  corr=0.712
  deconv_tau   param=100    x=100  (dt/tau=0.001)  AUC=0.943  corr=0.713
  deconv_tau   param=200    x=200  (dt/tau=0.0005)  AUC=0.943  corr=0.715
  deconv_tau   param=400    x=400  (dt/tau=0.00025)  AUC=0.943  corr=0.716
  deconv_tau   param=800    x=800  (dt/tau=0.000125)  AUC=0.943  corr=0.718
  deconv_tau   param=1600   x=1600  (dt/tau=6.25e-05)  AUC=0.943  corr=0.718
  raw_tau      param=0.5    x=0.5  (dt/tau=0.2)  AUC=0.908  corr=0.705
  raw_tau      param=1      x=1  (dt/tau=0.1)  AUC=0.917  corr=0.729
  raw_tau      param=2      x=2  (dt/tau=0.05)  AUC=0.931  corr=0.777
  raw_tau      param=5      x=5  (dt/tau=0.02)  AUC=0.963  corr=0.854
  raw_tau      param=10     x=10  (dt/tau=0.01)  AUC=0.979  corr=0.898
  raw_tau      param=20     x=20  (dt/tau=0.005)  AUC=0.979  corr=0.917
  raw_tau      param=50     x=50  (dt/tau=0.002)  AUC=0.925  corr=0.901
  raw_tau      param=100    x=100  (dt/tau=0.001)  AUC=0.833  corr=0.859
  raw_tau      param=200    x=200  (dt/tau=0.0005)  AUC=0.746  corr=0.794
  raw_tau      param=400    x=400  (dt/tau=0.00025)  AUC=0.695  corr=0.729
  raw_tau      param=800    x=800  (dt/tau=0.000125)  AUC=0.672  corr=0.688
  raw_tau      param=1600   x=1600  (dt/tau=6.25e-05)  AUC=0.661  corr=0.663
  deconv_rate  param=0.1    x=0.1  (dt/tau=0.001)  AUC=0.943  corr=0.713
  deconv_rate  param=0.5    x=0.5  (dt/tau=0.005)  AUC=0.919  corr=0.674
  deconv_rate  param=1      x=1  (dt/tau=0.01)  AUC=0.880  corr=0.623
  deconv_rate  param=2      x=2  (dt/tau=0.02)  AUC=0.910  corr=0.741
/var/spool/slurm/slurmd/job7885769/slurm_script: line 40: 3988187 Killed                  "$PY" scripts/fig_r2_compute.py --net n1250_r4 --T-ms 500000 --fixed-cam-ms 0.1 --out "$OUT/r2_data_r4_camdefault.npz"
[2026-08-27T22:08:59.135] error: Detected 1 oom_kill event in StepId=7885769.batch. Some of the step tasks have been OOM Killed.
