host: g3608   git: 819396c550a94c07c2c4fe176f6737ccbd6168f2   date: Fri Aug  7 22:12:15 CEST 2026   PY=/work/classic/fr_mj200-calcium_ar/env-gpu/bin/python
torch 2.6.0+cu124 cuda True
net=n2500_r4 g=8.0 eta=1.5  sweep(ms)=[100000.0, 200000.0, 500000.0, 1000000.0, 2000000.0, 5000000.0]  seeds=[1, 2, 3, 4, 5]  chunk_ms=5000.0
[seed 1] loading cached ground truth n2500_r4_seed1_T5000k_2c8b44cb0a.npz (skipping NEST; config verified)
[seed 1] streaming moments + checkpoints ...
[seed 1] T=100000ms SAVED -> /work/classic/fr_mj200-calcium_ar/results/wrapup_n2500r4_T100k/seed1  |ols|max=2.92e-02
[seed 1] T=200000ms SAVED -> /work/classic/fr_mj200-calcium_ar/results/wrapup_n2500r4_T200k/seed1  |ols|max=2.63e-02
[seed 1] T=500000ms SAVED -> /work/classic/fr_mj200-calcium_ar/results/wrapup_n2500r4_T500k/seed1  |ols|max=2.42e-02
[seed 1] T=1000000ms SAVED -> /work/classic/fr_mj200-calcium_ar/results/wrapup_n2500r4_T1000k/seed1  |ols|max=2.45e-02
[seed 1] T=2000000ms SAVED -> /work/classic/fr_mj200-calcium_ar/results/wrapup_n2500r4_T2000k/seed1  |ols|max=2.43e-02
[seed 1] T=5000000ms SAVED -> /work/classic/fr_mj200-calcium_ar/results/wrapup_n2500r4_T5000k/seed1  |ols|max=2.42e-02
[seed 1] mean rate 14.0 Hz  (all checkpoints saved)
[seed 2] simulating 5000000 ms (densify=False) ...
[INFO] [2026.8.7 22:34:10 /home/conda/feedstock_root/build_artifacts/nest-simulator_1744013459969/work/nestkernel/vp_manager.cpp:74 @ VPManager::initialize()] : OMP_NUM_THREADS is set in your environment, but NEST ignores it.
For details, see the Guide to parallel computing in the NEST Documentation.

              -- N E S T --
  Copyright (C) 2004 The NEST Initiative

 Version: 3.8.0
 Built: Apr  7 2025 08:14:12

 This program is provided AS IS and comes with
 NO WARRANTY. See the file LICENSE for details.

 Problems or suggestions?
   Visit https://www.nest-simulator.org

 Type 'nest.help()' to find out more about NEST.


Aug 07 22:34:10 VPManager::initialize() [Info]: 
    OMP_NUM_THREADS is set in your environment, but NEST ignores it.
    For details, see the Guide to parallel computing in the NEST Documentation.

Aug 07 22:34:10 SimulationManager::set_status [Info]: 
    Temporal resolution changed from 0.1 to 0.1 ms.

Aug 07 22:34:10 NodeManager::prepare_nodes [Info]: 
    Preparing 2516 nodes for simulation.

Aug 07 22:34:10 SimulationManager::start_updating_ [Info]: 
    Number of local nodes: 2516
    Simulation time (ms): 5e+06
    Number of OpenMP threads: 8
    Not using MPI

Aug 07 22:42:40 SimulationManager::run [Info]: 
    Simulation finished.
Simulation finished in 510.2s
[seed 2] cached ground truth -> n2500_r4_seed2_T5000k_d656f3abcb.npz
[seed 2] streaming moments + checkpoints ...
[seed 2] T=100000ms SAVED -> /work/classic/fr_mj200-calcium_ar/results/wrapup_n2500r4_T100k/seed2  |ols|max=2.88e-02
[seed 2] T=200000ms SAVED -> /work/classic/fr_mj200-calcium_ar/results/wrapup_n2500r4_T200k/seed2  |ols|max=2.71e-02
[seed 2] T=500000ms SAVED -> /work/classic/fr_mj200-calcium_ar/results/wrapup_n2500r4_T500k/seed2  |ols|max=2.70e-02
[seed 2] T=1000000ms SAVED -> /work/classic/fr_mj200-calcium_ar/results/wrapup_n2500r4_T1000k/seed2  |ols|max=2.77e-02
[seed 2] T=2000000ms SAVED -> /work/classic/fr_mj200-calcium_ar/results/wrapup_n2500r4_T2000k/seed2  |ols|max=2.80e-02
[seed 2] T=5000000ms SAVED -> /work/classic/fr_mj200-calcium_ar/results/wrapup_n2500r4_T5000k/seed2  |ols|max=2.78e-02
[seed 2] mean rate 14.0 Hz  (all checkpoints saved)
[seed 3] simulating 5000000 ms (densify=False) ...

Aug 07 23:04:38 VPManager::initialize() [Info]: 
    OMP_NUM_THREADS is set in your environment, but NEST ignores it.
    For details, see the Guide to parallel computing in the NEST Documentation.

Aug 07 23:04:38 SimulationManager::set_status [Info]: 
    Temporal resolution changed from 0.1 to 0.1 ms.

Aug 07 23:04:38 NodeManager::prepare_nodes [Info]: 
    Preparing 2516 nodes for simulation.

Aug 07 23:04:38 SimulationManager::start_updating_ [Info]: 
    Number of local nodes: 2516
    Simulation time (ms): 5e+06
    Number of OpenMP threads: 8
    Not using MPI

Aug 07 23:13:14 SimulationManager::run [Info]: 
    Simulation finished.
Simulation finished in 515.8s
[seed 3] cached ground truth -> n2500_r4_seed3_T5000k_9f46611ac8.npz
[seed 3] streaming moments + checkpoints ...
[seed 3] T=100000ms SAVED -> /work/classic/fr_mj200-calcium_ar/results/wrapup_n2500r4_T100k/seed3  |ols|max=3.33e-02
[seed 3] T=200000ms SAVED -> /work/classic/fr_mj200-calcium_ar/results/wrapup_n2500r4_T200k/seed3  |ols|max=2.71e-02
[seed 3] T=500000ms SAVED -> /work/classic/fr_mj200-calcium_ar/results/wrapup_n2500r4_T500k/seed3  |ols|max=2.85e-02
[seed 3] T=1000000ms SAVED -> /work/classic/fr_mj200-calcium_ar/results/wrapup_n2500r4_T1000k/seed3  |ols|max=2.84e-02
[seed 3] T=2000000ms SAVED -> /work/classic/fr_mj200-calcium_ar/results/wrapup_n2500r4_T2000k/seed3  |ols|max=2.83e-02
[seed 3] T=5000000ms SAVED -> /work/classic/fr_mj200-calcium_ar/results/wrapup_n2500r4_T5000k/seed3  |ols|max=2.84e-02
[seed 3] mean rate 14.2 Hz  (all checkpoints saved)
[seed 4] simulating 5000000 ms (densify=False) ...

Aug 07 23:35:38 VPManager::initialize() [Info]: 
    OMP_NUM_THREADS is set in your environment, but NEST ignores it.
    For details, see the Guide to parallel computing in the NEST Documentation.

Aug 07 23:35:38 SimulationManager::set_status [Info]: 
    Temporal resolution changed from 0.1 to 0.1 ms.

Aug 07 23:35:38 NodeManager::prepare_nodes [Info]: 
    Preparing 2516 nodes for simulation.

Aug 07 23:35:38 SimulationManager::start_updating_ [Info]: 
    Number of local nodes: 2516
    Simulation time (ms): 5e+06
    Number of OpenMP threads: 8
    Not using MPI

Aug 07 23:44:08 SimulationManager::run [Info]: 
    Simulation finished.
Simulation finished in 510.0s
[seed 4] cached ground truth -> n2500_r4_seed4_T5000k_1805a33bb9.npz
[seed 4] streaming moments + checkpoints ...
[seed 4] T=100000ms SAVED -> /work/classic/fr_mj200-calcium_ar/results/wrapup_n2500r4_T100k/seed4  |ols|max=3.08e-02
[seed 4] T=200000ms SAVED -> /work/classic/fr_mj200-calcium_ar/results/wrapup_n2500r4_T200k/seed4  |ols|max=2.97e-02
[seed 4] T=500000ms SAVED -> /work/classic/fr_mj200-calcium_ar/results/wrapup_n2500r4_T500k/seed4  |ols|max=2.65e-02
[seed 4] T=1000000ms SAVED -> /work/classic/fr_mj200-calcium_ar/results/wrapup_n2500r4_T1000k/seed4  |ols|max=2.61e-02
[seed 4] T=2000000ms SAVED -> /work/classic/fr_mj200-calcium_ar/results/wrapup_n2500r4_T2000k/seed4  |ols|max=2.64e-02
[seed 4] T=5000000ms SAVED -> /work/classic/fr_mj200-calcium_ar/results/wrapup_n2500r4_T5000k/seed4  |ols|max=2.66e-02
[seed 4] mean rate 13.8 Hz  (all checkpoints saved)
[seed 5] simulating 5000000 ms (densify=False) ...

Aug 08 00:06:21 VPManager::initialize() [Info]: 
    OMP_NUM_THREADS is set in your environment, but NEST ignores it.
    For details, see the Guide to parallel computing in the NEST Documentation.

Aug 08 00:06:21 SimulationManager::set_status [Info]: 
    Temporal resolution changed from 0.1 to 0.1 ms.

Aug 08 00:06:21 NodeManager::prepare_nodes [Info]: 
    Preparing 2516 nodes for simulation.

Aug 08 00:06:21 SimulationManager::start_updating_ [Info]: 
    Number of local nodes: 2516
    Simulation time (ms): 5e+06
    Number of OpenMP threads: 8
    Not using MPI

Aug 08 00:14:57 SimulationManager::run [Info]: 
    Simulation finished.
Simulation finished in 515.6s
[seed 5] cached ground truth -> n2500_r4_seed5_T5000k_28f291c350.npz
[seed 5] streaming moments + checkpoints ...
[seed 5] T=100000ms SAVED -> /work/classic/fr_mj200-calcium_ar/results/wrapup_n2500r4_T100k/seed5  |ols|max=2.97e-02
[seed 5] T=200000ms SAVED -> /work/classic/fr_mj200-calcium_ar/results/wrapup_n2500r4_T200k/seed5  |ols|max=2.74e-02
[seed 5] T=500000ms SAVED -> /work/classic/fr_mj200-calcium_ar/results/wrapup_n2500r4_T500k/seed5  |ols|max=2.63e-02
[seed 5] T=1000000ms SAVED -> /work/classic/fr_mj200-calcium_ar/results/wrapup_n2500r4_T1000k/seed5  |ols|max=2.57e-02
[seed 5] T=2000000ms SAVED -> /work/classic/fr_mj200-calcium_ar/results/wrapup_n2500r4_T2000k/seed5  |ols|max=2.63e-02
[seed 5] T=5000000ms SAVED -> /work/classic/fr_mj200-calcium_ar/results/wrapup_n2500r4_T5000k/seed5  |ols|max=2.70e-02
[seed 5] mean rate 14.1 Hz  (all checkpoints saved)

sweep complete
[seed1] ols       AUC=0.731 AUC_E=0.773 AUC_I=1.000 E_rec=0.263 I_rec=0.998 corr=0.515
[seed2] ols       AUC=0.730 AUC_E=0.772 AUC_I=1.000 E_rec=0.261 I_rec=0.998 corr=0.513
[seed3] ols       AUC=0.731 AUC_E=0.774 AUC_I=1.000 E_rec=0.264 I_rec=0.999 corr=0.519
[seed4] ols       AUC=0.728 AUC_E=0.771 AUC_I=1.000 E_rec=0.260 I_rec=0.998 corr=0.508
[seed5] ols       AUC=0.730 AUC_E=0.773 AUC_I=1.000 E_rec=0.261 I_rec=0.998 corr=0.513

wrote /work/classic/fr_mj200-calcium_ar/results/wrapup_n2500r4_T100k/metrics.csv  (5 rows)
[seed1] ols       AUC=0.795 AUC_E=0.837 AUC_I=1.000 E_rec=0.363 I_rec=1.000 corr=0.623
[seed2] ols       AUC=0.793 AUC_E=0.836 AUC_I=1.000 E_rec=0.359 I_rec=1.000 corr=0.620
[seed3] ols       AUC=0.796 AUC_E=0.839 AUC_I=1.000 E_rec=0.364 I_rec=1.000 corr=0.626
[seed4] ols       AUC=0.792 AUC_E=0.835 AUC_I=1.000 E_rec=0.357 I_rec=1.000 corr=0.616
[seed5] ols       AUC=0.795 AUC_E=0.837 AUC_I=1.000 E_rec=0.361 I_rec=1.000 corr=0.622

wrote /work/classic/fr_mj200-calcium_ar/results/wrapup_n2500r4_T200k/metrics.csv  (5 rows)
[seed1] ols       AUC=0.877 AUC_E=0.906 AUC_I=1.000 E_rec=0.506 I_rec=1.000 corr=0.728
[seed2] ols       AUC=0.875 AUC_E=0.905 AUC_I=1.000 E_rec=0.503 I_rec=1.000 corr=0.726
[seed3] ols       AUC=0.878 AUC_E=0.907 AUC_I=1.000 E_rec=0.507 I_rec=1.000 corr=0.731
[seed4] ols       AUC=0.874 AUC_E=0.903 AUC_I=1.000 E_rec=0.500 I_rec=1.000 corr=0.722
[seed5] ols       AUC=0.876 AUC_E=0.906 AUC_I=1.000 E_rec=0.504 I_rec=1.000 corr=0.727

wrote /work/classic/fr_mj200-calcium_ar/results/wrapup_n2500r4_T500k/metrics.csv  (5 rows)
[seed1] ols       AUC=0.919 AUC_E=0.938 AUC_I=1.000 E_rec=0.596 I_rec=1.000 corr=0.777
[seed2] ols       AUC=0.918 AUC_E=0.937 AUC_I=1.000 E_rec=0.591 I_rec=1.000 corr=0.774
[seed3] ols       AUC=0.920 AUC_E=0.938 AUC_I=1.000 E_rec=0.597 I_rec=1.000 corr=0.778
[seed4] ols       AUC=0.917 AUC_E=0.936 AUC_I=1.000 E_rec=0.589 I_rec=1.000 corr=0.771
[seed5] ols       AUC=0.919 AUC_E=0.937 AUC_I=1.000 E_rec=0.593 I_rec=1.000 corr=0.775

wrote /work/classic/fr_mj200-calcium_ar/results/wrapup_n2500r4_T1000k/metrics.csv  (5 rows)
[seed1] ols       AUC=0.944 AUC_E=0.955 AUC_I=1.000 E_rec=0.656 I_rec=1.000 corr=0.804
[seed2] ols       AUC=0.942 AUC_E=0.954 AUC_I=1.000 E_rec=0.651 I_rec=1.000 corr=0.802
[seed3] ols       AUC=0.944 AUC_E=0.956 AUC_I=1.000 E_rec=0.656 I_rec=1.000 corr=0.806
[seed4] ols       AUC=0.942 AUC_E=0.954 AUC_I=1.000 E_rec=0.650 I_rec=1.000 corr=0.800
[seed5] ols       AUC=0.943 AUC_E=0.955 AUC_I=1.000 E_rec=0.654 I_rec=1.000 corr=0.803

wrote /work/classic/fr_mj200-calcium_ar/results/wrapup_n2500r4_T2000k/metrics.csv  (5 rows)
[seed1] ols       AUC=0.956 AUC_E=0.964 AUC_I=1.000 E_rec=0.692 I_rec=1.000 corr=0.820
[seed2] ols       AUC=0.957 AUC_E=0.965 AUC_I=1.000 E_rec=0.694 I_rec=1.000 corr=0.820
[seed3] ols       AUC=0.959 AUC_E=0.966 AUC_I=1.000 E_rec=0.698 I_rec=1.000 corr=0.824
[seed4] ols       AUC=0.957 AUC_E=0.965 AUC_I=1.000 E_rec=0.692 I_rec=1.000 corr=0.818
[seed5] ols       AUC=0.958 AUC_E=0.966 AUC_I=1.000 E_rec=0.696 I_rec=1.000 corr=0.821

wrote /work/classic/fr_mj200-calcium_ar/results/wrapup_n2500r4_T5000k/metrics.csv  (5 rows)
done: Sat Aug  8 00:40:13 CEST 2026
--- copy home just these: ---
-rw-r--r-- 1 fr_mj200 fr_fr 1.3K Aug  8 00:39 /work/classic/fr_mj200-calcium_ar/results/wrapup_n2500r4_T1000k/metrics.csv
-rw-r--r-- 1 fr_mj200 fr_fr 1.3K Aug  8 00:37 /work/classic/fr_mj200-calcium_ar/results/wrapup_n2500r4_T100k/metrics.csv
-rw-r--r-- 1 fr_mj200 fr_fr 1.3K Aug  8 00:39 /work/classic/fr_mj200-calcium_ar/results/wrapup_n2500r4_T2000k/metrics.csv
-rw-r--r-- 1 fr_mj200 fr_fr 1.3K Aug  8 00:38 /work/classic/fr_mj200-calcium_ar/results/wrapup_n2500r4_T200k/metrics.csv
-rw-r--r-- 1 fr_mj200 fr_fr  354 Jul 23 22:55 /work/classic/fr_mj200-calcium_ar/results/wrapup_n2500r4_T400k/metrics.csv
-rw-r--r-- 1 fr_mj200 fr_fr 1.3K Aug  8 00:40 /work/classic/fr_mj200-calcium_ar/results/wrapup_n2500r4_T5000k/metrics.csv
-rw-r--r-- 1 fr_mj200 fr_fr 1.3K Aug  8 00:38 /work/classic/fr_mj200-calcium_ar/results/wrapup_n2500r4_T500k/metrics.csv
