host: g3609   git: 31f43636f01975d30d0eae17ca6b61a0530eb72e   date: Thu Aug  6 22:31:15 CEST 2026   PY=/work/classic/fr_mj200-calcium_ar/env-gpu/bin/python
torch 2.6.0+cu124 cuda True
net=n2500_r4 g=8.0 eta=1.5  sweep(ms)=[100000.0, 200000.0, 500000.0, 1000000.0, 2000000.0, 5000000.0]  seeds=[1]  chunk_ms=5000.0
[seed 1] simulating 5000000 ms (densify=False) ...
[INFO] [2026.8.6 22:31:19 /home/conda/feedstock_root/build_artifacts/nest-simulator_1744013459969/work/nestkernel/vp_manager.cpp:74 @ VPManager::initialize()] : OMP_NUM_THREADS is set in your environment, but NEST ignores it.
For details, see the Guide to parallel computing in the NEST Documentation.

              -- N E S T --
  Copyright (C) 2004 The NEST Initiative

 Version: 3.8.0
 Built: Apr  7 2025 08:14:12

 This program is provided AS IS and comes with
 NO WARRANTY. See the file LICENSE for details.

 Problems or suggestions?
   Visit https://www.nest-simulator.org

 Type 'nest.help()' to find out more about NEST.


Aug 06 22:31:19 VPManager::initialize() [Info]: 
    OMP_NUM_THREADS is set in your environment, but NEST ignores it.
    For details, see the Guide to parallel computing in the NEST Documentation.

Aug 06 22:31:19 SimulationManager::set_status [Info]: 
    Temporal resolution changed from 0.1 to 0.1 ms.

Aug 06 22:31:19 NodeManager::prepare_nodes [Info]: 
    Preparing 2516 nodes for simulation.

Aug 06 22:31:19 SimulationManager::start_updating_ [Info]: 
    Number of local nodes: 2516
    Simulation time (ms): 5e+06
    Number of OpenMP threads: 8
    Not using MPI

Aug 06 22:39:50 SimulationManager::run [Info]: 
    Simulation finished.
Simulation finished in 511.3s
[seed 1] cached ground truth -> n2500_r4_seed1_T5000k_2c8b44cb0a.npz
[seed 1] streaming moments + checkpoints ...
[seed 1] T=100000ms SAVED -> /work/classic/fr_mj200-calcium_ar/results/wrapup_n2500r4_T100k/seed1  |ols|max=2.92e-02
[seed 1] T=200000ms SAVED -> /work/classic/fr_mj200-calcium_ar/results/wrapup_n2500r4_T200k/seed1  |ols|max=2.63e-02
[seed 1] T=500000ms SAVED -> /work/classic/fr_mj200-calcium_ar/results/wrapup_n2500r4_T500k/seed1  |ols|max=2.42e-02
[seed 1] T=1000000ms SAVED -> /work/classic/fr_mj200-calcium_ar/results/wrapup_n2500r4_T1000k/seed1  |ols|max=2.45e-02
[seed 1] T=2000000ms SAVED -> /work/classic/fr_mj200-calcium_ar/results/wrapup_n2500r4_T2000k/seed1  |ols|max=2.44e-02
[seed 1] T=5000000ms SAVED -> /work/classic/fr_mj200-calcium_ar/results/wrapup_n2500r4_T5000k/seed1  |ols|max=2.41e-02
[seed 1] mean rate 14.0 Hz  (all checkpoints saved)

sweep complete
[seed1] ols       AUC=0.731 AUC_E=0.773 AUC_I=1.000 E_rec=0.263 I_rec=0.998 corr=0.515

wrote /work/classic/fr_mj200-calcium_ar/results/wrapup_n2500r4_T100k/metrics.csv  (1 rows)
[seed1] ols       AUC=0.795 AUC_E=0.837 AUC_I=1.000 E_rec=0.363 I_rec=1.000 corr=0.623

wrote /work/classic/fr_mj200-calcium_ar/results/wrapup_n2500r4_T200k/metrics.csv  (1 rows)
[seed1] ols       AUC=0.877 AUC_E=0.906 AUC_I=1.000 E_rec=0.506 I_rec=1.000 corr=0.728

wrote /work/classic/fr_mj200-calcium_ar/results/wrapup_n2500r4_T500k/metrics.csv  (1 rows)
[seed1] ols       AUC=0.919 AUC_E=0.938 AUC_I=1.000 E_rec=0.597 I_rec=1.000 corr=0.777

wrote /work/classic/fr_mj200-calcium_ar/results/wrapup_n2500r4_T1000k/metrics.csv  (1 rows)
[seed1] ols       AUC=0.944 AUC_E=0.955 AUC_I=1.000 E_rec=0.657 I_rec=1.000 corr=0.805

wrote /work/classic/fr_mj200-calcium_ar/results/wrapup_n2500r4_T2000k/metrics.csv  (1 rows)
[seed1] ols       AUC=0.959 AUC_E=0.966 AUC_I=1.000 E_rec=0.700 I_rec=1.000 corr=0.823

wrote /work/classic/fr_mj200-calcium_ar/results/wrapup_n2500r4_T5000k/metrics.csv  (1 rows)
done: Thu Aug  6 23:03:22 CEST 2026
--- copy home just these: ---
-rw-r--r-- 1 fr_mj200 fr_fr 354 Aug  6 23:03 /work/classic/fr_mj200-calcium_ar/results/wrapup_n2500r4_T1000k/metrics.csv
-rw-r--r-- 1 fr_mj200 fr_fr 354 Aug  6 23:02 /work/classic/fr_mj200-calcium_ar/results/wrapup_n2500r4_T100k/metrics.csv
-rw-r--r-- 1 fr_mj200 fr_fr 353 Aug  6 23:03 /work/classic/fr_mj200-calcium_ar/results/wrapup_n2500r4_T2000k/metrics.csv
-rw-r--r-- 1 fr_mj200 fr_fr 352 Aug  6 23:02 /work/classic/fr_mj200-calcium_ar/results/wrapup_n2500r4_T200k/metrics.csv
-rw-r--r-- 1 fr_mj200 fr_fr 354 Jul 23 22:55 /work/classic/fr_mj200-calcium_ar/results/wrapup_n2500r4_T400k/metrics.csv
-rw-r--r-- 1 fr_mj200 fr_fr 339 Aug  6 23:03 /work/classic/fr_mj200-calcium_ar/results/wrapup_n2500r4_T5000k/metrics.csv
-rw-r--r-- 1 fr_mj200 fr_fr 352 Aug  6 23:02 /work/classic/fr_mj200-calcium_ar/results/wrapup_n2500r4_T500k/metrics.csv
