host: g3608   git: 31f43636f01975d30d0eae17ca6b61a0530eb72e   date: Thu Aug  6 22:42:14 CEST 2026   PY=/work/classic/fr_mj200-calcium_ar/env-gpu/bin/python
torch 2.6.0+cu124 cuda True
net=n5000_r4 g=8.0 eta=1.9  sweep(ms)=[100000.0, 200000.0, 500000.0, 1000000.0, 2000000.0, 5000000.0]  seeds=[1]  chunk_ms=5000.0
[seed 1] simulating 5000000 ms (densify=False) ...
[INFO] [2026.8.6 22:42:22 /home/conda/feedstock_root/build_artifacts/nest-simulator_1744013459969/work/nestkernel/vp_manager.cpp:74 @ VPManager::initialize()] : OMP_NUM_THREADS is set in your environment, but NEST ignores it.
For details, see the Guide to parallel computing in the NEST Documentation.

              -- N E S T --
  Copyright (C) 2004 The NEST Initiative

 Version: 3.8.0
 Built: Apr  7 2025 08:14:12

 This program is provided AS IS and comes with
 NO WARRANTY. See the file LICENSE for details.

 Problems or suggestions?
   Visit https://www.nest-simulator.org

 Type 'nest.help()' to find out more about NEST.


Aug 06 22:42:22 VPManager::initialize() [Info]: 
    OMP_NUM_THREADS is set in your environment, but NEST ignores it.
    For details, see the Guide to parallel computing in the NEST Documentation.

Aug 06 22:42:22 SimulationManager::set_status [Info]: 
    Temporal resolution changed from 0.1 to 0.1 ms.

Aug 06 22:42:22 NodeManager::prepare_nodes [Info]: 
    Preparing 5016 nodes for simulation.

Aug 06 22:42:22 SimulationManager::start_updating_ [Info]: 
    Number of local nodes: 5016
    Simulation time (ms): 5e+06
    Number of OpenMP threads: 8
    Not using MPI

Aug 06 23:02:01 SimulationManager::run [Info]: 
    Simulation finished.
Simulation finished in 1179.7s
[seed 1] cached ground truth -> n5000_r4_seed1_T5000k_d19e79d0a6.npz
[seed 1] streaming moments + checkpoints ...
[seed 1] T=100000ms SAVED -> /work/classic/fr_mj200-calcium_ar/results/wrapup_n5000r4_T100k/seed1  |ols|max=2.60e-02
[seed 1] T=200000ms SAVED -> /work/classic/fr_mj200-calcium_ar/results/wrapup_n5000r4_T200k/seed1  |ols|max=2.74e-02
[seed 1] T=500000ms SAVED -> /work/classic/fr_mj200-calcium_ar/results/wrapup_n5000r4_T500k/seed1  |ols|max=2.54e-02
[seed 1] T=1000000ms SAVED -> /work/classic/fr_mj200-calcium_ar/results/wrapup_n5000r4_T1000k/seed1  |ols|max=2.51e-02
[seed 1] T=2000000ms SAVED -> /work/classic/fr_mj200-calcium_ar/results/wrapup_n5000r4_T2000k/seed1  |ols|max=2.53e-02
[seed 1] T=5000000ms SAVED -> /work/classic/fr_mj200-calcium_ar/results/wrapup_n5000r4_T5000k/seed1  |ols|max=2.48e-02
[seed 1] mean rate 14.2 Hz  (all checkpoints saved)

sweep complete
[seed1] ols       AUC=0.667 AUC_E=0.697 AUC_I=0.998 E_rec=0.168 I_rec=0.984 corr=0.450

wrote /work/classic/fr_mj200-calcium_ar/results/wrapup_n5000r4_T100k/metrics.csv  (1 rows)
[seed1] ols       AUC=0.714 AUC_E=0.757 AUC_I=1.000 E_rec=0.233 I_rec=1.000 corr=0.570

wrote /work/classic/fr_mj200-calcium_ar/results/wrapup_n5000r4_T200k/metrics.csv  (1 rows)
[seed1] ols       AUC=0.793 AUC_E=0.838 AUC_I=1.000 E_rec=0.353 I_rec=1.000 corr=0.705

wrote /work/classic/fr_mj200-calcium_ar/results/wrapup_n5000r4_T500k/metrics.csv  (1 rows)
[seed1] ols       AUC=0.851 AUC_E=0.888 AUC_I=1.000 E_rec=0.450 I_rec=1.000 corr=0.775

wrote /work/classic/fr_mj200-calcium_ar/results/wrapup_n5000r4_T1000k/metrics.csv  (1 rows)
[seed1] ols       AUC=0.894 AUC_E=0.921 AUC_I=1.000 E_rec=0.533 I_rec=1.000 corr=0.818

wrote /work/classic/fr_mj200-calcium_ar/results/wrapup_n5000r4_T2000k/metrics.csv  (1 rows)
[seed1] ols       AUC=0.926 AUC_E=0.944 AUC_I=1.000 E_rec=0.603 I_rec=1.000 corr=0.847

wrote /work/classic/fr_mj200-calcium_ar/results/wrapup_n5000r4_T5000k/metrics.csv  (1 rows)
done: Thu Aug  6 23:48:28 CEST 2026
--- copy home just these: ---
-rw-r--r-- 1 fr_mj200 fr_fr 354 Aug  6 23:47 /work/classic/fr_mj200-calcium_ar/results/wrapup_n5000r4_T1000k/metrics.csv
-rw-r--r-- 1 fr_mj200 fr_fr 355 Aug  6 23:46 /work/classic/fr_mj200-calcium_ar/results/wrapup_n5000r4_T100k/metrics.csv
-rw-r--r-- 1 fr_mj200 fr_fr 352 Aug  6 23:48 /work/classic/fr_mj200-calcium_ar/results/wrapup_n5000r4_T2000k/metrics.csv
-rw-r--r-- 1 fr_mj200 fr_fr 353 Aug  6 23:47 /work/classic/fr_mj200-calcium_ar/results/wrapup_n5000r4_T200k/metrics.csv
-rw-r--r-- 1 fr_mj200 fr_fr 356 Jul 23 22:55 /work/classic/fr_mj200-calcium_ar/results/wrapup_n5000r4_T400k/metrics.csv
-rw-r--r-- 1 fr_mj200 fr_fr 352 Aug  6 23:48 /work/classic/fr_mj200-calcium_ar/results/wrapup_n5000r4_T5000k/metrics.csv
-rw-r--r-- 1 fr_mj200 fr_fr 354 Aug  6 23:47 /work/classic/fr_mj200-calcium_ar/results/wrapup_n5000r4_T500k/metrics.csv
-rw-r--r-- 1 fr_mj200 fr_fr 355 Jul 23 22:56 /work/classic/fr_mj200-calcium_ar/results/wrapup_n5000r4_T800k/metrics.csv
