host: g3608   git: 819396c550a94c07c2c4fe176f6737ccbd6168f2   date: Fri Aug  7 22:12:15 CEST 2026   PY=/work/classic/fr_mj200-calcium_ar/env-gpu/bin/python
torch 2.6.0+cu124 cuda True
net=n5000_r4 g=8.0 eta=1.9  sweep(ms)=[100000.0, 200000.0, 500000.0, 1000000.0, 2000000.0, 5000000.0]  seeds=[1, 2, 3, 4, 5]  chunk_ms=5000.0
[seed 1] loading cached ground truth n5000_r4_seed1_T5000k_d19e79d0a6.npz (skipping NEST; config verified)
[seed 1] streaming moments + checkpoints ...
[seed 1] T=100000ms SAVED -> /work/classic/fr_mj200-calcium_ar/results/wrapup_n5000r4_T100k/seed1  |ols|max=2.60e-02
[seed 1] T=200000ms SAVED -> /work/classic/fr_mj200-calcium_ar/results/wrapup_n5000r4_T200k/seed1  |ols|max=2.74e-02
[seed 1] T=500000ms SAVED -> /work/classic/fr_mj200-calcium_ar/results/wrapup_n5000r4_T500k/seed1  |ols|max=2.54e-02
[seed 1] T=1000000ms SAVED -> /work/classic/fr_mj200-calcium_ar/results/wrapup_n5000r4_T1000k/seed1  |ols|max=2.51e-02
[seed 1] T=2000000ms SAVED -> /work/classic/fr_mj200-calcium_ar/results/wrapup_n5000r4_T2000k/seed1  |ols|max=2.53e-02
[seed 1] T=5000000ms SAVED -> /work/classic/fr_mj200-calcium_ar/results/wrapup_n5000r4_T5000k/seed1  |ols|max=2.47e-02
[seed 1] mean rate 14.2 Hz  (all checkpoints saved)
[seed 2] simulating 5000000 ms (densify=False) ...
[INFO] [2026.8.7 22:56:32 /home/conda/feedstock_root/build_artifacts/nest-simulator_1744013459969/work/nestkernel/vp_manager.cpp:74 @ VPManager::initialize()] : OMP_NUM_THREADS is set in your environment, but NEST ignores it.
For details, see the Guide to parallel computing in the NEST Documentation.

              -- N E S T --
  Copyright (C) 2004 The NEST Initiative

 Version: 3.8.0
 Built: Apr  7 2025 08:14:12

 This program is provided AS IS and comes with
 NO WARRANTY. See the file LICENSE for details.

 Problems or suggestions?
   Visit https://www.nest-simulator.org

 Type 'nest.help()' to find out more about NEST.


Aug 07 22:56:32 VPManager::initialize() [Info]: 
    OMP_NUM_THREADS is set in your environment, but NEST ignores it.
    For details, see the Guide to parallel computing in the NEST Documentation.

Aug 07 22:56:33 SimulationManager::set_status [Info]: 
    Temporal resolution changed from 0.1 to 0.1 ms.

Aug 07 22:56:33 NodeManager::prepare_nodes [Info]: 
    Preparing 5016 nodes for simulation.

Aug 07 22:56:33 SimulationManager::start_updating_ [Info]: 
    Number of local nodes: 5016
    Simulation time (ms): 5e+06
    Number of OpenMP threads: 8
    Not using MPI

Aug 07 23:16:20 SimulationManager::run [Info]: 
    Simulation finished.
Simulation finished in 1187.4s
[seed 2] cached ground truth -> n5000_r4_seed2_T5000k_d74412c3a0.npz
[seed 2] streaming moments + checkpoints ...
[seed 2] T=100000ms SAVED -> /work/classic/fr_mj200-calcium_ar/results/wrapup_n5000r4_T100k/seed2  |ols|max=2.77e-02
[seed 2] T=200000ms SAVED -> /work/classic/fr_mj200-calcium_ar/results/wrapup_n5000r4_T200k/seed2  |ols|max=2.84e-02
[seed 2] T=500000ms SAVED -> /work/classic/fr_mj200-calcium_ar/results/wrapup_n5000r4_T500k/seed2  |ols|max=2.70e-02
[seed 2] T=1000000ms SAVED -> /work/classic/fr_mj200-calcium_ar/results/wrapup_n5000r4_T1000k/seed2  |ols|max=2.70e-02
[seed 2] T=2000000ms SAVED -> /work/classic/fr_mj200-calcium_ar/results/wrapup_n5000r4_T2000k/seed2  |ols|max=2.64e-02
[seed 2] T=5000000ms SAVED -> /work/classic/fr_mj200-calcium_ar/results/wrapup_n5000r4_T5000k/seed2  |ols|max=2.73e-02
[seed 2] mean rate 14.2 Hz  (all checkpoints saved)
[seed 3] simulating 5000000 ms (densify=False) ...

Aug 08 00:01:09 VPManager::initialize() [Info]: 
    OMP_NUM_THREADS is set in your environment, but NEST ignores it.
    For details, see the Guide to parallel computing in the NEST Documentation.

Aug 08 00:01:09 SimulationManager::set_status [Info]: 
    Temporal resolution changed from 0.1 to 0.1 ms.

Aug 08 00:01:09 NodeManager::prepare_nodes [Info]: 
    Preparing 5016 nodes for simulation.

Aug 08 00:01:09 SimulationManager::start_updating_ [Info]: 
    Number of local nodes: 5016
    Simulation time (ms): 5e+06
    Number of OpenMP threads: 8
    Not using MPI

Aug 08 00:20:51 SimulationManager::run [Info]: 
    Simulation finished.
Simulation finished in 1182.1s
[seed 3] cached ground truth -> n5000_r4_seed3_T5000k_5bf27667be.npz
[seed 3] streaming moments + checkpoints ...
[seed 3] T=100000ms SAVED -> /work/classic/fr_mj200-calcium_ar/results/wrapup_n5000r4_T100k/seed3  |ols|max=2.52e-02
[seed 3] T=200000ms SAVED -> /work/classic/fr_mj200-calcium_ar/results/wrapup_n5000r4_T200k/seed3  |ols|max=2.41e-02
[seed 3] T=500000ms SAVED -> /work/classic/fr_mj200-calcium_ar/results/wrapup_n5000r4_T500k/seed3  |ols|max=2.35e-02
[seed 3] T=1000000ms SAVED -> /work/classic/fr_mj200-calcium_ar/results/wrapup_n5000r4_T1000k/seed3  |ols|max=2.40e-02
[seed 3] T=2000000ms SAVED -> /work/classic/fr_mj200-calcium_ar/results/wrapup_n5000r4_T2000k/seed3  |ols|max=2.44e-02
[seed 3] T=5000000ms SAVED -> /work/classic/fr_mj200-calcium_ar/results/wrapup_n5000r4_T5000k/seed3  |ols|max=2.47e-02
[seed 3] mean rate 14.2 Hz  (all checkpoints saved)
[seed 4] simulating 5000000 ms (densify=False) ...

Aug 08 01:05:14 VPManager::initialize() [Info]: 
    OMP_NUM_THREADS is set in your environment, but NEST ignores it.
    For details, see the Guide to parallel computing in the NEST Documentation.

Aug 08 01:05:14 SimulationManager::set_status [Info]: 
    Temporal resolution changed from 0.1 to 0.1 ms.

Aug 08 01:05:14 NodeManager::prepare_nodes [Info]: 
    Preparing 5016 nodes for simulation.

Aug 08 01:05:14 SimulationManager::start_updating_ [Info]: 
    Number of local nodes: 5016
    Simulation time (ms): 5e+06
    Number of OpenMP threads: 8
    Not using MPI

Aug 08 01:24:55 SimulationManager::run [Info]: 
    Simulation finished.
Simulation finished in 1181.3s
[seed 4] cached ground truth -> n5000_r4_seed4_T5000k_3773727c75.npz
[seed 4] streaming moments + checkpoints ...
[seed 4] T=100000ms SAVED -> /work/classic/fr_mj200-calcium_ar/results/wrapup_n5000r4_T100k/seed4  |ols|max=2.67e-02
[seed 4] T=200000ms SAVED -> /work/classic/fr_mj200-calcium_ar/results/wrapup_n5000r4_T200k/seed4  |ols|max=2.48e-02
[seed 4] T=500000ms SAVED -> /work/classic/fr_mj200-calcium_ar/results/wrapup_n5000r4_T500k/seed4  |ols|max=2.38e-02
[seed 4] T=1000000ms SAVED -> /work/classic/fr_mj200-calcium_ar/results/wrapup_n5000r4_T1000k/seed4  |ols|max=2.49e-02
[seed 4] T=2000000ms SAVED -> /work/classic/fr_mj200-calcium_ar/results/wrapup_n5000r4_T2000k/seed4  |ols|max=2.42e-02
[seed 4] T=5000000ms SAVED -> /work/classic/fr_mj200-calcium_ar/results/wrapup_n5000r4_T5000k/seed4  |ols|max=2.42e-02
[seed 4] mean rate 14.3 Hz  (all checkpoints saved)
[seed 5] simulating 5000000 ms (densify=False) ...

Aug 08 02:09:45 VPManager::initialize() [Info]: 
    OMP_NUM_THREADS is set in your environment, but NEST ignores it.
    For details, see the Guide to parallel computing in the NEST Documentation.

Aug 08 02:09:45 SimulationManager::set_status [Info]: 
    Temporal resolution changed from 0.1 to 0.1 ms.

Aug 08 02:09:45 NodeManager::prepare_nodes [Info]: 
    Preparing 5016 nodes for simulation.

Aug 08 02:09:45 SimulationManager::start_updating_ [Info]: 
    Number of local nodes: 5016
    Simulation time (ms): 5e+06
    Number of OpenMP threads: 8
    Not using MPI

Aug 08 02:29:27 SimulationManager::run [Info]: 
    Simulation finished.
Simulation finished in 1181.6s
[seed 5] cached ground truth -> n5000_r4_seed5_T5000k_70ee4b2dd1.npz
[seed 5] streaming moments + checkpoints ...
[seed 5] T=100000ms SAVED -> /work/classic/fr_mj200-calcium_ar/results/wrapup_n5000r4_T100k/seed5  |ols|max=2.61e-02
[seed 5] T=200000ms SAVED -> /work/classic/fr_mj200-calcium_ar/results/wrapup_n5000r4_T200k/seed5  |ols|max=2.41e-02
[seed 5] T=500000ms SAVED -> /work/classic/fr_mj200-calcium_ar/results/wrapup_n5000r4_T500k/seed5  |ols|max=2.55e-02
[seed 5] T=1000000ms SAVED -> /work/classic/fr_mj200-calcium_ar/results/wrapup_n5000r4_T1000k/seed5  |ols|max=2.41e-02
[seed 5] T=2000000ms SAVED -> /work/classic/fr_mj200-calcium_ar/results/wrapup_n5000r4_T2000k/seed5  |ols|max=2.42e-02
[seed 5] T=5000000ms SAVED -> /work/classic/fr_mj200-calcium_ar/results/wrapup_n5000r4_T5000k/seed5  |ols|max=2.47e-02
[seed 5] mean rate 14.3 Hz  (all checkpoints saved)

sweep complete
[seed1] ols       AUC=0.667 AUC_E=0.697 AUC_I=0.998 E_rec=0.168 I_rec=0.984 corr=0.450
[seed2] ols       AUC=0.667 AUC_E=0.696 AUC_I=0.997 E_rec=0.168 I_rec=0.983 corr=0.450
[seed3] ols       AUC=0.667 AUC_E=0.697 AUC_I=0.998 E_rec=0.168 I_rec=0.984 corr=0.449
[seed4] ols       AUC=0.668 AUC_E=0.698 AUC_I=0.998 E_rec=0.169 I_rec=0.985 corr=0.452
[seed5] ols       AUC=0.668 AUC_E=0.698 AUC_I=0.998 E_rec=0.169 I_rec=0.986 corr=0.453

wrote /work/classic/fr_mj200-calcium_ar/results/wrapup_n5000r4_T100k/metrics.csv  (5 rows)
[seed1] ols       AUC=0.714 AUC_E=0.757 AUC_I=1.000 E_rec=0.233 I_rec=1.000 corr=0.570
[seed2] ols       AUC=0.714 AUC_E=0.757 AUC_I=1.000 E_rec=0.234 I_rec=1.000 corr=0.570
[seed3] ols       AUC=0.714 AUC_E=0.757 AUC_I=1.000 E_rec=0.234 I_rec=1.000 corr=0.569
[seed4] ols       AUC=0.715 AUC_E=0.759 AUC_I=1.000 E_rec=0.235 I_rec=1.000 corr=0.572
[seed5] ols       AUC=0.715 AUC_E=0.759 AUC_I=1.000 E_rec=0.235 I_rec=1.000 corr=0.573

wrote /work/classic/fr_mj200-calcium_ar/results/wrapup_n5000r4_T200k/metrics.csv  (5 rows)
[seed1] ols       AUC=0.793 AUC_E=0.838 AUC_I=1.000 E_rec=0.353 I_rec=1.000 corr=0.705
[seed2] ols       AUC=0.792 AUC_E=0.838 AUC_I=1.000 E_rec=0.353 I_rec=1.000 corr=0.705
[seed3] ols       AUC=0.793 AUC_E=0.839 AUC_I=1.000 E_rec=0.353 I_rec=1.000 corr=0.704
[seed4] ols       AUC=0.794 AUC_E=0.840 AUC_I=1.000 E_rec=0.356 I_rec=1.000 corr=0.706
[seed5] ols       AUC=0.794 AUC_E=0.840 AUC_I=1.000 E_rec=0.355 I_rec=1.000 corr=0.708

wrote /work/classic/fr_mj200-calcium_ar/results/wrapup_n5000r4_T500k/metrics.csv  (5 rows)
[seed1] ols       AUC=0.851 AUC_E=0.888 AUC_I=1.000 E_rec=0.450 I_rec=1.000 corr=0.775
[seed2] ols       AUC=0.850 AUC_E=0.887 AUC_I=1.000 E_rec=0.450 I_rec=1.000 corr=0.774
[seed3] ols       AUC=0.851 AUC_E=0.888 AUC_I=1.000 E_rec=0.451 I_rec=1.000 corr=0.774
[seed4] ols       AUC=0.852 AUC_E=0.889 AUC_I=1.000 E_rec=0.453 I_rec=1.000 corr=0.776
[seed5] ols       AUC=0.853 AUC_E=0.889 AUC_I=1.000 E_rec=0.454 I_rec=1.000 corr=0.777

wrote /work/classic/fr_mj200-calcium_ar/results/wrapup_n5000r4_T1000k/metrics.csv  (5 rows)
[seed1] ols       AUC=0.894 AUC_E=0.921 AUC_I=1.000 E_rec=0.532 I_rec=1.000 corr=0.817
[seed2] ols       AUC=0.894 AUC_E=0.921 AUC_I=1.000 E_rec=0.532 I_rec=1.000 corr=0.817
[seed3] ols       AUC=0.895 AUC_E=0.921 AUC_I=1.000 E_rec=0.534 I_rec=1.000 corr=0.818
[seed4] ols       AUC=0.895 AUC_E=0.922 AUC_I=1.000 E_rec=0.536 I_rec=1.000 corr=0.818
[seed5] ols       AUC=0.896 AUC_E=0.922 AUC_I=1.000 E_rec=0.536 I_rec=1.000 corr=0.820

wrote /work/classic/fr_mj200-calcium_ar/results/wrapup_n5000r4_T2000k/metrics.csv  (5 rows)
[seed1] ols       AUC=0.923 AUC_E=0.942 AUC_I=1.000 E_rec=0.595 I_rec=1.000 corr=0.844
[seed2] ols       AUC=0.926 AUC_E=0.944 AUC_I=1.000 E_rec=0.602 I_rec=1.000 corr=0.847
[seed3] ols       AUC=0.927 AUC_E=0.944 AUC_I=1.000 E_rec=0.603 I_rec=1.000 corr=0.847
[seed4] ols       AUC=0.927 AUC_E=0.945 AUC_I=1.000 E_rec=0.604 I_rec=1.000 corr=0.848
[seed5] ols       AUC=0.928 AUC_E=0.945 AUC_I=1.000 E_rec=0.606 I_rec=1.000 corr=0.849

wrote /work/classic/fr_mj200-calcium_ar/results/wrapup_n5000r4_T5000k/metrics.csv  (5 rows)
done: Sat Aug  8 03:24:32 CEST 2026
--- copy home just these: ---
-rw-r--r-- 1 fr_mj200 fr_fr 1.3K Aug  8 03:21 /work/classic/fr_mj200-calcium_ar/results/wrapup_n5000r4_T1000k/metrics.csv
-rw-r--r-- 1 fr_mj200 fr_fr 1.3K Aug  8 03:15 /work/classic/fr_mj200-calcium_ar/results/wrapup_n5000r4_T100k/metrics.csv
-rw-r--r-- 1 fr_mj200 fr_fr 1.3K Aug  8 03:22 /work/classic/fr_mj200-calcium_ar/results/wrapup_n5000r4_T2000k/metrics.csv
-rw-r--r-- 1 fr_mj200 fr_fr 1.3K Aug  8 03:17 /work/classic/fr_mj200-calcium_ar/results/wrapup_n5000r4_T200k/metrics.csv
-rw-r--r-- 1 fr_mj200 fr_fr  356 Jul 23 22:55 /work/classic/fr_mj200-calcium_ar/results/wrapup_n5000r4_T400k/metrics.csv
-rw-r--r-- 1 fr_mj200 fr_fr 1.3K Aug  8 03:24 /work/classic/fr_mj200-calcium_ar/results/wrapup_n5000r4_T5000k/metrics.csv
-rw-r--r-- 1 fr_mj200 fr_fr 1.3K Aug  8 03:19 /work/classic/fr_mj200-calcium_ar/results/wrapup_n5000r4_T500k/metrics.csv
-rw-r--r-- 1 fr_mj200 fr_fr  355 Jul 23 22:56 /work/classic/fr_mj200-calcium_ar/results/wrapup_n5000r4_T800k/metrics.csv
