host: g3608   git: 819396c550a94c07c2c4fe176f6737ccbd6168f2   date: Sat Aug  8 03:25:15 CEST 2026   PY=/work/classic/fr_mj200-calcium_ar/env-gpu/bin/python
torch 2.6.0+cu124 cuda_available True
net=n12500_r4 g=8.0 eta=2.6  sweep(ms)=[100000.0, 200000.0, 500000.0, 1000000.0, 2000000.0, 5000000.0, 7500000.0, 10000000.0]  seeds=[1, 2, 3]  chunk_ms=5000.0
[seed 1] simulating 10000000 ms (densify=False) ...
[INFO] [2026.8.8 3:25:19 /home/conda/feedstock_root/build_artifacts/nest-simulator_1744013459969/work/nestkernel/vp_manager.cpp:74 @ VPManager::initialize()] : OMP_NUM_THREADS is set in your environment, but NEST ignores it.
For details, see the Guide to parallel computing in the NEST Documentation.

              -- N E S T --
  Copyright (C) 2004 The NEST Initiative

 Version: 3.8.0
 Built: Apr  7 2025 08:14:12

 This program is provided AS IS and comes with
 NO WARRANTY. See the file LICENSE for details.

 Problems or suggestions?
   Visit https://www.nest-simulator.org

 Type 'nest.help()' to find out more about NEST.


Aug 08 03:25:20 VPManager::initialize() [Info]: 
    OMP_NUM_THREADS is set in your environment, but NEST ignores it.
    For details, see the Guide to parallel computing in the NEST Documentation.

Aug 08 03:25:20 SimulationManager::set_status [Info]: 
    Temporal resolution changed from 0.1 to 0.1 ms.

Aug 08 03:25:20 NodeManager::prepare_nodes [Info]: 
    Preparing 12532 nodes for simulation.

Aug 08 03:25:20 SimulationManager::start_updating_ [Info]: 
    Number of local nodes: 12532
    Simulation time (ms): 1e+07
    Number of OpenMP threads: 16
    Not using MPI

Aug 08 04:50:38 SimulationManager::run [Info]: 
    Simulation finished.
Simulation finished in 5118.3s
[seed 1] cached ground truth -> n12500_r4_seed1_T10000k_2a51db3ca6.npz
[seed 1] streaming moments + checkpoints ...
[seed 1] T=100000ms SAVED -> /work/classic/fr_mj200-calcium_ar/results/wrapup_n12500r4_T100k/seed1  |ols|max=2.26e-02
[seed 1] T=200000ms SAVED -> /work/classic/fr_mj200-calcium_ar/results/wrapup_n12500r4_T200k/seed1  |ols|max=2.18e-02
[seed 1] T=500000ms SAVED -> /work/classic/fr_mj200-calcium_ar/results/wrapup_n12500r4_T500k/seed1  |ols|max=1.94e-02
[seed 1] T=1000000ms SAVED -> /work/classic/fr_mj200-calcium_ar/results/wrapup_n12500r4_T1000k/seed1  |ols|max=1.93e-02
[seed 1] T=2000000ms SAVED -> /work/classic/fr_mj200-calcium_ar/results/wrapup_n12500r4_T2000k/seed1  |ols|max=1.87e-02
[seed 1] T=5000000ms SAVED -> /work/classic/fr_mj200-calcium_ar/results/wrapup_n12500r4_T5000k/seed1  |ols|max=1.86e-02
[seed 1] T=7500000ms SAVED -> /work/classic/fr_mj200-calcium_ar/results/wrapup_n12500r4_T7500k/seed1  |ols|max=1.84e-02
[seed 1] T=10000000ms SAVED -> /work/classic/fr_mj200-calcium_ar/results/wrapup_n12500r4_T10000k/seed1  |ols|max=1.82e-02
[seed 1] mean rate 13.8 Hz  (all checkpoints saved)
[seed 2] simulating 10000000 ms (densify=False) ...

Aug 08 09:37:49 VPManager::initialize() [Info]: 
    OMP_NUM_THREADS is set in your environment, but NEST ignores it.
    For details, see the Guide to parallel computing in the NEST Documentation.

Aug 08 09:37:49 SimulationManager::set_status [Info]: 
    Temporal resolution changed from 0.1 to 0.1 ms.

Aug 08 09:37:49 NodeManager::prepare_nodes [Info]: 
    Preparing 12532 nodes for simulation.

Aug 08 09:37:49 SimulationManager::start_updating_ [Info]: 
    Number of local nodes: 12532
    Simulation time (ms): 1e+07
    Number of OpenMP threads: 16
    Not using MPI

Aug 08 11:02:39 SimulationManager::run [Info]: 
    Simulation finished.
Simulation finished in 5089.9s
[seed 2] cached ground truth -> n12500_r4_seed2_T10000k_16b220043c.npz
[seed 2] streaming moments + checkpoints ...
[seed 2] T=100000ms SAVED -> /work/classic/fr_mj200-calcium_ar/results/wrapup_n12500r4_T100k/seed2  |ols|max=2.31e-02
[seed 2] T=200000ms SAVED -> /work/classic/fr_mj200-calcium_ar/results/wrapup_n12500r4_T200k/seed2  |ols|max=2.12e-02
[seed 2] T=500000ms SAVED -> /work/classic/fr_mj200-calcium_ar/results/wrapup_n12500r4_T500k/seed2  |ols|max=2.02e-02
[seed 2] T=1000000ms SAVED -> /work/classic/fr_mj200-calcium_ar/results/wrapup_n12500r4_T1000k/seed2  |ols|max=2.07e-02
[seed 2] T=2000000ms SAVED -> /work/classic/fr_mj200-calcium_ar/results/wrapup_n12500r4_T2000k/seed2  |ols|max=2.03e-02
[seed 2] T=5000000ms SAVED -> /work/classic/fr_mj200-calcium_ar/results/wrapup_n12500r4_T5000k/seed2  |ols|max=2.02e-02
[seed 2] T=7500000ms SAVED -> /work/classic/fr_mj200-calcium_ar/results/wrapup_n12500r4_T7500k/seed2  |ols|max=1.99e-02
[seed 2] T=10000000ms SAVED -> /work/classic/fr_mj200-calcium_ar/results/wrapup_n12500r4_T10000k/seed2  |ols|max=1.96e-02
[seed 2] mean rate 13.8 Hz  (all checkpoints saved)
[seed 3] simulating 10000000 ms (densify=False) ...

Aug 08 15:52:15 VPManager::initialize() [Info]: 
    OMP_NUM_THREADS is set in your environment, but NEST ignores it.
    For details, see the Guide to parallel computing in the NEST Documentation.

Aug 08 15:52:15 SimulationManager::set_status [Info]: 
    Temporal resolution changed from 0.1 to 0.1 ms.

Aug 08 15:52:15 NodeManager::prepare_nodes [Info]: 
    Preparing 12532 nodes for simulation.

Aug 08 15:52:15 SimulationManager::start_updating_ [Info]: 
    Number of local nodes: 12532
    Simulation time (ms): 1e+07
    Number of OpenMP threads: 16
    Not using MPI

Aug 08 17:15:55 SimulationManager::run [Info]: 
    Simulation finished.
Simulation finished in 5019.8s
[seed 3] cached ground truth -> n12500_r4_seed3_T10000k_0a0301f3b2.npz
[seed 3] streaming moments + checkpoints ...
[seed 3] T=100000ms SAVED -> /work/classic/fr_mj200-calcium_ar/results/wrapup_n12500r4_T100k/seed3  |ols|max=2.27e-02
[seed 3] T=200000ms SAVED -> /work/classic/fr_mj200-calcium_ar/results/wrapup_n12500r4_T200k/seed3  |ols|max=2.02e-02
[seed 3] T=500000ms SAVED -> /work/classic/fr_mj200-calcium_ar/results/wrapup_n12500r4_T500k/seed3  |ols|max=1.96e-02
[seed 3] T=1000000ms SAVED -> /work/classic/fr_mj200-calcium_ar/results/wrapup_n12500r4_T1000k/seed3  |ols|max=1.86e-02
[seed 3] T=2000000ms SAVED -> /work/classic/fr_mj200-calcium_ar/results/wrapup_n12500r4_T2000k/seed3  |ols|max=1.82e-02
[seed 3] T=5000000ms SAVED -> /work/classic/fr_mj200-calcium_ar/results/wrapup_n12500r4_T5000k/seed3  |ols|max=1.83e-02
[seed 3] T=7500000ms SAVED -> /work/classic/fr_mj200-calcium_ar/results/wrapup_n12500r4_T7500k/seed3  |ols|max=1.82e-02
[seed 3] T=10000000ms SAVED -> /work/classic/fr_mj200-calcium_ar/results/wrapup_n12500r4_T10000k/seed3  |ols|max=1.79e-02
[seed 3] mean rate 13.8 Hz  (all checkpoints saved)

sweep complete
[seed1] ols       AUC=0.607 AUC_E=0.615 AUC_I=0.961 E_rec=0.103 I_rec=0.735 corr=0.312
[seed2] ols       AUC=0.608 AUC_E=0.616 AUC_I=0.961 E_rec=0.104 I_rec=0.736 corr=0.312
[seed3] ols       AUC=0.608 AUC_E=0.616 AUC_I=0.961 E_rec=0.104 I_rec=0.736 corr=0.312
[seed4] ols       AUC=0.607 AUC_E=0.616 AUC_I=0.961 E_rec=0.104 I_rec=0.736 corr=0.312
[seed5] ols       AUC=0.608 AUC_E=0.616 AUC_I=0.961 E_rec=0.104 I_rec=0.737 corr=0.313

wrote /work/classic/fr_mj200-calcium_ar/results/wrapup_n12500r4_T100k/metrics.csv  (5 rows)
[seed1] ols       AUC=0.642 AUC_E=0.661 AUC_I=0.994 E_rec=0.131 I_rec=0.962 corr=0.429
[seed2] ols       AUC=0.642 AUC_E=0.662 AUC_I=0.994 E_rec=0.132 I_rec=0.961 corr=0.429
[seed3] ols       AUC=0.642 AUC_E=0.662 AUC_I=0.994 E_rec=0.132 I_rec=0.961 corr=0.429
[seed4] ols       AUC=0.642 AUC_E=0.661 AUC_I=0.994 E_rec=0.131 I_rec=0.961 corr=0.429
[seed5] ols       AUC=0.643 AUC_E=0.662 AUC_I=0.995 E_rec=0.131 I_rec=0.961 corr=0.430

wrote /work/classic/fr_mj200-calcium_ar/results/wrapup_n12500r4_T200k/metrics.csv  (5 rows)
[seed1] ols       AUC=0.693 AUC_E=0.735 AUC_I=1.000 E_rec=0.199 I_rec=1.000 corr=0.591
[seed2] ols       AUC=0.692 AUC_E=0.735 AUC_I=1.000 E_rec=0.199 I_rec=1.000 corr=0.590
[seed3] ols       AUC=0.693 AUC_E=0.735 AUC_I=1.000 E_rec=0.199 I_rec=1.000 corr=0.591
[seed4] ols       AUC=0.692 AUC_E=0.734 AUC_I=1.000 E_rec=0.199 I_rec=1.000 corr=0.590
[seed5] ols       AUC=0.693 AUC_E=0.735 AUC_I=1.000 E_rec=0.200 I_rec=1.000 corr=0.592

wrote /work/classic/fr_mj200-calcium_ar/results/wrapup_n12500r4_T500k/metrics.csv  (5 rows)
[seed1] ols       AUC=0.745 AUC_E=0.795 AUC_I=1.000 E_rec=0.274 I_rec=1.000 corr=0.697
[seed2] ols       AUC=0.745 AUC_E=0.795 AUC_I=1.000 E_rec=0.274 I_rec=1.000 corr=0.696
[seed3] ols       AUC=0.745 AUC_E=0.795 AUC_I=1.000 E_rec=0.275 I_rec=1.000 corr=0.697
[seed4] ols       AUC=0.744 AUC_E=0.794 AUC_I=1.000 E_rec=0.273 I_rec=1.000 corr=0.695
[seed5] ols       AUC=0.745 AUC_E=0.795 AUC_I=1.000 E_rec=0.275 I_rec=1.000 corr=0.698

wrote /work/classic/fr_mj200-calcium_ar/results/wrapup_n12500r4_T1000k/metrics.csv  (5 rows)
[seed1] ols       AUC=0.803 AUC_E=0.850 AUC_I=1.000 E_rec=0.362 I_rec=1.000 corr=0.775
[seed2] ols       AUC=0.802 AUC_E=0.849 AUC_I=1.000 E_rec=0.361 I_rec=1.000 corr=0.774
[seed3] ols       AUC=0.803 AUC_E=0.850 AUC_I=1.000 E_rec=0.361 I_rec=1.000 corr=0.775
[seed4] ols       AUC=0.802 AUC_E=0.849 AUC_I=1.000 E_rec=0.360 I_rec=1.000 corr=0.774
[seed5] ols       AUC=0.803 AUC_E=0.850 AUC_I=1.000 E_rec=0.362 I_rec=1.000 corr=0.775

wrote /work/classic/fr_mj200-calcium_ar/results/wrapup_n12500r4_T2000k/metrics.csv  (5 rows)
[seed1] ols       AUC=0.865 AUC_E=0.901 AUC_I=1.000 E_rec=0.466 I_rec=1.000 corr=0.835
[seed2] ols       AUC=0.865 AUC_E=0.901 AUC_I=1.000 E_rec=0.466 I_rec=1.000 corr=0.835
[seed3] ols       AUC=0.865 AUC_E=0.901 AUC_I=1.000 E_rec=0.467 I_rec=1.000 corr=0.836
[seed4] ols       AUC=0.865 AUC_E=0.901 AUC_I=1.000 E_rec=0.466 I_rec=1.000 corr=0.835
[seed5] ols       AUC=0.865 AUC_E=0.901 AUC_I=1.000 E_rec=0.466 I_rec=1.000 corr=0.836

wrote /work/classic/fr_mj200-calcium_ar/results/wrapup_n12500r4_T5000k/metrics.csv  (5 rows)
[seed1] ols       AUC=0.884 AUC_E=0.915 AUC_I=1.000 E_rec=0.502 I_rec=1.000 corr=0.851
[seed2] ols       AUC=0.884 AUC_E=0.915 AUC_I=1.000 E_rec=0.501 I_rec=1.000 corr=0.850
[seed3] ols       AUC=0.885 AUC_E=0.916 AUC_I=1.000 E_rec=0.503 I_rec=1.000 corr=0.851

wrote /work/classic/fr_mj200-calcium_ar/results/wrapup_n12500r4_T7500k/metrics.csv  (3 rows)
[seed1] ols       AUC=0.895 AUC_E=0.923 AUC_I=1.000 E_rec=0.522 I_rec=1.000 corr=0.859
[seed2] ols       AUC=0.894 AUC_E=0.923 AUC_I=1.000 E_rec=0.521 I_rec=1.000 corr=0.858
[seed3] ols       AUC=0.895 AUC_E=0.923 AUC_I=1.000 E_rec=0.523 I_rec=1.000 corr=0.859

wrote /work/classic/fr_mj200-calcium_ar/results/wrapup_n12500r4_T10000k/metrics.csv  (3 rows)
done: Sat Aug  8 22:16:32 CEST 2026
--- copy home just these: ---
-rw-r--r-- 1 fr_mj200 fr_fr  812 Aug  8 22:16 /work/classic/fr_mj200-calcium_ar/results/wrapup_n12500r4_T10000k/metrics.csv
-rw-r--r-- 1 fr_mj200 fr_fr 1.4K Aug  8 22:10 /work/classic/fr_mj200-calcium_ar/results/wrapup_n12500r4_T1000k/metrics.csv
-rw-r--r-- 1 fr_mj200 fr_fr 1.4K Aug  8 22:05 /work/classic/fr_mj200-calcium_ar/results/wrapup_n12500r4_T100k/metrics.csv
-rw-r--r-- 1 fr_mj200 fr_fr 1.3K Aug  8 22:12 /work/classic/fr_mj200-calcium_ar/results/wrapup_n12500r4_T2000k/metrics.csv
-rw-r--r-- 1 fr_mj200 fr_fr 1.4K Aug  8 22:07 /work/classic/fr_mj200-calcium_ar/results/wrapup_n12500r4_T200k/metrics.csv
-rw-r--r-- 1 fr_mj200 fr_fr 1.3K Aug  8 22:14 /work/classic/fr_mj200-calcium_ar/results/wrapup_n12500r4_T5000k/metrics.csv
-rw-r--r-- 1 fr_mj200 fr_fr 1.3K Aug  8 22:09 /work/classic/fr_mj200-calcium_ar/results/wrapup_n12500r4_T500k/metrics.csv
-rw-r--r-- 1 fr_mj200 fr_fr  825 Aug  8 22:15 /work/classic/fr_mj200-calcium_ar/results/wrapup_n12500r4_T7500k/metrics.csv
