host: n4121   git: 83f15c7d6eaff54325c6b6732a444035313f159a   date: Thu Jul 23 20:16:47 CEST 2026
=== n1250_r4 : 100000 200000 500000   (Thu Jul 23 20:16:47 CEST 2026) ===
net=n1250_r4 g=8.0 eta=1.3  sweep(ms)=[100000.0, 200000.0, 500000.0]  seeds=[1]  chunk_ms=5000.0
[seed 1] simulating 500000 ms (densify=False) ...
[INFO] [2026.7.23 20:16:49 /home/conda/feedstock_root/build_artifacts/nest-simulator_1744013459969/work/nestkernel/vp_manager.cpp:74 @ VPManager::initialize()] : OMP_NUM_THREADS is set in your environment, but NEST ignores it.
For details, see the Guide to parallel computing in the NEST Documentation.

              -- N E S T --
  Copyright (C) 2004 The NEST Initiative

 Version: 3.8.0
 Built: Apr  7 2025 08:14:12

 This program is provided AS IS and comes with
 NO WARRANTY. See the file LICENSE for details.

 Problems or suggestions?
   Visit https://www.nest-simulator.org

 Type 'nest.help()' to find out more about NEST.


Jul 23 20:16:49 VPManager::initialize() [Info]: 
    OMP_NUM_THREADS is set in your environment, but NEST ignores it.
    For details, see the Guide to parallel computing in the NEST Documentation.

Jul 23 20:16:49 VPManager::set_status() [Warning]: 
    OMP_NUM_THREADS is set in your environment, but NEST ignores it.
    For details, see the Guide to parallel computing in the NEST Documentation.

Jul 23 20:16:49 SimulationManager::set_status [Info]: 
    Temporal resolution changed from 0.1 to 0.1 ms.

Jul 23 20:16:49 NodeManager::prepare_nodes [Info]: 
    Preparing 1266 nodes for simulation.

Jul 23 20:16:49 SimulationManager::start_updating_ [Info]: 
    Number of local nodes: 1266
    Simulation time (ms): 500000
    Number of OpenMP threads: 8
    Not using MPI

Jul 23 20:17:18 SimulationManager::run [Info]: 
    Simulation finished.
Simulation finished in 28.7s
[seed 1] cached ground truth -> n1250_r4_seed1_T500k_216b8d17a5.npz
[seed 1] streaming moments + checkpoints ...
[seed 1] T=100000ms SAVED -> /work/classic/fr_mj200-calcium_ar/results/wrapup_n1250r4_T100k/seed1  |ols|max=4.95e-02
[seed 1] T=200000ms SAVED -> /work/classic/fr_mj200-calcium_ar/results/wrapup_n1250r4_T200k/seed1  |ols|max=4.54e-02
[seed 1] T=500000ms SAVED -> /work/classic/fr_mj200-calcium_ar/results/wrapup_n1250r4_T500k/seed1  |ols|max=4.43e-02
[seed 1] mean rate 15.1 Hz  (all checkpoints saved)

sweep complete
=== n2500_r4 : 200000 400000 1000000   (Thu Jul 23 20:24:25 CEST 2026) ===
net=n2500_r4 g=8.0 eta=1.5  sweep(ms)=[200000.0, 400000.0, 1000000.0]  seeds=[1]  chunk_ms=5000.0
[seed 1] simulating 1000000 ms (densify=False) ...
[INFO] [2026.7.23 20:24:27 /home/conda/feedstock_root/build_artifacts/nest-simulator_1744013459969/work/nestkernel/vp_manager.cpp:74 @ VPManager::initialize()] : OMP_NUM_THREADS is set in your environment, but NEST ignores it.
For details, see the Guide to parallel computing in the NEST Documentation.

              -- N E S T --
  Copyright (C) 2004 The NEST Initiative

 Version: 3.8.0
 Built: Apr  7 2025 08:14:12

 This program is provided AS IS and comes with
 NO WARRANTY. See the file LICENSE for details.

 Problems or suggestions?
   Visit https://www.nest-simulator.org

 Type 'nest.help()' to find out more about NEST.


Jul 23 20:24:27 VPManager::initialize() [Info]: 
    OMP_NUM_THREADS is set in your environment, but NEST ignores it.
    For details, see the Guide to parallel computing in the NEST Documentation.

Jul 23 20:24:27 VPManager::set_status() [Warning]: 
    OMP_NUM_THREADS is set in your environment, but NEST ignores it.
    For details, see the Guide to parallel computing in the NEST Documentation.

Jul 23 20:24:27 SimulationManager::set_status [Info]: 
    Temporal resolution changed from 0.1 to 0.1 ms.

Jul 23 20:24:27 NodeManager::prepare_nodes [Info]: 
    Preparing 2516 nodes for simulation.

Jul 23 20:24:27 SimulationManager::start_updating_ [Info]: 
    Number of local nodes: 2516
    Simulation time (ms): 1e+06
    Number of OpenMP threads: 8
    Not using MPI

Jul 23 20:26:25 SimulationManager::run [Info]: 
    Simulation finished.
Simulation finished in 118.6s
[seed 1] cached ground truth -> n2500_r4_seed1_T1000k_5bea7d3514.npz
[seed 1] streaming moments + checkpoints ...
[seed 1] T=200000ms SAVED -> /work/classic/fr_mj200-calcium_ar/results/wrapup_n2500r4_T200k/seed1  |ols|max=2.52e-02
[seed 1] T=400000ms SAVED -> /work/classic/fr_mj200-calcium_ar/results/wrapup_n2500r4_T400k/seed1  |ols|max=2.53e-02
[seed 1] T=1000000ms SAVED -> /work/classic/fr_mj200-calcium_ar/results/wrapup_n2500r4_T1000k/seed1  |ols|max=2.44e-02
[seed 1] mean rate 14.0 Hz  (all checkpoints saved)

sweep complete
=== n5000_r4 : 400000 800000 2000000   (Thu Jul 23 20:51:05 CEST 2026) ===
net=n5000_r4 g=8.0 eta=1.9  sweep(ms)=[400000.0, 800000.0, 2000000.0]  seeds=[1]  chunk_ms=5000.0
[seed 1] simulating 2000000 ms (densify=False) ...
[INFO] [2026.7.23 20:51:6 /home/conda/feedstock_root/build_artifacts/nest-simulator_1744013459969/work/nestkernel/vp_manager.cpp:74 @ VPManager::initialize()] : OMP_NUM_THREADS is set in your environment, but NEST ignores it.
For details, see the Guide to parallel computing in the NEST Documentation.

              -- N E S T --
  Copyright (C) 2004 The NEST Initiative

 Version: 3.8.0
 Built: Apr  7 2025 08:14:12

 This program is provided AS IS and comes with
 NO WARRANTY. See the file LICENSE for details.

 Problems or suggestions?
   Visit https://www.nest-simulator.org

 Type 'nest.help()' to find out more about NEST.


Jul 23 20:51:06 VPManager::initialize() [Info]: 
    OMP_NUM_THREADS is set in your environment, but NEST ignores it.
    For details, see the Guide to parallel computing in the NEST Documentation.

Jul 23 20:51:06 VPManager::set_status() [Warning]: 
    OMP_NUM_THREADS is set in your environment, but NEST ignores it.
    For details, see the Guide to parallel computing in the NEST Documentation.

Jul 23 20:51:06 SimulationManager::set_status [Info]: 
    Temporal resolution changed from 0.1 to 0.1 ms.

Jul 23 20:51:06 NodeManager::prepare_nodes [Info]: 
    Preparing 5016 nodes for simulation.

Jul 23 20:51:06 SimulationManager::start_updating_ [Info]: 
    Number of local nodes: 5016
    Simulation time (ms): 2e+06
    Number of OpenMP threads: 8
    Not using MPI

Jul 23 21:00:44 SimulationManager::run [Info]: 
    Simulation finished.
Simulation finished in 578.1s
[seed 1] cached ground truth -> n5000_r4_seed1_T2000k_a833da0f9e.npz
[seed 1] streaming moments + checkpoints ...
[seed 1] T=400000ms SAVED -> /work/classic/fr_mj200-calcium_ar/results/wrapup_n5000r4_T400k/seed1  |ols|max=2.36e-02
[seed 1] T=800000ms SAVED -> /work/classic/fr_mj200-calcium_ar/results/wrapup_n5000r4_T800k/seed1  |ols|max=2.33e-02
[seed 1] T=2000000ms SAVED -> /work/classic/fr_mj200-calcium_ar/results/wrapup_n5000r4_T2000k/seed1  |ols|max=2.30e-02
[seed 1] mean rate 14.2 Hz  (all checkpoints saved)

sweep complete
[seed1] ols       AUC=0.824 AUC_E=0.860 AUC_I=1.000 E_rec=0.417 I_rec=0.999 corr=0.559

wrote /work/classic/fr_mj200-calcium_ar/results/wrapup_n1250r4_T100k/metrics.csv  (1 rows)
[seed1] ols       AUC=0.888 AUC_E=0.912 AUC_I=1.000 E_rec=0.535 I_rec=1.000 corr=0.643

wrote /work/classic/fr_mj200-calcium_ar/results/wrapup_n1250r4_T200k/metrics.csv  (1 rows)
[seed1] ols       AUC=0.943 AUC_E=0.953 AUC_I=1.000 E_rec=0.661 I_rec=1.000 corr=0.713

wrote /work/classic/fr_mj200-calcium_ar/results/wrapup_n1250r4_T500k/metrics.csv  (1 rows)
[seed1] ols       AUC=0.919 AUC_E=0.938 AUC_I=1.000 E_rec=0.596 I_rec=1.000 corr=0.776

wrote /work/classic/fr_mj200-calcium_ar/results/wrapup_n2500r4_T1000k/metrics.csv  (1 rows)
[seed1] ols       AUC=0.795 AUC_E=0.837 AUC_I=1.000 E_rec=0.362 I_rec=1.000 corr=0.623

wrote /work/classic/fr_mj200-calcium_ar/results/wrapup_n2500r4_T200k/metrics.csv  (1 rows)
[seed1] ols       AUC=0.858 AUC_E=0.892 AUC_I=1.000 E_rec=0.472 I_rec=1.000 corr=0.707

wrote /work/classic/fr_mj200-calcium_ar/results/wrapup_n2500r4_T400k/metrics.csv  (1 rows)
[seed1] ols       AUC=0.895 AUC_E=0.921 AUC_I=1.000 E_rec=0.534 I_rec=1.000 corr=0.818

wrote /work/classic/fr_mj200-calcium_ar/results/wrapup_n5000r4_T2000k/metrics.csv  (1 rows)
[seed1] ols       AUC=0.773 AUC_E=0.819 AUC_I=1.000 E_rec=0.322 I_rec=1.000 corr=0.677

wrote /work/classic/fr_mj200-calcium_ar/results/wrapup_n5000r4_T400k/metrics.csv  (1 rows)
[seed1] ols       AUC=0.834 AUC_E=0.874 AUC_I=1.000 E_rec=0.420 I_rec=1.000 corr=0.756

wrote /work/classic/fr_mj200-calcium_ar/results/wrapup_n5000r4_T800k/metrics.csv  (1 rows)
done: Thu Jul 23 22:56:14 CEST 2026
-rw-r--r-- 1 fr_mj200 fr_fr 354 Jul 23 22:54 /work/classic/fr_mj200-calcium_ar/results/wrapup_n1250r4_T100k/metrics.csv
-rw-r--r-- 1 fr_mj200 fr_fr 352 Jul 23 22:54 /work/classic/fr_mj200-calcium_ar/results/wrapup_n1250r4_T200k/metrics.csv
-rw-r--r-- 1 fr_mj200 fr_fr 337 Jul 23 22:54 /work/classic/fr_mj200-calcium_ar/results/wrapup_n1250r4_T500k/metrics.csv
-rw-r--r-- 1 fr_mj200 fr_fr 354 Jul 23 22:54 /work/classic/fr_mj200-calcium_ar/results/wrapup_n2500r4_T1000k/metrics.csv
-rw-r--r-- 1 fr_mj200 fr_fr 355 Jul 23 22:54 /work/classic/fr_mj200-calcium_ar/results/wrapup_n2500r4_T200k/metrics.csv
-rw-r--r-- 1 fr_mj200 fr_fr 354 Jul 23 22:55 /work/classic/fr_mj200-calcium_ar/results/wrapup_n2500r4_T400k/metrics.csv
-rw-r--r-- 1 fr_mj200 fr_fr 340 Jul 23 22:55 /work/classic/fr_mj200-calcium_ar/results/wrapup_n5000r4_T2000k/metrics.csv
-rw-r--r-- 1 fr_mj200 fr_fr 356 Jul 23 22:55 /work/classic/fr_mj200-calcium_ar/results/wrapup_n5000r4_T400k/metrics.csv
-rw-r--r-- 1 fr_mj200 fr_fr 355 Jul 23 22:56 /work/classic/fr_mj200-calcium_ar/results/wrapup_n5000r4_T800k/metrics.csv
