host: g3608   git: 819396c550a94c07c2c4fe176f6737ccbd6168f2   date: Sat Aug  8 00:41:15 CEST 2026   PY=/work/classic/fr_mj200-calcium_ar/env-gpu/bin/python
torch 2.6.0+cu124 cuda True
=== regime preflight: N=2500, fixed C_E=100 (eps=0.05), g=8, eta=1.30 ===
[INFO] [2026.8.8 0:41:19 /home/conda/feedstock_root/build_artifacts/nest-simulator_1744013459969/work/nestkernel/vp_manager.cpp:74 @ VPManager::initialize()] : OMP_NUM_THREADS is set in your environment, but NEST ignores it.
For details, see the Guide to parallel computing in the NEST Documentation.

              -- N E S T --
  Copyright (C) 2004 The NEST Initiative

 Version: 3.8.0
 Built: Apr  7 2025 08:14:12

 This program is provided AS IS and comes with
 NO WARRANTY. See the file LICENSE for details.

 Problems or suggestions?
   Visit https://www.nest-simulator.org

 Type 'nest.help()' to find out more about NEST.


Aug 08 00:41:20 VPManager::initialize() [Info]: 
    OMP_NUM_THREADS is set in your environment, but NEST ignores it.
    For details, see the Guide to parallel computing in the NEST Documentation.

Aug 08 00:41:20 SimulationManager::set_status [Info]: 
    Temporal resolution changed from 0.1 to 0.1 ms.

Aug 08 00:41:20 NodeManager::prepare_nodes [Info]: 
    Preparing 2516 nodes for simulation.

Aug 08 00:41:20 SimulationManager::start_updating_ [Info]: 
    Number of local nodes: 2516
    Simulation time (ms): 4000
    Number of OpenMP threads: 8
    Not using MPI

Aug 08 00:41:20 SimulationManager::run [Info]: 
    Simulation finished.
target rate ~14.0 Hz   g=8  V_reset=10  J*sqrt(C_E)=3.162 (x1.5)  [FIXED IN-DEGREE: C_E=100 for every size]

     N    eps   C_E      J   eta |   rate    CV   sync silent
--------------------------------------------------------------------
Simulation finished in 0.5s
  2500 0.0500   100  0.474  1.10 |   10.9  0.91  0.004   0.00

Aug 08 00:41:20 VPManager::initialize() [Info]: 
    OMP_NUM_THREADS is set in your environment, but NEST ignores it.
    For details, see the Guide to parallel computing in the NEST Documentation.

Aug 08 00:41:20 SimulationManager::set_status [Info]: 
    Temporal resolution changed from 0.1 to 0.1 ms.

Aug 08 00:41:20 NodeManager::prepare_nodes [Info]: 
    Preparing 2516 nodes for simulation.

Aug 08 00:41:20 SimulationManager::start_updating_ [Info]: 
    Number of local nodes: 2516
    Simulation time (ms): 4000
    Number of OpenMP threads: 8
    Not using MPI

Aug 08 00:41:21 SimulationManager::run [Info]: 
    Simulation finished.
Simulation finished in 0.5s
  2500 0.0500   100  0.474  1.20 |   13.3  0.95  0.005   0.00

Aug 08 00:41:21 VPManager::initialize() [Info]: 
    OMP_NUM_THREADS is set in your environment, but NEST ignores it.
    For details, see the Guide to parallel computing in the NEST Documentation.

Aug 08 00:41:21 SimulationManager::set_status [Info]: 
    Temporal resolution changed from 0.1 to 0.1 ms.

Aug 08 00:41:21 NodeManager::prepare_nodes [Info]: 
    Preparing 2516 nodes for simulation.

Aug 08 00:41:21 SimulationManager::start_updating_ [Info]: 
    Number of local nodes: 2516
    Simulation time (ms): 4000
    Number of OpenMP threads: 8
    Not using MPI

Aug 08 00:41:22 SimulationManager::run [Info]: 
    Simulation finished.
Simulation finished in 0.5s
  2500 0.0500   100  0.474  1.30 |   15.0  0.98  0.005   0.00

Aug 08 00:41:22 VPManager::initialize() [Info]: 
    OMP_NUM_THREADS is set in your environment, but NEST ignores it.
    For details, see the Guide to parallel computing in the NEST Documentation.

Aug 08 00:41:22 SimulationManager::set_status [Info]: 
    Temporal resolution changed from 0.1 to 0.1 ms.

Aug 08 00:41:22 NodeManager::prepare_nodes [Info]: 
    Preparing 2516 nodes for simulation.

Aug 08 00:41:22 SimulationManager::start_updating_ [Info]: 
    Number of local nodes: 2516
    Simulation time (ms): 4000
    Number of OpenMP threads: 8
    Not using MPI

Aug 08 00:41:22 SimulationManager::run [Info]: 
    Simulation finished.
Simulation finished in 0.5s
  2500 0.0500   100  0.474  1.40 |   17.2  1.03  0.005   0.00

Aug 08 00:41:22 VPManager::initialize() [Info]: 
    OMP_NUM_THREADS is set in your environment, but NEST ignores it.
    For details, see the Guide to parallel computing in the NEST Documentation.

Aug 08 00:41:22 SimulationManager::set_status [Info]: 
    Temporal resolution changed from 0.1 to 0.1 ms.

Aug 08 00:41:22 NodeManager::prepare_nodes [Info]: 
    Preparing 2516 nodes for simulation.

Aug 08 00:41:22 SimulationManager::start_updating_ [Info]: 
    Number of local nodes: 2516
    Simulation time (ms): 4000
    Number of OpenMP threads: 8
    Not using MPI

Aug 08 00:41:23 SimulationManager::run [Info]: 
    Simulation finished.
Simulation finished in 0.6s
  2500 0.0500   100  0.474  1.50 |   19.6  1.06  0.005   0.00
  -> N=2500: eta=1.20  rate=13.3 Hz  CV=0.95  sync=0.005  J=0.474

=== R.4 configs ===
  N=  2500: NE= 2000  J=0.474  eta=1.20   (rate 13.3 Hz, CV 0.95, sync 0.005)
^^^ if the eta=1.30 row isn't close to 14Hz, STOP and re-tune before
    trusting the run below (edit n2500_ci's eta in wrapup_run.py).
net=n2500_ci g=8.0 eta=1.3  sweep(ms)=[100000.0, 200000.0, 500000.0, 1000000.0, 2000000.0, 5000000.0]  seeds=[1, 2, 3, 4, 5]  chunk_ms=5000.0
[seed 1] simulating 5000000 ms (densify=False) ...
[INFO] [2026.8.8 0:41:25 /home/conda/feedstock_root/build_artifacts/nest-simulator_1744013459969/work/nestkernel/vp_manager.cpp:74 @ VPManager::initialize()] : OMP_NUM_THREADS is set in your environment, but NEST ignores it.
For details, see the Guide to parallel computing in the NEST Documentation.

              -- N E S T --
  Copyright (C) 2004 The NEST Initiative

 Version: 3.8.0
 Built: Apr  7 2025 08:14:12

 This program is provided AS IS and comes with
 NO WARRANTY. See the file LICENSE for details.

 Problems or suggestions?
   Visit https://www.nest-simulator.org

 Type 'nest.help()' to find out more about NEST.


Aug 08 00:41:25 VPManager::initialize() [Info]: 
    OMP_NUM_THREADS is set in your environment, but NEST ignores it.
    For details, see the Guide to parallel computing in the NEST Documentation.

Aug 08 00:41:25 SimulationManager::set_status [Info]: 
    Temporal resolution changed from 0.1 to 0.1 ms.

Aug 08 00:41:25 NodeManager::prepare_nodes [Info]: 
    Preparing 2516 nodes for simulation.

Aug 08 00:41:25 SimulationManager::start_updating_ [Info]: 
    Number of local nodes: 2516
    Simulation time (ms): 5e+06
    Number of OpenMP threads: 8
    Not using MPI

Aug 08 00:49:24 SimulationManager::run [Info]: 
    Simulation finished.
Simulation finished in 478.8s
[seed 1] cached ground truth -> n2500_ci_seed1_T5000k_569b2a8689.npz
[seed 1] streaming moments + checkpoints ...
[seed 1] T=100000ms SAVED -> /work/classic/fr_mj200-calcium_ar/results/wrapup_n2500ci_T100k/seed1  |ols|max=3.51e-02
[seed 1] T=200000ms SAVED -> /work/classic/fr_mj200-calcium_ar/results/wrapup_n2500ci_T200k/seed1  |ols|max=3.70e-02
[seed 1] T=500000ms SAVED -> /work/classic/fr_mj200-calcium_ar/results/wrapup_n2500ci_T500k/seed1  |ols|max=3.71e-02
[seed 1] T=1000000ms SAVED -> /work/classic/fr_mj200-calcium_ar/results/wrapup_n2500ci_T1000k/seed1  |ols|max=3.31e-02
[seed 1] T=2000000ms SAVED -> /work/classic/fr_mj200-calcium_ar/results/wrapup_n2500ci_T2000k/seed1  |ols|max=3.34e-02
[seed 1] T=5000000ms SAVED -> /work/classic/fr_mj200-calcium_ar/results/wrapup_n2500ci_T5000k/seed1  |ols|max=3.49e-02
[seed 1] mean rate 15.1 Hz  (all checkpoints saved)
[seed 2] simulating 5000000 ms (densify=False) ...

Aug 08 01:12:14 VPManager::initialize() [Info]: 
    OMP_NUM_THREADS is set in your environment, but NEST ignores it.
    For details, see the Guide to parallel computing in the NEST Documentation.

Aug 08 01:12:14 SimulationManager::set_status [Info]: 
    Temporal resolution changed from 0.1 to 0.1 ms.

Aug 08 01:12:14 NodeManager::prepare_nodes [Info]: 
    Preparing 2516 nodes for simulation.

Aug 08 01:12:14 SimulationManager::start_updating_ [Info]: 
    Number of local nodes: 2516
    Simulation time (ms): 5e+06
    Number of OpenMP threads: 8
    Not using MPI

Aug 08 01:20:11 SimulationManager::run [Info]: 
    Simulation finished.
Simulation finished in 476.6s
[seed 2] cached ground truth -> n2500_ci_seed2_T5000k_793c3fa1f9.npz
[seed 2] streaming moments + checkpoints ...
[seed 2] T=100000ms SAVED -> /work/classic/fr_mj200-calcium_ar/results/wrapup_n2500ci_T100k/seed2  |ols|max=3.46e-02
[seed 2] T=200000ms SAVED -> /work/classic/fr_mj200-calcium_ar/results/wrapup_n2500ci_T200k/seed2  |ols|max=3.29e-02
[seed 2] T=500000ms SAVED -> /work/classic/fr_mj200-calcium_ar/results/wrapup_n2500ci_T500k/seed2  |ols|max=3.03e-02
[seed 2] T=1000000ms SAVED -> /work/classic/fr_mj200-calcium_ar/results/wrapup_n2500ci_T1000k/seed2  |ols|max=3.17e-02
[seed 2] T=2000000ms SAVED -> /work/classic/fr_mj200-calcium_ar/results/wrapup_n2500ci_T2000k/seed2  |ols|max=3.29e-02
[seed 2] T=5000000ms SAVED -> /work/classic/fr_mj200-calcium_ar/results/wrapup_n2500ci_T5000k/seed2  |ols|max=3.32e-02
[seed 2] mean rate 15.1 Hz  (all checkpoints saved)
[seed 3] simulating 5000000 ms (densify=False) ...

Aug 08 01:43:00 VPManager::initialize() [Info]: 
    OMP_NUM_THREADS is set in your environment, but NEST ignores it.
    For details, see the Guide to parallel computing in the NEST Documentation.

Aug 08 01:43:00 SimulationManager::set_status [Info]: 
    Temporal resolution changed from 0.1 to 0.1 ms.

Aug 08 01:43:00 NodeManager::prepare_nodes [Info]: 
    Preparing 2516 nodes for simulation.

Aug 08 01:43:00 SimulationManager::start_updating_ [Info]: 
    Number of local nodes: 2516
    Simulation time (ms): 5e+06
    Number of OpenMP threads: 8
    Not using MPI

Aug 08 01:50:54 SimulationManager::run [Info]: 
    Simulation finished.
Simulation finished in 474.5s
[seed 3] cached ground truth -> n2500_ci_seed3_T5000k_c861a0ca8e.npz
[seed 3] streaming moments + checkpoints ...
[seed 3] T=100000ms SAVED -> /work/classic/fr_mj200-calcium_ar/results/wrapup_n2500ci_T100k/seed3  |ols|max=3.45e-02
[seed 3] T=200000ms SAVED -> /work/classic/fr_mj200-calcium_ar/results/wrapup_n2500ci_T200k/seed3  |ols|max=3.39e-02
[seed 3] T=500000ms SAVED -> /work/classic/fr_mj200-calcium_ar/results/wrapup_n2500ci_T500k/seed3  |ols|max=3.50e-02
[seed 3] T=1000000ms SAVED -> /work/classic/fr_mj200-calcium_ar/results/wrapup_n2500ci_T1000k/seed3  |ols|max=3.42e-02
[seed 3] T=2000000ms SAVED -> /work/classic/fr_mj200-calcium_ar/results/wrapup_n2500ci_T2000k/seed3  |ols|max=3.38e-02
[seed 3] T=5000000ms SAVED -> /work/classic/fr_mj200-calcium_ar/results/wrapup_n2500ci_T5000k/seed3  |ols|max=3.33e-02
[seed 3] mean rate 15.3 Hz  (all checkpoints saved)
[seed 4] simulating 5000000 ms (densify=False) ...

Aug 08 02:13:52 VPManager::initialize() [Info]: 
    OMP_NUM_THREADS is set in your environment, but NEST ignores it.
    For details, see the Guide to parallel computing in the NEST Documentation.

Aug 08 02:13:52 SimulationManager::set_status [Info]: 
    Temporal resolution changed from 0.1 to 0.1 ms.

Aug 08 02:13:52 NodeManager::prepare_nodes [Info]: 
    Preparing 2516 nodes for simulation.

Aug 08 02:13:52 SimulationManager::start_updating_ [Info]: 
    Number of local nodes: 2516
    Simulation time (ms): 5e+06
    Number of OpenMP threads: 8
    Not using MPI

Aug 08 02:21:47 SimulationManager::run [Info]: 
    Simulation finished.
Simulation finished in 475.3s
[seed 4] cached ground truth -> n2500_ci_seed4_T5000k_e023315ada.npz
[seed 4] streaming moments + checkpoints ...
[seed 4] T=100000ms SAVED -> /work/classic/fr_mj200-calcium_ar/results/wrapup_n2500ci_T100k/seed4  |ols|max=3.35e-02
[seed 4] T=200000ms SAVED -> /work/classic/fr_mj200-calcium_ar/results/wrapup_n2500ci_T200k/seed4  |ols|max=3.34e-02
[seed 4] T=500000ms SAVED -> /work/classic/fr_mj200-calcium_ar/results/wrapup_n2500ci_T500k/seed4  |ols|max=3.20e-02
[seed 4] T=1000000ms SAVED -> /work/classic/fr_mj200-calcium_ar/results/wrapup_n2500ci_T1000k/seed4  |ols|max=2.96e-02
[seed 4] T=2000000ms SAVED -> /work/classic/fr_mj200-calcium_ar/results/wrapup_n2500ci_T2000k/seed4  |ols|max=3.09e-02
[seed 4] T=5000000ms SAVED -> /work/classic/fr_mj200-calcium_ar/results/wrapup_n2500ci_T5000k/seed4  |ols|max=3.12e-02
[seed 4] mean rate 15.3 Hz  (all checkpoints saved)
[seed 5] simulating 5000000 ms (densify=False) ...

Aug 08 02:44:40 VPManager::initialize() [Info]: 
    OMP_NUM_THREADS is set in your environment, but NEST ignores it.
    For details, see the Guide to parallel computing in the NEST Documentation.

Aug 08 02:44:40 SimulationManager::set_status [Info]: 
    Temporal resolution changed from 0.1 to 0.1 ms.

Aug 08 02:44:40 NodeManager::prepare_nodes [Info]: 
    Preparing 2516 nodes for simulation.

Aug 08 02:44:40 SimulationManager::start_updating_ [Info]: 
    Number of local nodes: 2516
    Simulation time (ms): 5e+06
    Number of OpenMP threads: 8
    Not using MPI

Aug 08 02:52:35 SimulationManager::run [Info]: 
    Simulation finished.
Simulation finished in 474.9s
[seed 5] cached ground truth -> n2500_ci_seed5_T5000k_5de39df60f.npz
[seed 5] streaming moments + checkpoints ...
[seed 5] T=100000ms SAVED -> /work/classic/fr_mj200-calcium_ar/results/wrapup_n2500ci_T100k/seed5  |ols|max=3.31e-02
[seed 5] T=200000ms SAVED -> /work/classic/fr_mj200-calcium_ar/results/wrapup_n2500ci_T200k/seed5  |ols|max=2.94e-02
[seed 5] T=500000ms SAVED -> /work/classic/fr_mj200-calcium_ar/results/wrapup_n2500ci_T500k/seed5  |ols|max=2.88e-02
[seed 5] T=1000000ms SAVED -> /work/classic/fr_mj200-calcium_ar/results/wrapup_n2500ci_T1000k/seed5  |ols|max=2.76e-02
[seed 5] T=2000000ms SAVED -> /work/classic/fr_mj200-calcium_ar/results/wrapup_n2500ci_T2000k/seed5  |ols|max=2.72e-02
[seed 5] T=5000000ms SAVED -> /work/classic/fr_mj200-calcium_ar/results/wrapup_n2500ci_T5000k/seed5  |ols|max=2.80e-02
[seed 5] mean rate 15.1 Hz  (all checkpoints saved)

sweep complete
[seed1] ols       AUC=0.834 AUC_E=0.873 AUC_I=1.000 E_rec=0.485 I_rec=1.000 corr=0.450
[seed2] ols       AUC=0.835 AUC_E=0.873 AUC_I=1.000 E_rec=0.486 I_rec=1.000 corr=0.449
[seed3] ols       AUC=0.836 AUC_E=0.875 AUC_I=1.000 E_rec=0.490 I_rec=0.999 corr=0.453
[seed4] ols       AUC=0.836 AUC_E=0.875 AUC_I=1.000 E_rec=0.489 I_rec=1.000 corr=0.451
[seed5] ols       AUC=0.834 AUC_E=0.873 AUC_I=1.000 E_rec=0.486 I_rec=1.000 corr=0.449

wrote /work/classic/fr_mj200-calcium_ar/results/wrapup_n2500ci_T100k/metrics.csv  (5 rows)
[seed1] ols       AUC=0.910 AUC_E=0.933 AUC_I=1.000 E_rec=0.662 I_rec=1.000 corr=0.551
[seed2] ols       AUC=0.910 AUC_E=0.933 AUC_I=1.000 E_rec=0.664 I_rec=1.000 corr=0.549
[seed3] ols       AUC=0.911 AUC_E=0.934 AUC_I=1.000 E_rec=0.667 I_rec=1.000 corr=0.554
[seed4] ols       AUC=0.912 AUC_E=0.935 AUC_I=1.000 E_rec=0.670 I_rec=1.000 corr=0.552
[seed5] ols       AUC=0.911 AUC_E=0.934 AUC_I=1.000 E_rec=0.665 I_rec=1.000 corr=0.550

wrote /work/classic/fr_mj200-calcium_ar/results/wrapup_n2500ci_T200k/metrics.csv  (5 rows)
[seed1] ols       AUC=0.971 AUC_E=0.977 AUC_I=1.000 E_rec=0.861 I_rec=1.000 corr=0.655
[seed2] ols       AUC=0.971 AUC_E=0.977 AUC_I=1.000 E_rec=0.862 I_rec=1.000 corr=0.653
[seed3] ols       AUC=0.971 AUC_E=0.978 AUC_I=1.000 E_rec=0.863 I_rec=1.000 corr=0.656
[seed4] ols       AUC=0.972 AUC_E=0.978 AUC_I=1.000 E_rec=0.866 I_rec=1.000 corr=0.656
[seed5] ols       AUC=0.972 AUC_E=0.978 AUC_I=1.000 E_rec=0.865 I_rec=1.000 corr=0.655

wrote /work/classic/fr_mj200-calcium_ar/results/wrapup_n2500ci_T500k/metrics.csv  (5 rows)
[seed1] ols       AUC=0.988 AUC_E=0.989 AUC_I=1.000 E_rec=0.942 I_rec=1.000 corr=0.705
[seed2] ols       AUC=0.988 AUC_E=0.990 AUC_I=1.000 E_rec=0.942 I_rec=1.000 corr=0.703
[seed3] ols       AUC=0.988 AUC_E=0.990 AUC_I=1.000 E_rec=0.942 I_rec=1.000 corr=0.705
[seed4] ols       AUC=0.989 AUC_E=0.990 AUC_I=1.000 E_rec=0.945 I_rec=1.000 corr=0.705
[seed5] ols       AUC=0.989 AUC_E=0.990 AUC_I=1.000 E_rec=0.945 I_rec=1.000 corr=0.705

wrote /work/classic/fr_mj200-calcium_ar/results/wrapup_n2500ci_T1000k/metrics.csv  (5 rows)
[seed1] ols       AUC=0.994 AUC_E=0.994 AUC_I=1.000 E_rec=0.975 I_rec=1.000 corr=0.734
[seed2] ols       AUC=0.994 AUC_E=0.994 AUC_I=1.000 E_rec=0.975 I_rec=1.000 corr=0.733
[seed3] ols       AUC=0.994 AUC_E=0.994 AUC_I=1.000 E_rec=0.975 I_rec=1.000 corr=0.734
[seed4] ols       AUC=0.994 AUC_E=0.994 AUC_I=1.000 E_rec=0.976 I_rec=1.000 corr=0.734
[seed5] ols       AUC=0.994 AUC_E=0.994 AUC_I=1.000 E_rec=0.978 I_rec=1.000 corr=0.735

wrote /work/classic/fr_mj200-calcium_ar/results/wrapup_n2500ci_T2000k/metrics.csv  (5 rows)
[seed1] ols       AUC=0.996 AUC_E=0.996 AUC_I=1.000 E_rec=0.988 I_rec=1.000 corr=0.754
[seed2] ols       AUC=0.996 AUC_E=0.996 AUC_I=1.000 E_rec=0.989 I_rec=1.000 corr=0.752
[seed3] ols       AUC=0.996 AUC_E=0.996 AUC_I=1.000 E_rec=0.987 I_rec=1.000 corr=0.753
[seed4] ols       AUC=0.996 AUC_E=0.996 AUC_I=1.000 E_rec=0.989 I_rec=1.000 corr=0.754
[seed5] ols       AUC=0.996 AUC_E=0.996 AUC_I=1.000 E_rec=0.990 I_rec=1.000 corr=0.754

wrote /work/classic/fr_mj200-calcium_ar/results/wrapup_n2500ci_T5000k/metrics.csv  (5 rows)
done: Sat Aug  8 03:18:17 CEST 2026
--- copy home just these: ---
-rw-r--r-- 1 fr_mj200 fr_fr 1.3K Aug  8 03:17 /work/classic/fr_mj200-calcium_ar/results/wrapup_n2500ci_T1000k/metrics.csv
-rw-r--r-- 1 fr_mj200 fr_fr 1.3K Aug  8 03:15 /work/classic/fr_mj200-calcium_ar/results/wrapup_n2500ci_T100k/metrics.csv
-rw-r--r-- 1 fr_mj200 fr_fr 1.3K Aug  8 03:17 /work/classic/fr_mj200-calcium_ar/results/wrapup_n2500ci_T2000k/metrics.csv
-rw-r--r-- 1 fr_mj200 fr_fr 1.3K Aug  8 03:16 /work/classic/fr_mj200-calcium_ar/results/wrapup_n2500ci_T200k/metrics.csv
-rw-r--r-- 1 fr_mj200 fr_fr 1.3K Aug  8 03:18 /work/classic/fr_mj200-calcium_ar/results/wrapup_n2500ci_T5000k/metrics.csv
-rw-r--r-- 1 fr_mj200 fr_fr 1.3K Aug  8 03:16 /work/classic/fr_mj200-calcium_ar/results/wrapup_n2500ci_T500k/metrics.csv
