host: g3606   git: 819396c550a94c07c2c4fe176f6737ccbd6168f2   date: Sat Aug  8 08:07:07 CEST 2026   PY=/work/classic/fr_mj200-calcium_ar/env-gpu/bin/python
torch 2.6.0+cu124 cuda_available True
=== regime preflight: N=12500, fixed C_E=100 (eps=0.01), g=8, eta=1.30 ===
[INFO] [2026.8.8 8:7:11 /home/conda/feedstock_root/build_artifacts/nest-simulator_1744013459969/work/nestkernel/vp_manager.cpp:74 @ VPManager::initialize()] : OMP_NUM_THREADS is set in your environment, but NEST ignores it.
For details, see the Guide to parallel computing in the NEST Documentation.

              -- N E S T --
  Copyright (C) 2004 The NEST Initiative

 Version: 3.8.0
 Built: Apr  7 2025 08:14:12

 This program is provided AS IS and comes with
 NO WARRANTY. See the file LICENSE for details.

 Problems or suggestions?
   Visit https://www.nest-simulator.org

 Type 'nest.help()' to find out more about NEST.


Aug 08 08:07:11 VPManager::initialize() [Info]: 
    OMP_NUM_THREADS is set in your environment, but NEST ignores it.
    For details, see the Guide to parallel computing in the NEST Documentation.

Aug 08 08:07:12 SimulationManager::set_status [Info]: 
    Temporal resolution changed from 0.1 to 0.1 ms.

Aug 08 08:07:12 NodeManager::prepare_nodes [Info]: 
    Preparing 12532 nodes for simulation.

Aug 08 08:07:12 SimulationManager::start_updating_ [Info]: 
    Number of local nodes: 12532
    Simulation time (ms): 4000
    Number of OpenMP threads: 16
    Not using MPI

Aug 08 08:07:13 SimulationManager::run [Info]: 
    Simulation finished.
target rate ~14.0 Hz   g=8  V_reset=10  J*sqrt(C_E)=3.162 (x1.5)  [FIXED IN-DEGREE: C_E=100 for every size]

     N    eps   C_E      J   eta |   rate    CV   sync silent
--------------------------------------------------------------------
Simulation finished in 1.3s
 12500 0.0100   100  0.474  1.10 |   10.9  0.90  0.001   0.00

Aug 08 08:07:13 VPManager::initialize() [Info]: 
    OMP_NUM_THREADS is set in your environment, but NEST ignores it.
    For details, see the Guide to parallel computing in the NEST Documentation.

Aug 08 08:07:13 SimulationManager::set_status [Info]: 
    Temporal resolution changed from 0.1 to 0.1 ms.

Aug 08 08:07:13 NodeManager::prepare_nodes [Info]: 
    Preparing 12532 nodes for simulation.

Aug 08 08:07:14 SimulationManager::start_updating_ [Info]: 
    Number of local nodes: 12532
    Simulation time (ms): 4000
    Number of OpenMP threads: 16
    Not using MPI

Aug 08 08:07:15 SimulationManager::run [Info]: 
    Simulation finished.
Simulation finished in 1.4s
 12500 0.0100   100  0.474  1.20 |   13.0  0.94  0.001   0.00

Aug 08 08:07:15 VPManager::initialize() [Info]: 
    OMP_NUM_THREADS is set in your environment, but NEST ignores it.
    For details, see the Guide to parallel computing in the NEST Documentation.

Aug 08 08:07:15 SimulationManager::set_status [Info]: 
    Temporal resolution changed from 0.1 to 0.1 ms.

Aug 08 08:07:15 NodeManager::prepare_nodes [Info]: 
    Preparing 12532 nodes for simulation.

Aug 08 08:07:15 SimulationManager::start_updating_ [Info]: 
    Number of local nodes: 12532
    Simulation time (ms): 4000
    Number of OpenMP threads: 16
    Not using MPI

Aug 08 08:07:17 SimulationManager::run [Info]: 
    Simulation finished.
Simulation finished in 1.4s
 12500 0.0100   100  0.474  1.30 |   15.1  0.96  0.002   0.00

Aug 08 08:07:17 VPManager::initialize() [Info]: 
    OMP_NUM_THREADS is set in your environment, but NEST ignores it.
    For details, see the Guide to parallel computing in the NEST Documentation.

Aug 08 08:07:17 SimulationManager::set_status [Info]: 
    Temporal resolution changed from 0.1 to 0.1 ms.

Aug 08 08:07:17 NodeManager::prepare_nodes [Info]: 
    Preparing 12532 nodes for simulation.

Aug 08 08:07:17 SimulationManager::start_updating_ [Info]: 
    Number of local nodes: 12532
    Simulation time (ms): 4000
    Number of OpenMP threads: 16
    Not using MPI

Aug 08 08:07:19 SimulationManager::run [Info]: 
    Simulation finished.
Simulation finished in 1.5s
 12500 0.0100   100  0.474  1.40 |   17.2  1.01  0.001   0.00

Aug 08 08:07:19 VPManager::initialize() [Info]: 
    OMP_NUM_THREADS is set in your environment, but NEST ignores it.
    For details, see the Guide to parallel computing in the NEST Documentation.

Aug 08 08:07:19 SimulationManager::set_status [Info]: 
    Temporal resolution changed from 0.1 to 0.1 ms.

Aug 08 08:07:19 NodeManager::prepare_nodes [Info]: 
    Preparing 12532 nodes for simulation.

Aug 08 08:07:19 SimulationManager::start_updating_ [Info]: 
    Number of local nodes: 12532
    Simulation time (ms): 4000
    Number of OpenMP threads: 16
    Not using MPI

Aug 08 08:07:21 SimulationManager::run [Info]: 
    Simulation finished.
Simulation finished in 1.5s
 12500 0.0100   100  0.474  1.50 |   19.2  1.04  0.001   0.00
  -> N=12500: eta=1.20  rate=13.0 Hz  CV=0.94  sync=0.001  J=0.474

=== R.4 configs ===
  N= 12500: NE=10000  J=0.474  eta=1.20   (rate 13.0 Hz, CV 0.94, sync 0.001)
^^^ if the eta=1.30 row isn't close to 14Hz, STOP and re-tune before
    trusting the run below (edit n12500_ci's eta in wrapup_run.py).
net=n12500_ci g=8.0 eta=1.3  sweep(ms)=[100000.0, 200000.0, 500000.0, 1000000.0, 2000000.0, 5000000.0]  seeds=[1, 2, 3]  chunk_ms=5000.0
[seed 1] simulating 5000000 ms (densify=False) ...
[INFO] [2026.8.8 8:7:23 /home/conda/feedstock_root/build_artifacts/nest-simulator_1744013459969/work/nestkernel/vp_manager.cpp:74 @ VPManager::initialize()] : OMP_NUM_THREADS is set in your environment, but NEST ignores it.
For details, see the Guide to parallel computing in the NEST Documentation.

              -- N E S T --
  Copyright (C) 2004 The NEST Initiative

 Version: 3.8.0
 Built: Apr  7 2025 08:14:12

 This program is provided AS IS and comes with
 NO WARRANTY. See the file LICENSE for details.

 Problems or suggestions?
   Visit https://www.nest-simulator.org

 Type 'nest.help()' to find out more about NEST.


Aug 08 08:07:23 VPManager::initialize() [Info]: 
    OMP_NUM_THREADS is set in your environment, but NEST ignores it.
    For details, see the Guide to parallel computing in the NEST Documentation.

Aug 08 08:07:23 SimulationManager::set_status [Info]: 
    Temporal resolution changed from 0.1 to 0.1 ms.

Aug 08 08:07:23 NodeManager::prepare_nodes [Info]: 
    Preparing 12532 nodes for simulation.

Aug 08 08:07:23 SimulationManager::start_updating_ [Info]: 
    Number of local nodes: 12532
    Simulation time (ms): 5e+06
    Number of OpenMP threads: 16
    Not using MPI

Aug 08 08:27:21 SimulationManager::run [Info]: 
    Simulation finished.
Simulation finished in 1197.5s
[seed 1] cached ground truth -> n12500_ci_seed1_T5000k_e898b2735f.npz
[seed 1] streaming moments + checkpoints ...
[seed 1] T=100000ms SAVED -> /work/classic/fr_mj200-calcium_ar/results/wrapup_n12500ci_T100k/seed1  |ols|max=2.88e-02
[seed 1] T=200000ms SAVED -> /work/classic/fr_mj200-calcium_ar/results/wrapup_n12500ci_T200k/seed1  |ols|max=2.73e-02
[seed 1] T=500000ms SAVED -> /work/classic/fr_mj200-calcium_ar/results/wrapup_n12500ci_T500k/seed1  |ols|max=2.62e-02
[seed 1] T=1000000ms SAVED -> /work/classic/fr_mj200-calcium_ar/results/wrapup_n12500ci_T1000k/seed1  |ols|max=2.83e-02
[seed 1] T=2000000ms SAVED -> /work/classic/fr_mj200-calcium_ar/results/wrapup_n12500ci_T2000k/seed1  |ols|max=2.60e-02
[seed 1] T=5000000ms SAVED -> /work/classic/fr_mj200-calcium_ar/results/wrapup_n12500ci_T5000k/seed1  |ols|max=2.61e-02
[seed 1] mean rate 15.1 Hz  (all checkpoints saved)
[seed 2] simulating 5000000 ms (densify=False) ...

Aug 08 10:20:41 VPManager::initialize() [Info]: 
    OMP_NUM_THREADS is set in your environment, but NEST ignores it.
    For details, see the Guide to parallel computing in the NEST Documentation.

Aug 08 10:20:41 SimulationManager::set_status [Info]: 
    Temporal resolution changed from 0.1 to 0.1 ms.

Aug 08 10:20:41 NodeManager::prepare_nodes [Info]: 
    Preparing 12532 nodes for simulation.

Aug 08 10:20:41 SimulationManager::start_updating_ [Info]: 
    Number of local nodes: 12532
    Simulation time (ms): 5e+06
    Number of OpenMP threads: 16
    Not using MPI

Aug 08 10:40:28 SimulationManager::run [Info]: 
    Simulation finished.
Simulation finished in 1186.7s
[seed 2] cached ground truth -> n12500_ci_seed2_T5000k_18a8f076df.npz
[seed 2] streaming moments + checkpoints ...
[seed 2] T=100000ms SAVED -> /work/classic/fr_mj200-calcium_ar/results/wrapup_n12500ci_T100k/seed2  |ols|max=2.90e-02
[seed 2] T=200000ms SAVED -> /work/classic/fr_mj200-calcium_ar/results/wrapup_n12500ci_T200k/seed2  |ols|max=2.87e-02
[seed 2] T=500000ms SAVED -> /work/classic/fr_mj200-calcium_ar/results/wrapup_n12500ci_T500k/seed2  |ols|max=2.73e-02
[seed 2] T=1000000ms SAVED -> /work/classic/fr_mj200-calcium_ar/results/wrapup_n12500ci_T1000k/seed2  |ols|max=2.72e-02
[seed 2] T=2000000ms SAVED -> /work/classic/fr_mj200-calcium_ar/results/wrapup_n12500ci_T2000k/seed2  |ols|max=2.64e-02
[seed 2] T=5000000ms SAVED -> /work/classic/fr_mj200-calcium_ar/results/wrapup_n12500ci_T5000k/seed2  |ols|max=2.63e-02
[seed 2] mean rate 15.2 Hz  (all checkpoints saved)
[seed 3] simulating 5000000 ms (densify=False) ...

Aug 08 12:33:45 VPManager::initialize() [Info]: 
    OMP_NUM_THREADS is set in your environment, but NEST ignores it.
    For details, see the Guide to parallel computing in the NEST Documentation.

Aug 08 12:33:45 SimulationManager::set_status [Info]: 
    Temporal resolution changed from 0.1 to 0.1 ms.

Aug 08 12:33:45 NodeManager::prepare_nodes [Info]: 
    Preparing 12532 nodes for simulation.

Aug 08 12:33:46 SimulationManager::start_updating_ [Info]: 
    Number of local nodes: 12532
    Simulation time (ms): 5e+06
    Number of OpenMP threads: 16
    Not using MPI

Aug 08 12:53:26 SimulationManager::run [Info]: 
    Simulation finished.
Simulation finished in 1180.1s
[seed 3] cached ground truth -> n12500_ci_seed3_T5000k_6f6e3131ba.npz
[seed 3] streaming moments + checkpoints ...
[seed 3] T=100000ms SAVED -> /work/classic/fr_mj200-calcium_ar/results/wrapup_n12500ci_T100k/seed3  |ols|max=3.15e-02
[seed 3] T=200000ms SAVED -> /work/classic/fr_mj200-calcium_ar/results/wrapup_n12500ci_T200k/seed3  |ols|max=2.86e-02
[seed 3] T=500000ms SAVED -> /work/classic/fr_mj200-calcium_ar/results/wrapup_n12500ci_T500k/seed3  |ols|max=2.56e-02
[seed 3] T=1000000ms SAVED -> /work/classic/fr_mj200-calcium_ar/results/wrapup_n12500ci_T1000k/seed3  |ols|max=2.60e-02
[seed 3] T=2000000ms SAVED -> /work/classic/fr_mj200-calcium_ar/results/wrapup_n12500ci_T2000k/seed3  |ols|max=2.57e-02
[seed 3] T=5000000ms SAVED -> /work/classic/fr_mj200-calcium_ar/results/wrapup_n12500ci_T5000k/seed3  |ols|max=2.54e-02
[seed 3] mean rate 15.2 Hz  (all checkpoints saved)

sweep complete
[seed1] ols       AUC=0.834 AUC_E=0.877 AUC_I=1.000 E_rec=0.520 I_rec=1.000 corr=0.220
[seed2] ols       AUC=0.834 AUC_E=0.877 AUC_I=1.000 E_rec=0.521 I_rec=1.000 corr=0.220
[seed3] ols       AUC=0.834 AUC_E=0.877 AUC_I=1.000 E_rec=0.520 I_rec=0.999 corr=0.220

wrote /work/classic/fr_mj200-calcium_ar/results/wrapup_n12500ci_T100k/metrics.csv  (3 rows)
[seed1] ols       AUC=0.930 AUC_E=0.951 AUC_I=1.000 E_rec=0.767 I_rec=1.000 corr=0.308
[seed2] ols       AUC=0.930 AUC_E=0.952 AUC_I=1.000 E_rec=0.766 I_rec=1.000 corr=0.308
[seed3] ols       AUC=0.930 AUC_E=0.952 AUC_I=1.000 E_rec=0.768 I_rec=1.000 corr=0.308

wrote /work/classic/fr_mj200-calcium_ar/results/wrapup_n12500ci_T200k/metrics.csv  (3 rows)
[seed1] ols       AUC=0.992 AUC_E=0.994 AUC_I=1.000 E_rec=0.975 I_rec=1.000 corr=0.441
[seed2] ols       AUC=0.992 AUC_E=0.994 AUC_I=1.000 E_rec=0.975 I_rec=1.000 corr=0.442
[seed3] ols       AUC=0.992 AUC_E=0.994 AUC_I=1.000 E_rec=0.975 I_rec=1.000 corr=0.442

wrote /work/classic/fr_mj200-calcium_ar/results/wrapup_n12500ci_T500k/metrics.csv  (3 rows)
[seed1] ols       AUC=0.999 AUC_E=0.999 AUC_I=1.000 E_rec=0.999 I_rec=1.000 corr=0.540
[seed2] ols       AUC=0.999 AUC_E=0.999 AUC_I=1.000 E_rec=0.999 I_rec=1.000 corr=0.541
[seed3] ols       AUC=0.999 AUC_E=0.999 AUC_I=1.000 E_rec=0.999 I_rec=1.000 corr=0.541

wrote /work/classic/fr_mj200-calcium_ar/results/wrapup_n12500ci_T1000k/metrics.csv  (3 rows)
[seed1] ols       AUC=1.000 AUC_E=1.000 AUC_I=1.000 E_rec=1.000 I_rec=1.000 corr=0.622
[seed2] ols       AUC=1.000 AUC_E=1.000 AUC_I=1.000 E_rec=1.000 I_rec=1.000 corr=0.623
[seed3] ols       AUC=1.000 AUC_E=1.000 AUC_I=1.000 E_rec=1.000 I_rec=1.000 corr=0.624

wrote /work/classic/fr_mj200-calcium_ar/results/wrapup_n12500ci_T2000k/metrics.csv  (3 rows)
[seed1] ols       AUC=1.000 AUC_E=1.000 AUC_I=1.000 E_rec=1.000 I_rec=1.000 corr=0.693
[seed2] ols       AUC=1.000 AUC_E=1.000 AUC_I=1.000 E_rec=1.000 I_rec=1.000 corr=0.694
[seed3] ols       AUC=1.000 AUC_E=1.000 AUC_I=1.000 E_rec=1.000 I_rec=1.000 corr=0.694

wrote /work/classic/fr_mj200-calcium_ar/results/wrapup_n12500ci_T5000k/metrics.csv  (3 rows)
done: Sat Aug  8 14:52:02 CEST 2026
--- copy home just these: ---
-rw-r--r-- 1 fr_mj200 fr_fr 815 Aug  8 14:49 /work/classic/fr_mj200-calcium_ar/results/wrapup_n12500ci_T1000k/metrics.csv
-rw-r--r-- 1 fr_mj200 fr_fr 847 Aug  8 14:46 /work/classic/fr_mj200-calcium_ar/results/wrapup_n12500ci_T100k/metrics.csv
-rw-r--r-- 1 fr_mj200 fr_fr 785 Aug  8 14:51 /work/classic/fr_mj200-calcium_ar/results/wrapup_n12500ci_T2000k/metrics.csv
-rw-r--r-- 1 fr_mj200 fr_fr 830 Aug  8 14:47 /work/classic/fr_mj200-calcium_ar/results/wrapup_n12500ci_T200k/metrics.csv
-rw-r--r-- 1 fr_mj200 fr_fr 754 Aug  8 14:52 /work/classic/fr_mj200-calcium_ar/results/wrapup_n12500ci_T5000k/metrics.csv
-rw-r--r-- 1 fr_mj200 fr_fr 818 Aug  8 14:48 /work/classic/fr_mj200-calcium_ar/results/wrapup_n12500ci_T500k/metrics.csv
