host: n3206   git: 4deb8dedb9df4e56855f23b6ee1fd1c934d1ccd5   date: Thu Jul 30 12:12:52 CEST 2026
=== signal: spikes ===
net=n1250_r4 N=1250 dt=0.1 lag_est=20 (2.0ms)
lags(samples)=[0, 1, 3, 5, 10, 15, 20, 25, 30, 40, 60]  positive=[1, 3, 5, 10, 15, 20, 25, 30, 40, 60]
loaded n1250_r4_seed1_T500k_216b8d17a5.npz  (T=500k ms)
streamed; mean rate 15.1 Hz
  true E       median peak-lag=1.50ms  median asym=0.744  n=21760
  E false-pos  median peak-lag=2.00ms  median asym=0.677  n=91243
wrote /work/classic/fr_mj200-calcium_ar/results/r8b/r8b_n1250_r4_spikes.npz
=== signal: feed ===
net=n1250_r4 N=1250 dt=0.1 lag_est=20 (2.0ms)
lags(samples)=[0, 1, 3, 5, 10, 15, 20, 25, 30, 40, 60]  positive=[1, 3, 5, 10, 15, 20, 25, 30, 40, 60]
loaded n1250_r4_seed1_T500k_216b8d17a5.npz  (T=500k ms)
streamed; mean rate 15.1 Hz
  true E       median peak-lag=1.50ms  median asym=0.862  n=78996
  E false-pos  median peak-lag=1.50ms  median asym=0.275  n=38649
wrote /work/classic/fr_mj200-calcium_ar/results/r8b/r8b_n1250_r4_feed.npz
done: Thu Jul 30 12:29:38 CEST 2026
-rw-r--r-- 1 fr_mj200 fr_fr 21M Jul 30 12:29 /work/classic/fr_mj200-calcium_ar/results/r8b/r8b_n1250_r4_feed.npz
-rw-r--r-- 1 fr_mj200 fr_fr 21M Jul 30 12:18 /work/classic/fr_mj200-calcium_ar/results/r8b/r8b_n1250_r4_spikes.npz

rsync -avhz fr_mj200@login1.nemo.uni-freiburg.de:/work/classic/fr_mj200-calcium_ar/results/r8b/ ~/calcium_results/r8b/
