================== run info ==================
host:    n4123
date:    Thu Jul  2 22:50:56 CEST 2026
git:     9b39b05ee0f584076e653cd3a26c61091dd681b6 (dirty: no)
sweep:   tau   task: 1
cpus:    8
workdir: /work/classic/fr_mj200-calcium_ar
=============================================
[INFO] [2026.7.2 22:50:58 /home/conda/feedstock_root/build_artifacts/nest-simulator_1744013459969/work/nestkernel/vp_manager.cpp:74 @ VPManager::initialize()] : OMP_NUM_THREADS is set in your environment, but NEST ignores it.
For details, see the Guide to parallel computing in the NEST Documentation.

              -- N E S T --
  Copyright (C) 2004 The NEST Initiative

 Version: 3.8.0
 Built: Apr  7 2025 08:14:12

 This program is provided AS IS and comes with
 NO WARRANTY. See the file LICENSE for details.

 Problems or suggestions?
   Visit https://www.nest-simulator.org

 Type 'nest.help()' to find out more about NEST.


Jul 02 22:50:59 VPManager::initialize() [Info]: 
    OMP_NUM_THREADS is set in your environment, but NEST ignores it.
    For details, see the Guide to parallel computing in the NEST Documentation.

Jul 02 22:50:59 SimulationManager::set_status [Info]: 
    Temporal resolution changed from 0.1 to 0.1 ms.

Jul 02 22:50:59 NodeManager::prepare_nodes [Info]: 
    Preparing 1266 nodes for simulation.

Jul 02 22:50:59 SimulationManager::start_updating_ [Info]: 
    Number of local nodes: 1266
    Simulation time (ms): 50000
    Number of OpenMP threads: 8
    Not using MPI

Jul 02 22:51:01 SimulationManager::run [Info]: 
    Simulation finished.
[exp] python: /work/classic/fr_mj200-calcium_ar/env/bin/python  SWEEP=tau TASK=1
[exp] tau: tau=1.0 seed=2
[SimulatedDataset] Simulating Brunel network → s2_tau1_T50000
Simulation finished in 2.8s
[SimulatedDataset] Generating calcium signal …
[SimulatedDataset] Saved  N=1250  T=500000  → /work/classic/fr_mj200-calcium_ar/data/N1250/arxiv/s2_tau1_T50000
[n1250_tau_1.0_s2] done in 101.9s  pearson=0.390  auc=0.700
[SimulatedDataset] Loaded  N=1250  T=500000  ← /work/classic/fr_mj200-calcium_ar/data/N1250/arxiv/s2_tau1_T50000
  EN                 pearson=0.390 auc=0.700 type_acc=0.949 ei=3.71
  EN+Dale            pearson=0.511 auc=0.724 type_acc=0.854 ei=7.07
  EN+Dale+balance    pearson=0.577 auc=0.719 type_acc=0.854 ei=12.13
[exp] DONE tau tau=1.0 seed=2 -> /work/classic/fr_mj200-calcium_ar/results/n1250_sweeps/arxiv/tau/tau_1.0_s2/stages.csv
