================== run info ==================
host:    n3506
date:    Thu Jul  2 22:50:57 CEST 2026
git:     9b39b05ee0f584076e653cd3a26c61091dd681b6 (dirty: no)
sweep:   tau   task: 26
cpus:    8
workdir: /work/classic/fr_mj200-calcium_ar
=============================================
[INFO] [2026.7.2 22:51:0 /home/conda/feedstock_root/build_artifacts/nest-simulator_1744013459969/work/nestkernel/vp_manager.cpp:74 @ VPManager::initialize()] : OMP_NUM_THREADS is set in your environment, but NEST ignores it.
For details, see the Guide to parallel computing in the NEST Documentation.

              -- N E S T --
  Copyright (C) 2004 The NEST Initiative

 Version: 3.8.0
 Built: Apr  7 2025 08:14:12

 This program is provided AS IS and comes with
 NO WARRANTY. See the file LICENSE for details.

 Problems or suggestions?
   Visit https://www.nest-simulator.org

 Type 'nest.help()' to find out more about NEST.


Jul 02 22:51:00 VPManager::initialize() [Info]: 
    OMP_NUM_THREADS is set in your environment, but NEST ignores it.
    For details, see the Guide to parallel computing in the NEST Documentation.

Jul 02 22:51:00 SimulationManager::set_status [Info]: 
    Temporal resolution changed from 0.1 to 0.1 ms.

Jul 02 22:51:00 NodeManager::prepare_nodes [Info]: 
    Preparing 1266 nodes for simulation.

Jul 02 22:51:00 SimulationManager::start_updating_ [Info]: 
    Number of local nodes: 1266
    Simulation time (ms): 50000
    Number of OpenMP threads: 8
    Not using MPI

Jul 02 22:51:04 SimulationManager::run [Info]: 
    Simulation finished.
[exp] python: /work/classic/fr_mj200-calcium_ar/env/bin/python  SWEEP=tau TASK=26
[exp] tau: tau=400.0 seed=2
[SimulatedDataset] Simulating Brunel network → s2_tau400_T50000
Simulation finished in 3.6s
[SimulatedDataset] Generating calcium signal …
[SimulatedDataset] Saved  N=1250  T=500000  → /work/classic/fr_mj200-calcium_ar/data/N1250/arxiv/s2_tau400_T50000
[n1250_tau_400.0_s2] done in 106.0s  pearson=0.618  auc=0.788
[SimulatedDataset] Loaded  N=1250  T=500000  ← /work/classic/fr_mj200-calcium_ar/data/N1250/arxiv/s2_tau400_T50000
  EN                 pearson=0.618 auc=0.788 type_acc=0.834 ei=3.50
  EN+Dale            pearson=0.755 auc=0.813 type_acc=1.000 ei=5.72
  EN+Dale+balance    pearson=0.860 auc=0.793 type_acc=1.000 ei=18.61
[exp] DONE tau tau=400.0 seed=2 -> /work/classic/fr_mj200-calcium_ar/results/n1250_sweeps/arxiv/tau/tau_400.0_s2/stages.csv
