================== run info ==================
host:    n3103
date:    Thu Jul  2 22:50:51 CEST 2026
git:     9b39b05ee0f584076e653cd3a26c61091dd681b6 (dirty: no)
sweep:   lag   task: 1
cpus:    8
workdir: /work/classic/fr_mj200-calcium_ar
=============================================
[INFO] [2026.7.2 22:50:53 /home/conda/feedstock_root/build_artifacts/nest-simulator_1744013459969/work/nestkernel/vp_manager.cpp:74 @ VPManager::initialize()] : OMP_NUM_THREADS is set in your environment, but NEST ignores it.
For details, see the Guide to parallel computing in the NEST Documentation.

              -- N E S T --
  Copyright (C) 2004 The NEST Initiative

 Version: 3.8.0
 Built: Apr  7 2025 08:14:12

 This program is provided AS IS and comes with
 NO WARRANTY. See the file LICENSE for details.

 Problems or suggestions?
   Visit https://www.nest-simulator.org

 Type 'nest.help()' to find out more about NEST.


Jul 02 22:50:53 VPManager::initialize() [Info]: 
    OMP_NUM_THREADS is set in your environment, but NEST ignores it.
    For details, see the Guide to parallel computing in the NEST Documentation.

Jul 02 22:50:53 SimulationManager::set_status [Info]: 
    Temporal resolution changed from 0.1 to 0.1 ms.

Jul 02 22:50:53 NodeManager::prepare_nodes [Info]: 
    Preparing 1266 nodes for simulation.

Jul 02 22:50:53 SimulationManager::start_updating_ [Info]: 
    Number of local nodes: 1266
    Simulation time (ms): 50000
    Number of OpenMP threads: 8
    Not using MPI

Jul 02 22:50:57 SimulationManager::run [Info]: 
    Simulation finished.
[exp] python: /work/classic/fr_mj200-calcium_ar/env/bin/python  SWEEP=lag TASK=1
[exp] lag: lag_ms=0.5 seed=2
[SimulatedDataset] Simulating Brunel network → s2_tau100_T50000
Simulation finished in 3.9s
[SimulatedDataset] Generating calcium signal …
[SimulatedDataset] Saved  N=1250  T=500000  → /work/classic/fr_mj200-calcium_ar/data/N1250/arxiv/s2_tau100_T50000
Traceback (most recent call last):
  File "/work/classic/fr_mj200-calcium_ar/Calcium---AR/scripts/run_n1250_experiments.py", line 206, in <module>
    run_sweep_point(sweep, value, seed)
  File "/work/classic/fr_mj200-calcium_ar/Calcium---AR/scripts/run_n1250_experiments.py", line 150, in run_sweep_point
    result = run_single(cfg)                 # EN: saves feed + adj_inferred + per-task ledger
             ^^^^^^^^^^^^^^^
  File "/work/classic/fr_mj200-calcium_ar/Calcium---AR/calcium_ar/experiments/runner.py", line 199, in run_single
    calcium_zarr = ds.calcium           # zarr.Array — never fully loaded
                   ^^^^^^^^^^
  File "/work/classic/fr_mj200-calcium_ar/Calcium---AR/calcium_ar/data/dataset.py", line 100, in calcium
    return _load_zarr(self.path / self._CALCIUM_DIR)
           ^^^^^^^^^^^^^^^^^^^^^^^^^^^^^^^^^^^^^^^^^
  File "/work/classic/fr_mj200-calcium_ar/Calcium---AR/calcium_ar/data/dataset.py", line 65, in _load_zarr
    return zarr.open_array(str(path), mode="r")
           ^^^^^^^^^^^^^^^^^^^^^^^^^^^^^^^^^^^^
  File "/work/classic/fr_mj200-calcium_ar/env/lib/python3.12/site-packages/zarr/creation.py", line 626, in open_array
    raise ArrayNotFoundError(path)
zarr.errors.ArrayNotFoundError: array not found at path %r' ''
