host: n4105   git: 4e752e3775d6d5ae783cc5a95b7c09498de394de (dirty: no)   date: Sat Aug 15 21:49:15 CEST 2026
using adj_true.npy: /work/classic/fr_mj200-calcium_ar/results/wrapup_n1250r4_T10000k/seed1/adj_true.npy
N=1250 (E=1000, I=250)  tau_syn=10.0ms  y0=24.3Hz  sim_time=100000.0ms  seed=1
max|eig(G_raw)|=44.4756  coupling_scale=0.01574  max|eig(G_scaled)|=0.7000  (must be < 1)
simulating (exact thinning) ...
  ... 500000 events, t=28087/100000 ms, 862438 candidates, 18.5s elapsed
  ... 500000 events, t=28087/100000 ms, 862439 candidates, 18.5s elapsed
  ... 500000 events, t=28087/100000 ms, 862440 candidates, 18.5s elapsed
  ... 500000 events, t=28087/100000 ms, 862441 candidates, 18.5s elapsed
  ... 500000 events, t=28087/100000 ms, 862442 candidates, 18.5s elapsed
  ... 500000 events, t=28087/100000 ms, 862443 candidates, 18.5s elapsed
  ... 500000 events, t=28087/100000 ms, 862444 candidates, 18.5s elapsed
  ... 500000 events, t=28087/100000 ms, 862445 candidates, 18.5s elapsed
  ... 500000 events, t=28087/100000 ms, 862446 candidates, 18.5s elapsed
  ... 1000000 events, t=56266/100000 ms, 1726469 candidates, 36.9s elapsed
  ... 1500000 events, t=84362/100000 ms, 2588692 candidates, 55.5s elapsed
done: 1778242 events (3068896 candidates, 66.0s wall)  mean rate=14.23 Hz
rate check (Pernice Eq. 10 vs simulated, Fig. 2C-style):
  E: theory=14.07 Hz  sim=14.20 Hz
  I: theory=14.20 Hz  sim=14.34 Hz
wrote /work/classic/fr_mj200-calcium_ar/hawkes_events/n1250_tuned/idx.npy times_ms.npy adj_true.npy meta.npy
loaded 1778242 events, N=1250, sim_time=100000ms  (from /work/classic/fr_mj200-calcium_ar/hawkes_events/n1250_tuned)
streaming calcium -> deconvolution -> moments (same pipeline as LIF/PIF) ...
moments built. mean rate 14.23 Hz, estimated calcium tau 54.4ms (mean over 1250 neurons)
wrote /work/classic/fr_mj200-calcium_ar/results/hawkes_moments/n1250_calcium_tuned/Cxx.npy Cyx.npy adj_true.npy
sanity check (top-10% |A_ols|): precision=0.163  mean|A| true edges=0.003083  mean|A| non-edges=0.002526
done: Sat Aug 15 21:52:09 CEST 2026
