host: n3223   git: 3daca8b1   date: Thu Sep  3 16:38:35 CEST 2026
=== wrapup_n1250r4_T10000k  (5 estimate matrices) ===
[seed1] ols       AUC=0.979 E_rec=0.780 I_rec=1.000 corr=0.774 MCC3=0.787 MCC_E=0.750 MCC_I=0.937
[seed2] ols       AUC=0.980 E_rec=0.787 I_rec=1.000 corr=0.777 MCC3=0.793 MCC_E=0.756 MCC_I=0.942
[seed3] ols       AUC=0.978 E_rec=0.779 I_rec=1.000 corr=0.770 MCC3=0.786 MCC_E=0.750 MCC_I=0.933
[seed4] ols       AUC=0.980 E_rec=0.787 I_rec=1.000 corr=0.778 MCC3=0.793 MCC_E=0.757 MCC_I=0.938
[seed5] ols       AUC=0.975 E_rec=0.758 I_rec=1.000 corr=0.770 MCC3=0.769 MCC_E=0.730 MCC_I=0.923

wrote /work/classic/fr_mj200-calcium_ar/results/wrapup_n1250r4_T10000k/metrics.csv  (5 rows)
=== wrapup_n1250r4_T1000k  (5 estimate matrices) ===
[seed1] ols       AUC=0.962 E_rec=0.719 I_rec=1.000 corr=0.744 MCC3=0.735 MCC_E=0.691 MCC_I=0.911
[seed2] ols       AUC=0.965 E_rec=0.727 I_rec=1.000 corr=0.748 MCC3=0.742 MCC_E=0.699 MCC_I=0.913
[seed3] ols       AUC=0.962 E_rec=0.718 I_rec=1.000 corr=0.739 MCC3=0.734 MCC_E=0.690 MCC_I=0.908
[seed4] ols       AUC=0.964 E_rec=0.727 I_rec=1.000 corr=0.749 MCC3=0.742 MCC_E=0.700 MCC_I=0.911
[seed5] ols       AUC=0.965 E_rec=0.728 I_rec=1.000 corr=0.751 MCC3=0.743 MCC_E=0.701 MCC_I=0.910

wrote /work/classic/fr_mj200-calcium_ar/results/wrapup_n1250r4_T1000k/metrics.csv  (5 rows)
=== wrapup_n1250r4_T100k  (5 estimate matrices) ===
[seed1] ols       AUC=0.824 E_rec=0.417 I_rec=0.999 corr=0.562 MCC3=0.481 MCC_E=0.405 MCC_I=0.743
[seed2] ols       AUC=0.828 E_rec=0.422 I_rec=0.999 corr=0.565 MCC3=0.485 MCC_E=0.411 MCC_I=0.743
[seed3] ols       AUC=0.822 E_rec=0.413 I_rec=0.999 corr=0.553 MCC3=0.478 MCC_E=0.402 MCC_I=0.741
[seed4] ols       AUC=0.828 E_rec=0.424 I_rec=0.999 corr=0.567 MCC3=0.486 MCC_E=0.413 MCC_I=0.744
[seed5] ols       AUC=0.828 E_rec=0.421 I_rec=0.999 corr=0.568 MCC3=0.485 MCC_E=0.411 MCC_I=0.741

wrote /work/classic/fr_mj200-calcium_ar/results/wrapup_n1250r4_T100k/metrics.csv  (5 rows)
=== wrapup_n1250r4_T12k  (1 estimate matrices) ===
[seed1] ols       AUC=0.640 E_rec=0.183 I_rec=0.535 corr=0.277 MCC3=0.189 MCC_E=0.145 MCC_I=0.360

wrote /work/classic/fr_mj200-calcium_ar/results/wrapup_n1250r4_T12k/metrics.csv  (1 rows)
=== wrapup_n1250r4_T15000k  (5 estimate matrices) ===
[seed1] ols       AUC=0.979 E_rec=0.782 I_rec=1.000 corr=0.775 MCC3=0.789 MCC_E=0.752 MCC_I=0.938
[seed2] ols       AUC=0.981 E_rec=0.790 I_rec=1.000 corr=0.779 MCC3=0.795 MCC_E=0.759 MCC_I=0.943
[seed3] ols       AUC=0.979 E_rec=0.781 I_rec=1.000 corr=0.771 MCC3=0.787 MCC_E=0.751 MCC_I=0.934
[seed4] ols       AUC=0.980 E_rec=0.789 I_rec=1.000 corr=0.780 MCC3=0.795 MCC_E=0.759 MCC_I=0.939
[seed5] ols       AUC=0.969 E_rec=0.730 I_rec=1.000 corr=0.760 MCC3=0.744 MCC_E=0.705 MCC_I=0.902

wrote /work/classic/fr_mj200-calcium_ar/results/wrapup_n1250r4_T15000k/metrics.csv  (5 rows)
=== wrapup_n1250r4_T20000k  (5 estimate matrices) ===
[seed1] ols       AUC=0.980 E_rec=0.783 I_rec=1.000 corr=0.775 MCC3=0.790 MCC_E=0.753 MCC_I=0.939
[seed2] ols       AUC=0.981 E_rec=0.792 I_rec=1.000 corr=0.779 MCC3=0.797 MCC_E=0.760 MCC_I=0.943
[seed3] ols       AUC=0.979 E_rec=0.782 I_rec=1.000 corr=0.771 MCC3=0.789 MCC_E=0.753 MCC_I=0.934
[seed4] ols       AUC=0.981 E_rec=0.791 I_rec=1.000 corr=0.780 MCC3=0.796 MCC_E=0.761 MCC_I=0.940
[seed5] ols       AUC=0.963 E_rec=0.707 I_rec=1.000 corr=0.753 MCC3=0.725 MCC_E=0.685 MCC_I=0.885

wrote /work/classic/fr_mj200-calcium_ar/results/wrapup_n1250r4_T20000k/metrics.csv  (5 rows)
=== wrapup_n1250r4_T2000k  (5 estimate matrices) ===
[seed1] ols       AUC=0.972 E_rec=0.751 I_rec=1.000 corr=0.760 MCC3=0.763 MCC_E=0.722 MCC_I=0.927
[seed2] ols       AUC=0.973 E_rec=0.759 I_rec=1.000 corr=0.763 MCC3=0.769 MCC_E=0.729 MCC_I=0.930
[seed3] ols       AUC=0.971 E_rec=0.750 I_rec=1.000 corr=0.755 MCC3=0.761 MCC_E=0.721 MCC_I=0.923
[seed4] ols       AUC=0.973 E_rec=0.759 I_rec=1.000 corr=0.765 MCC3=0.769 MCC_E=0.730 MCC_I=0.928
[seed5] ols       AUC=0.974 E_rec=0.760 I_rec=1.000 corr=0.767 MCC3=0.770 MCC_E=0.731 MCC_I=0.926

wrote /work/classic/fr_mj200-calcium_ar/results/wrapup_n1250r4_T2000k/metrics.csv  (5 rows)
=== wrapup_n1250r4_T200k  (5 estimate matrices) ===
[seed1] ols       AUC=0.888 E_rec=0.535 I_rec=1.000 corr=0.645 MCC3=0.580 MCC_E=0.521 MCC_I=0.801
[seed2] ols       AUC=0.891 E_rec=0.542 I_rec=1.000 corr=0.648 MCC3=0.585 MCC_E=0.527 MCC_I=0.803
[seed3] ols       AUC=0.886 E_rec=0.533 I_rec=1.000 corr=0.638 MCC3=0.578 MCC_E=0.518 MCC_I=0.801
[seed4] ols       AUC=0.891 E_rec=0.543 I_rec=1.000 corr=0.650 MCC3=0.587 MCC_E=0.529 MCC_I=0.804
[seed5] ols       AUC=0.892 E_rec=0.544 I_rec=1.000 corr=0.652 MCC3=0.587 MCC_E=0.529 MCC_I=0.804

wrote /work/classic/fr_mj200-calcium_ar/results/wrapup_n1250r4_T200k/metrics.csv  (5 rows)
=== wrapup_n1250r4_T25k  (1 estimate matrices) ===
[seed1] ols       AUC=0.688 E_rec=0.224 I_rec=0.808 corr=0.351 MCC3=0.280 MCC_E=0.198 MCC_I=0.549

wrote /work/classic/fr_mj200-calcium_ar/results/wrapup_n1250r4_T25k/metrics.csv  (1 rows)
=== wrapup_n1250r4_T5000k  (5 estimate matrices) ===
[seed1] ols       AUC=0.976 E_rec=0.766 I_rec=1.000 corr=0.768 MCC3=0.775 MCC_E=0.736 MCC_I=0.934
[seed2] ols       AUC=0.977 E_rec=0.773 I_rec=1.000 corr=0.771 MCC3=0.781 MCC_E=0.742 MCC_I=0.938
[seed3] ols       AUC=0.975 E_rec=0.765 I_rec=1.000 corr=0.763 MCC3=0.774 MCC_E=0.736 MCC_I=0.930
[seed4] ols       AUC=0.977 E_rec=0.773 I_rec=1.000 corr=0.772 MCC3=0.781 MCC_E=0.742 MCC_I=0.935
[seed5] ols       AUC=0.978 E_rec=0.773 I_rec=1.000 corr=0.775 MCC3=0.781 MCC_E=0.743 MCC_I=0.934

wrote /work/classic/fr_mj200-calcium_ar/results/wrapup_n1250r4_T5000k/metrics.csv  (5 rows)
=== wrapup_n1250r4_T500k  (5 estimate matrices) ===
[seed1] ols       AUC=0.943 E_rec=0.661 I_rec=1.000 corr=0.715 MCC3=0.686 MCC_E=0.637 MCC_I=0.876
[seed2] ols       AUC=0.945 E_rec=0.669 I_rec=1.000 corr=0.718 MCC3=0.693 MCC_E=0.645 MCC_I=0.878
[seed3] ols       AUC=0.942 E_rec=0.659 I_rec=1.000 corr=0.709 MCC3=0.685 MCC_E=0.636 MCC_I=0.874
[seed4] ols       AUC=0.945 E_rec=0.670 I_rec=1.000 corr=0.721 MCC3=0.694 MCC_E=0.647 MCC_I=0.876
[seed5] ols       AUC=0.946 E_rec=0.670 I_rec=1.000 corr=0.722 MCC3=0.693 MCC_E=0.646 MCC_I=0.877

wrote /work/classic/fr_mj200-calcium_ar/results/wrapup_n1250r4_T500k/metrics.csv  (5 rows)
=== wrapup_n1250r4_T50k  (1 estimate matrices) ===
[seed1] ols       AUC=0.754 E_rec=0.304 I_rec=0.981 corr=0.456 MCC3=0.383 MCC_E=0.289 MCC_I=0.685

wrote /work/classic/fr_mj200-calcium_ar/results/wrapup_n1250r4_T50k/metrics.csv  (1 rows)
=== wrapup_n1250r4_T7500k  (5 estimate matrices) ===
[seed1] ols       AUC=0.978 E_rec=0.777 I_rec=1.000 corr=0.773 MCC3=0.785 MCC_E=0.747 MCC_I=0.937
[seed2] ols       AUC=0.980 E_rec=0.786 I_rec=1.000 corr=0.776 MCC3=0.792 MCC_E=0.755 MCC_I=0.941
[seed3] ols       AUC=0.978 E_rec=0.777 I_rec=1.000 corr=0.768 MCC3=0.784 MCC_E=0.747 MCC_I=0.933
[seed4] ols       AUC=0.979 E_rec=0.785 I_rec=1.000 corr=0.777 MCC3=0.791 MCC_E=0.755 MCC_I=0.938
[seed5] ols       AUC=0.978 E_rec=0.771 I_rec=1.000 corr=0.774 MCC3=0.780 MCC_E=0.741 MCC_I=0.934

wrote /work/classic/fr_mj200-calcium_ar/results/wrapup_n1250r4_T7500k/metrics.csv  (5 rows)
=== wrapup_n2500r4_T10000k  (5 estimate matrices) ===
[seed1] ols       AUC=0.963 E_rec=0.715 I_rec=1.000 corr=0.829 MCC3=0.732 MCC_E=0.693 MCC_I=0.885
[seed2] ols       AUC=0.962 E_rec=0.709 I_rec=1.000 corr=0.827 MCC3=0.727 MCC_E=0.689 MCC_I=0.878
[seed3] ols       AUC=0.964 E_rec=0.713 I_rec=1.000 corr=0.830 MCC3=0.730 MCC_E=0.693 MCC_I=0.880
[seed4] ols       AUC=0.962 E_rec=0.708 I_rec=1.000 corr=0.825 MCC3=0.726 MCC_E=0.687 MCC_I=0.878
[seed5] ols       AUC=0.954 E_rec=0.679 I_rec=1.000 corr=0.815 MCC3=0.701 MCC_E=0.660 MCC_I=0.862

wrote /work/classic/fr_mj200-calcium_ar/results/wrapup_n2500r4_T10000k/metrics.csv  (5 rows)
=== wrapup_n2500r4_T1000k  (5 estimate matrices) ===
[seed1] ols       AUC=0.919 E_rec=0.597 I_rec=1.000 corr=0.777 MCC3=0.632 MCC_E=0.584 MCC_I=0.816
[seed2] ols       AUC=0.918 E_rec=0.591 I_rec=1.000 corr=0.774 MCC3=0.627 MCC_E=0.579 MCC_I=0.813
[seed3] ols       AUC=0.920 E_rec=0.597 I_rec=1.000 corr=0.778 MCC3=0.632 MCC_E=0.584 MCC_I=0.816
[seed4] ols       AUC=0.917 E_rec=0.589 I_rec=1.000 corr=0.771 MCC3=0.626 MCC_E=0.577 MCC_I=0.813
[seed5] ols       AUC=0.919 E_rec=0.593 I_rec=1.000 corr=0.775 MCC3=0.629 MCC_E=0.581 MCC_I=0.814

wrote /work/classic/fr_mj200-calcium_ar/results/wrapup_n2500r4_T1000k/metrics.csv  (5 rows)
=== wrapup_n2500r4_T100k  (5 estimate matrices) ===
[seed1] ols       AUC=0.731 E_rec=0.263 I_rec=0.998 corr=0.515 MCC3=0.353 MCC_E=0.253 MCC_I=0.662
[seed2] ols       AUC=0.730 E_rec=0.261 I_rec=0.998 corr=0.513 MCC3=0.351 MCC_E=0.250 MCC_I=0.661
[seed3] ols       AUC=0.731 E_rec=0.264 I_rec=0.999 corr=0.519 MCC3=0.354 MCC_E=0.254 MCC_I=0.662
[seed4] ols       AUC=0.728 E_rec=0.260 I_rec=0.998 corr=0.508 MCC3=0.350 MCC_E=0.249 MCC_I=0.661
[seed5] ols       AUC=0.730 E_rec=0.261 I_rec=0.998 corr=0.513 MCC3=0.352 MCC_E=0.251 MCC_I=0.661

wrote /work/classic/fr_mj200-calcium_ar/results/wrapup_n2500r4_T100k/metrics.csv  (5 rows)
=== wrapup_n2500r4_T15000k  (5 estimate matrices) ===
[seed1] ols       AUC=0.965 E_rec=0.720 I_rec=1.000 corr=0.831 MCC3=0.736 MCC_E=0.698 MCC_I=0.888
[seed2] ols       AUC=0.964 E_rec=0.715 I_rec=1.000 corr=0.829 MCC3=0.731 MCC_E=0.694 MCC_I=0.881
[seed3] ols       AUC=0.965 E_rec=0.718 I_rec=1.000 corr=0.832 MCC3=0.734 MCC_E=0.697 MCC_I=0.883
[seed4] ols       AUC=0.963 E_rec=0.713 I_rec=1.000 corr=0.827 MCC3=0.730 MCC_E=0.693 MCC_I=0.881
[seed5] ols       AUC=0.946 E_rec=0.649 I_rec=1.000 corr=0.805 MCC3=0.676 MCC_E=0.635 MCC_I=0.841

wrote /work/classic/fr_mj200-calcium_ar/results/wrapup_n2500r4_T15000k/metrics.csv  (5 rows)
=== wrapup_n2500r4_T20000k  (5 estimate matrices) ===
[seed1] ols       AUC=0.966 E_rec=0.723 I_rec=1.000 corr=0.832 MCC3=0.738 MCC_E=0.701 MCC_I=0.889
[seed2] ols       AUC=0.965 E_rec=0.717 I_rec=1.000 corr=0.830 MCC3=0.733 MCC_E=0.696 MCC_I=0.882
[seed3] ols       AUC=0.966 E_rec=0.721 I_rec=1.000 corr=0.833 MCC3=0.737 MCC_E=0.700 MCC_I=0.884
[seed4] ols       AUC=0.964 E_rec=0.716 I_rec=1.000 corr=0.828 MCC3=0.733 MCC_E=0.695 MCC_I=0.882
[seed5] ols       AUC=0.939 E_rec=0.627 I_rec=1.000 corr=0.798 MCC3=0.657 MCC_E=0.615 MCC_I=0.826

wrote /work/classic/fr_mj200-calcium_ar/results/wrapup_n2500r4_T20000k/metrics.csv  (5 rows)
=== wrapup_n2500r4_T2000k  (5 estimate matrices) ===
[seed1] ols       AUC=0.944 E_rec=0.657 I_rec=1.000 corr=0.805 MCC3=0.683 MCC_E=0.639 MCC_I=0.852
[seed2] ols       AUC=0.942 E_rec=0.651 I_rec=1.000 corr=0.802 MCC3=0.678 MCC_E=0.635 MCC_I=0.848
[seed3] ols       AUC=0.944 E_rec=0.656 I_rec=1.000 corr=0.806 MCC3=0.682 MCC_E=0.639 MCC_I=0.850
[seed4] ols       AUC=0.942 E_rec=0.650 I_rec=1.000 corr=0.800 MCC3=0.677 MCC_E=0.634 MCC_I=0.847
[seed5] ols       AUC=0.943 E_rec=0.653 I_rec=1.000 corr=0.803 MCC3=0.679 MCC_E=0.636 MCC_I=0.848

wrote /work/classic/fr_mj200-calcium_ar/results/wrapup_n2500r4_T2000k/metrics.csv  (5 rows)
=== wrapup_n2500r4_T200k  (5 estimate matrices) ===
[seed1] ols       AUC=0.795 E_rec=0.363 I_rec=1.000 corr=0.623 MCC3=0.436 MCC_E=0.358 MCC_I=0.700
[seed2] ols       AUC=0.793 E_rec=0.359 I_rec=1.000 corr=0.620 MCC3=0.433 MCC_E=0.355 MCC_I=0.700
[seed3] ols       AUC=0.796 E_rec=0.364 I_rec=1.000 corr=0.626 MCC3=0.437 MCC_E=0.360 MCC_I=0.700
[seed4] ols       AUC=0.792 E_rec=0.357 I_rec=1.000 corr=0.616 MCC3=0.431 MCC_E=0.352 MCC_I=0.699
[seed5] ols       AUC=0.795 E_rec=0.361 I_rec=1.000 corr=0.622 MCC3=0.434 MCC_E=0.356 MCC_I=0.699

wrote /work/classic/fr_mj200-calcium_ar/results/wrapup_n2500r4_T200k/metrics.csv  (5 rows)
=== wrapup_n2500r4_T400k  (1 estimate matrices) ===
[seed1] ols       AUC=0.858 E_rec=0.472 I_rec=1.000 corr=0.707 MCC3=0.527 MCC_E=0.466 MCC_I=0.749

wrote /work/classic/fr_mj200-calcium_ar/results/wrapup_n2500r4_T400k/metrics.csv  (1 rows)
=== wrapup_n2500r4_T5000k  (5 estimate matrices) ===
[seed1] ols       AUC=0.959 E_rec=0.700 I_rec=1.000 corr=0.823 MCC3=0.719 MCC_E=0.679 MCC_I=0.876
[seed2] ols       AUC=0.957 E_rec=0.694 I_rec=1.000 corr=0.820 MCC3=0.714 MCC_E=0.675 MCC_I=0.871
[seed3] ols       AUC=0.959 E_rec=0.698 I_rec=1.000 corr=0.824 MCC3=0.718 MCC_E=0.679 MCC_I=0.872
[seed4] ols       AUC=0.957 E_rec=0.692 I_rec=1.000 corr=0.818 MCC3=0.713 MCC_E=0.673 MCC_I=0.870
[seed5] ols       AUC=0.956 E_rec=0.688 I_rec=1.000 corr=0.818 MCC3=0.709 MCC_E=0.668 MCC_I=0.871

wrote /work/classic/fr_mj200-calcium_ar/results/wrapup_n2500r4_T5000k/metrics.csv  (5 rows)
=== wrapup_n2500r4_T500k  (5 estimate matrices) ===
[seed1] ols       AUC=0.877 E_rec=0.506 I_rec=1.000 corr=0.728 MCC3=0.556 MCC_E=0.499 MCC_I=0.767
[seed2] ols       AUC=0.875 E_rec=0.503 I_rec=1.000 corr=0.726 MCC3=0.553 MCC_E=0.496 MCC_I=0.765
[seed3] ols       AUC=0.878 E_rec=0.507 I_rec=1.000 corr=0.731 MCC3=0.557 MCC_E=0.501 MCC_I=0.767
[seed4] ols       AUC=0.874 E_rec=0.500 I_rec=1.000 corr=0.722 MCC3=0.550 MCC_E=0.493 MCC_I=0.764
[seed5] ols       AUC=0.876 E_rec=0.504 I_rec=1.000 corr=0.727 MCC3=0.554 MCC_E=0.498 MCC_I=0.766

wrote /work/classic/fr_mj200-calcium_ar/results/wrapup_n2500r4_T500k/metrics.csv  (5 rows)
=== wrapup_n2500r4_T7500k  (5 estimate matrices) ===
[seed1] ols       AUC=0.962 E_rec=0.710 I_rec=1.000 corr=0.827 MCC3=0.727 MCC_E=0.689 MCC_I=0.883
[seed2] ols       AUC=0.961 E_rec=0.704 I_rec=1.000 corr=0.825 MCC3=0.723 MCC_E=0.684 MCC_I=0.876
[seed3] ols       AUC=0.962 E_rec=0.708 I_rec=1.000 corr=0.828 MCC3=0.726 MCC_E=0.688 MCC_I=0.878
[seed4] ols       AUC=0.960 E_rec=0.702 I_rec=1.000 corr=0.823 MCC3=0.721 MCC_E=0.682 MCC_I=0.876
[seed5] ols       AUC=0.957 E_rec=0.691 I_rec=1.000 corr=0.819 MCC3=0.711 MCC_E=0.670 MCC_I=0.874

wrote /work/classic/fr_mj200-calcium_ar/results/wrapup_n2500r4_T7500k/metrics.csv  (5 rows)
=== wrapup_n5000r4_T10000k  (4 estimate matrices) ===
[seed1] ols       AUC=0.938 E_rec=0.631 I_rec=1.000 corr=0.858 MCC3=0.661 MCC_E=0.622 MCC_I=0.817
[seed2] ols       AUC=0.938 E_rec=0.630 I_rec=1.000 corr=0.857 MCC3=0.659 MCC_E=0.621 MCC_I=0.815
[seed3] ols       AUC=0.938 E_rec=0.632 I_rec=1.000 corr=0.858 MCC3=0.661 MCC_E=0.622 MCC_I=0.817
[seed4] ols       AUC=0.938 E_rec=0.632 I_rec=1.000 corr=0.858 MCC3=0.661 MCC_E=0.623 MCC_I=0.816

wrote /work/classic/fr_mj200-calcium_ar/results/wrapup_n5000r4_T10000k/metrics.csv  (4 rows)
=== wrapup_n5000r4_T1000k  (5 estimate matrices) ===
[seed1] ols       AUC=0.851 E_rec=0.450 I_rec=1.000 corr=0.775 MCC3=0.509 MCC_E=0.451 MCC_I=0.724
[seed2] ols       AUC=0.850 E_rec=0.450 I_rec=1.000 corr=0.774 MCC3=0.508 MCC_E=0.451 MCC_I=0.723
[seed3] ols       AUC=0.851 E_rec=0.451 I_rec=1.000 corr=0.774 MCC3=0.509 MCC_E=0.452 MCC_I=0.724
[seed4] ols       AUC=0.852 E_rec=0.453 I_rec=1.000 corr=0.776 MCC3=0.512 MCC_E=0.455 MCC_I=0.725
[seed5] ols       AUC=0.853 E_rec=0.454 I_rec=1.000 corr=0.777 MCC3=0.512 MCC_E=0.455 MCC_I=0.726

wrote /work/classic/fr_mj200-calcium_ar/results/wrapup_n5000r4_T1000k/metrics.csv  (5 rows)
=== wrapup_n5000r4_T100k  (5 estimate matrices) ===
[seed1] ols       AUC=0.667 E_rec=0.168 I_rec=0.984 corr=0.450 MCC3=0.274 MCC_E=0.150 MCC_I=0.612
[seed2] ols       AUC=0.667 E_rec=0.168 I_rec=0.983 corr=0.450 MCC3=0.272 MCC_E=0.149 MCC_I=0.610
[seed3] ols       AUC=0.667 E_rec=0.168 I_rec=0.984 corr=0.449 MCC3=0.272 MCC_E=0.150 MCC_I=0.610
[seed4] ols       AUC=0.668 E_rec=0.169 I_rec=0.985 corr=0.452 MCC3=0.274 MCC_E=0.151 MCC_I=0.611
[seed5] ols       AUC=0.668 E_rec=0.169 I_rec=0.986 corr=0.453 MCC3=0.274 MCC_E=0.151 MCC_I=0.613

wrote /work/classic/fr_mj200-calcium_ar/results/wrapup_n5000r4_T100k/metrics.csv  (5 rows)
=== wrapup_n5000r4_T15000k  (4 estimate matrices) ===
[seed1] ols       AUC=0.942 E_rec=0.640 I_rec=1.000 corr=0.861 MCC3=0.669 MCC_E=0.631 MCC_I=0.823
[seed2] ols       AUC=0.942 E_rec=0.640 I_rec=1.000 corr=0.861 MCC3=0.667 MCC_E=0.630 MCC_I=0.820
[seed3] ols       AUC=0.942 E_rec=0.641 I_rec=1.000 corr=0.861 MCC3=0.669 MCC_E=0.631 MCC_I=0.822
[seed4] ols       AUC=0.942 E_rec=0.642 I_rec=1.000 corr=0.862 MCC3=0.670 MCC_E=0.632 MCC_I=0.822

wrote /work/classic/fr_mj200-calcium_ar/results/wrapup_n5000r4_T15000k/metrics.csv  (4 rows)
=== wrapup_n5000r4_T20000k  (4 estimate matrices) ===
[seed1] ols       AUC=0.944 E_rec=0.645 I_rec=1.000 corr=0.863 MCC3=0.673 MCC_E=0.635 MCC_I=0.825
[seed2] ols       AUC=0.944 E_rec=0.645 I_rec=1.000 corr=0.863 MCC3=0.672 MCC_E=0.635 MCC_I=0.822
[seed3] ols       AUC=0.944 E_rec=0.646 I_rec=1.000 corr=0.863 MCC3=0.673 MCC_E=0.636 MCC_I=0.824
[seed4] ols       AUC=0.944 E_rec=0.647 I_rec=1.000 corr=0.864 MCC3=0.674 MCC_E=0.637 MCC_I=0.824

wrote /work/classic/fr_mj200-calcium_ar/results/wrapup_n5000r4_T20000k/metrics.csv  (4 rows)
=== wrapup_n5000r4_T2000k  (5 estimate matrices) ===
[seed1] ols       AUC=0.894 E_rec=0.533 I_rec=1.000 corr=0.818 MCC3=0.579 MCC_E=0.531 MCC_I=0.765
[seed2] ols       AUC=0.894 E_rec=0.532 I_rec=1.000 corr=0.817 MCC3=0.577 MCC_E=0.530 MCC_I=0.763
[seed3] ols       AUC=0.895 E_rec=0.534 I_rec=1.000 corr=0.818 MCC3=0.579 MCC_E=0.531 MCC_I=0.764
[seed4] ols       AUC=0.895 E_rec=0.536 I_rec=1.000 corr=0.818 MCC3=0.581 MCC_E=0.534 MCC_I=0.764
[seed5] ols       AUC=0.896 E_rec=0.536 I_rec=1.000 corr=0.820 MCC3=0.581 MCC_E=0.534 MCC_I=0.766

wrote /work/classic/fr_mj200-calcium_ar/results/wrapup_n5000r4_T2000k/metrics.csv  (5 rows)
=== wrapup_n5000r4_T200k  (5 estimate matrices) ===
[seed1] ols       AUC=0.714 E_rec=0.233 I_rec=1.000 corr=0.570 MCC3=0.330 MCC_E=0.225 MCC_I=0.641
[seed2] ols       AUC=0.714 E_rec=0.234 I_rec=1.000 corr=0.570 MCC3=0.329 MCC_E=0.225 MCC_I=0.640
[seed3] ols       AUC=0.714 E_rec=0.234 I_rec=1.000 corr=0.569 MCC3=0.329 MCC_E=0.226 MCC_I=0.639
[seed4] ols       AUC=0.715 E_rec=0.235 I_rec=1.000 corr=0.572 MCC3=0.331 MCC_E=0.227 MCC_I=0.640
[seed5] ols       AUC=0.715 E_rec=0.235 I_rec=1.000 corr=0.573 MCC3=0.331 MCC_E=0.228 MCC_I=0.641

wrote /work/classic/fr_mj200-calcium_ar/results/wrapup_n5000r4_T200k/metrics.csv  (5 rows)
=== wrapup_n5000r4_T400k  (1 estimate matrices) ===
[seed1] ols       AUC=0.773 E_rec=0.322 I_rec=1.000 corr=0.677 MCC3=0.402 MCC_E=0.321 MCC_I=0.672

wrote /work/classic/fr_mj200-calcium_ar/results/wrapup_n5000r4_T400k/metrics.csv  (1 rows)
=== wrapup_n5000r4_T5000k  (5 estimate matrices) ===
[seed1] ols       AUC=0.926 E_rec=0.603 I_rec=1.000 corr=0.847 MCC3=0.638 MCC_E=0.596 MCC_I=0.802
[seed2] ols       AUC=0.926 E_rec=0.602 I_rec=1.000 corr=0.847 MCC3=0.636 MCC_E=0.595 MCC_I=0.799
[seed3] ols       AUC=0.927 E_rec=0.603 I_rec=1.000 corr=0.847 MCC3=0.637 MCC_E=0.596 MCC_I=0.801
[seed4] ols       AUC=0.927 E_rec=0.604 I_rec=1.000 corr=0.848 MCC3=0.638 MCC_E=0.598 MCC_I=0.801
[seed5] ols       AUC=0.928 E_rec=0.606 I_rec=1.000 corr=0.849 MCC3=0.640 MCC_E=0.599 MCC_I=0.804

wrote /work/classic/fr_mj200-calcium_ar/results/wrapup_n5000r4_T5000k/metrics.csv  (5 rows)
=== wrapup_n5000r4_T500k  (5 estimate matrices) ===
[seed1] ols       AUC=0.793 E_rec=0.353 I_rec=1.000 corr=0.705 MCC3=0.428 MCC_E=0.354 MCC_I=0.683
[seed2] ols       AUC=0.792 E_rec=0.353 I_rec=1.000 corr=0.705 MCC3=0.427 MCC_E=0.353 MCC_I=0.682
[seed3] ols       AUC=0.793 E_rec=0.353 I_rec=1.000 corr=0.704 MCC3=0.428 MCC_E=0.354 MCC_I=0.683
[seed4] ols       AUC=0.794 E_rec=0.356 I_rec=1.000 corr=0.706 MCC3=0.430 MCC_E=0.357 MCC_I=0.683
[seed5] ols       AUC=0.794 E_rec=0.355 I_rec=1.000 corr=0.708 MCC3=0.430 MCC_E=0.356 MCC_I=0.684

wrote /work/classic/fr_mj200-calcium_ar/results/wrapup_n5000r4_T500k/metrics.csv  (5 rows)
=== wrapup_n5000r4_T7500k  (4 estimate matrices) ===
[seed1] ols       AUC=0.934 E_rec=0.621 I_rec=1.000 corr=0.854 MCC3=0.653 MCC_E=0.613 MCC_I=0.812
[seed2] ols       AUC=0.934 E_rec=0.620 I_rec=1.000 corr=0.854 MCC3=0.651 MCC_E=0.612 MCC_I=0.809
[seed3] ols       AUC=0.934 E_rec=0.622 I_rec=1.000 corr=0.854 MCC3=0.653 MCC_E=0.614 MCC_I=0.812
[seed4] ols       AUC=0.935 E_rec=0.623 I_rec=1.000 corr=0.855 MCC3=0.653 MCC_E=0.614 MCC_I=0.811

wrote /work/classic/fr_mj200-calcium_ar/results/wrapup_n5000r4_T7500k/metrics.csv  (4 rows)
=== wrapup_n5000r4_T800k  (1 estimate matrices) ===
[seed1] ols       AUC=0.834 E_rec=0.420 I_rec=1.000 corr=0.756 MCC3=0.485 MCC_E=0.422 MCC_I=0.712

wrote /work/classic/fr_mj200-calcium_ar/results/wrapup_n5000r4_T800k/metrics.csv  (1 rows)
=== wrapup_n12500r4_T10000k  (3 estimate matrices) ===
[seed1] ols       AUC=0.895 E_rec=0.522 I_rec=1.000 corr=0.859 MCC3=0.570 MCC_E=0.530 MCC_I=0.735
[seed2] ols       AUC=0.894 E_rec=0.521 I_rec=1.000 corr=0.858 MCC3=0.568 MCC_E=0.529 MCC_I=0.734
[seed3] ols       AUC=0.895 E_rec=0.523 I_rec=1.000 corr=0.859 MCC3=0.570 MCC_E=0.531 MCC_I=0.736

wrote /work/classic/fr_mj200-calcium_ar/results/wrapup_n12500r4_T10000k/metrics.csv  (3 rows)
=== wrapup_n12500r4_T1000k  (5 estimate matrices) ===
[seed1] ols       AUC=0.745 E_rec=0.274 I_rec=1.000 corr=0.697 MCC3=0.363 MCC_E=0.277 MCC_I=0.641
[seed2] ols       AUC=0.745 E_rec=0.274 I_rec=1.000 corr=0.696 MCC3=0.362 MCC_E=0.276 MCC_I=0.640
[seed3] ols       AUC=0.745 E_rec=0.275 I_rec=1.000 corr=0.697 MCC3=0.363 MCC_E=0.277 MCC_I=0.640
[seed4] ols       AUC=0.744 E_rec=0.273 I_rec=1.000 corr=0.695 MCC3=0.362 MCC_E=0.275 MCC_I=0.640
[seed5] ols       AUC=0.745 E_rec=0.275 I_rec=1.000 corr=0.698 MCC3=0.364 MCC_E=0.278 MCC_I=0.641

wrote /work/classic/fr_mj200-calcium_ar/results/wrapup_n12500r4_T1000k/metrics.csv  (5 rows)
=== wrapup_n12500r4_T100k  (5 estimate matrices) ===
[seed1] ols       AUC=0.607 E_rec=0.103 I_rec=0.735 corr=0.312 MCC3=0.171 MCC_E=0.071 MCC_I=0.437
[seed2] ols       AUC=0.608 E_rec=0.104 I_rec=0.736 corr=0.312 MCC3=0.171 MCC_E=0.071 MCC_I=0.438
[seed3] ols       AUC=0.608 E_rec=0.104 I_rec=0.736 corr=0.312 MCC3=0.171 MCC_E=0.071 MCC_I=0.438
[seed4] ols       AUC=0.607 E_rec=0.104 I_rec=0.736 corr=0.312 MCC3=0.171 MCC_E=0.071 MCC_I=0.438
[seed5] ols       AUC=0.608 E_rec=0.104 I_rec=0.737 corr=0.313 MCC3=0.172 MCC_E=0.071 MCC_I=0.439

wrote /work/classic/fr_mj200-calcium_ar/results/wrapup_n12500r4_T100k/metrics.csv  (5 rows)
=== wrapup_n12500r4_T12000k  (7 estimate matrices) ===
[seed201] ols       AUC=0.885 E_rec=0.497 I_rec=1.000 corr=0.836 MCC3=0.549 MCC_E=0.512 MCC_I=0.712
[seed202] ols       AUC=0.885 E_rec=0.497 I_rec=1.000 corr=0.836 MCC3=0.549 MCC_E=0.512 MCC_I=0.712
[seed203] ols       AUC=0.885 E_rec=0.497 I_rec=1.000 corr=0.836 MCC3=0.549 MCC_E=0.512 MCC_I=0.712
[seed204] ols       AUC=0.885 E_rec=0.497 I_rec=1.000 corr=0.836 MCC3=0.549 MCC_E=0.512 MCC_I=0.712
[seed205] ols       AUC=0.885 E_rec=0.497 I_rec=1.000 corr=0.836 MCC3=0.549 MCC_E=0.511 MCC_I=0.712
[seed206] ols       AUC=0.885 E_rec=0.498 I_rec=1.000 corr=0.836 MCC3=0.550 MCC_E=0.512 MCC_I=0.713
[seed207] ols       AUC=0.885 E_rec=0.496 I_rec=1.000 corr=0.836 MCC3=0.548 MCC_E=0.511 MCC_I=0.712

wrote /work/classic/fr_mj200-calcium_ar/results/wrapup_n12500r4_T12000k/metrics.csv  (7 rows)
=== wrapup_n12500r4_T125k  (1 estimate matrices) ===
[seed1] ols       AUC=0.619 E_rec=0.111 I_rec=0.831 corr=0.348 MCC3=0.196 MCC_E=0.081 MCC_I=0.496

wrote /work/classic/fr_mj200-calcium_ar/results/wrapup_n12500r4_T125k/metrics.csv  (1 rows)
=== wrapup_n12500r4_T2000k  (5 estimate matrices) ===
[seed1] ols       AUC=0.803 E_rec=0.362 I_rec=1.000 corr=0.775 MCC3=0.436 MCC_E=0.371 MCC_I=0.670
[seed2] ols       AUC=0.802 E_rec=0.361 I_rec=1.000 corr=0.774 MCC3=0.435 MCC_E=0.369 MCC_I=0.670
[seed3] ols       AUC=0.803 E_rec=0.361 I_rec=1.000 corr=0.775 MCC3=0.435 MCC_E=0.370 MCC_I=0.670
[seed4] ols       AUC=0.802 E_rec=0.360 I_rec=1.000 corr=0.774 MCC3=0.434 MCC_E=0.369 MCC_I=0.670
[seed5] ols       AUC=0.803 E_rec=0.362 I_rec=1.000 corr=0.775 MCC3=0.436 MCC_E=0.370 MCC_I=0.671

wrote /work/classic/fr_mj200-calcium_ar/results/wrapup_n12500r4_T2000k/metrics.csv  (5 rows)
=== wrapup_n12500r4_T200k  (5 estimate matrices) ===
[seed1] ols       AUC=0.642 E_rec=0.131 I_rec=0.962 corr=0.429 MCC3=0.239 MCC_E=0.109 MCC_I=0.576
[seed2] ols       AUC=0.642 E_rec=0.132 I_rec=0.961 corr=0.429 MCC3=0.240 MCC_E=0.110 MCC_I=0.576
[seed3] ols       AUC=0.642 E_rec=0.132 I_rec=0.961 corr=0.429 MCC3=0.240 MCC_E=0.110 MCC_I=0.576
[seed4] ols       AUC=0.642 E_rec=0.131 I_rec=0.961 corr=0.429 MCC3=0.239 MCC_E=0.109 MCC_I=0.576
[seed5] ols       AUC=0.643 E_rec=0.131 I_rec=0.961 corr=0.430 MCC3=0.240 MCC_E=0.110 MCC_I=0.576

wrote /work/classic/fr_mj200-calcium_ar/results/wrapup_n12500r4_T200k/metrics.csv  (5 rows)
=== wrapup_n12500r4_T250k  (1 estimate matrices) ===
[seed1] ols       AUC=0.653 E_rec=0.144 I_rec=0.986 corr=0.469 MCC3=0.255 MCC_E=0.126 MCC_I=0.593

wrote /work/classic/fr_mj200-calcium_ar/results/wrapup_n12500r4_T250k/metrics.csv  (1 rows)
=== wrapup_n12500r4_T5000k  (5 estimate matrices) ===
[seed1] ols       AUC=0.865 E_rec=0.466 I_rec=1.000 corr=0.835 MCC3=0.523 MCC_E=0.476 MCC_I=0.711
[seed2] ols       AUC=0.865 E_rec=0.466 I_rec=1.000 corr=0.835 MCC3=0.522 MCC_E=0.475 MCC_I=0.710
[seed3] ols       AUC=0.865 E_rec=0.467 I_rec=1.000 corr=0.836 MCC3=0.524 MCC_E=0.477 MCC_I=0.711
[seed4] ols       AUC=0.865 E_rec=0.466 I_rec=1.000 corr=0.835 MCC3=0.522 MCC_E=0.476 MCC_I=0.710
[seed5] ols       AUC=0.865 E_rec=0.466 I_rec=1.000 corr=0.836 MCC3=0.523 MCC_E=0.476 MCC_I=0.712

wrote /work/classic/fr_mj200-calcium_ar/results/wrapup_n12500r4_T5000k/metrics.csv  (5 rows)
=== wrapup_n12500r4_T500k  (5 estimate matrices) ===
[seed1] ols       AUC=0.693 E_rec=0.199 I_rec=1.000 corr=0.591 MCC3=0.301 MCC_E=0.191 MCC_I=0.617
[seed2] ols       AUC=0.692 E_rec=0.199 I_rec=1.000 corr=0.590 MCC3=0.301 MCC_E=0.191 MCC_I=0.617
[seed3] ols       AUC=0.693 E_rec=0.199 I_rec=1.000 corr=0.591 MCC3=0.301 MCC_E=0.191 MCC_I=0.617
[seed4] ols       AUC=0.692 E_rec=0.199 I_rec=1.000 corr=0.590 MCC3=0.301 MCC_E=0.191 MCC_I=0.616
[seed5] ols       AUC=0.693 E_rec=0.200 I_rec=1.000 corr=0.592 MCC3=0.302 MCC_E=0.192 MCC_I=0.618

wrote /work/classic/fr_mj200-calcium_ar/results/wrapup_n12500r4_T500k/metrics.csv  (5 rows)
=== wrapup_n12500r4_T7500k  (3 estimate matrices) ===
[seed1] ols       AUC=0.884 E_rec=0.502 I_rec=1.000 corr=0.851 MCC3=0.553 MCC_E=0.511 MCC_I=0.727
[seed2] ols       AUC=0.884 E_rec=0.501 I_rec=1.000 corr=0.850 MCC3=0.551 MCC_E=0.509 MCC_I=0.725
[seed3] ols       AUC=0.885 E_rec=0.503 I_rec=1.000 corr=0.851 MCC3=0.554 MCC_E=0.512 MCC_I=0.727

wrote /work/classic/fr_mj200-calcium_ar/results/wrapup_n12500r4_T7500k/metrics.csv  (3 rows)
=== wrapup_n12500_T1000k  (2 estimate matrices) ===
[seed1] ols       AUC=0.876 E_rec=0.495 I_rec=1.000 corr=0.839 MCC3=0.548 MCC_E=0.520 MCC_I=0.692
[seed1] ridge     AUC=0.876 E_rec=0.495 I_rec=1.000 corr=0.839 MCC3=0.548 MCC_E=0.521 MCC_I=0.692

wrote /work/classic/fr_mj200-calcium_ar/results/wrapup_n12500_T1000k/metrics.csv  (2 rows)
=== wrapup_n12500_T2000k  (2 estimate matrices) ===
[seed1] ols       AUC=0.934 E_rec=0.634 I_rec=1.000 corr=0.884 MCC3=0.664 MCC_E=0.654 MCC_I=0.747
[seed1] ridge     AUC=0.934 E_rec=0.634 I_rec=1.000 corr=0.884 MCC3=0.664 MCC_E=0.654 MCC_I=0.747

wrote /work/classic/fr_mj200-calcium_ar/results/wrapup_n12500_T2000k/metrics.csv  (2 rows)
=== wrapup_n12500_T5000k  (2 estimate matrices) ===
[seed1] ols       AUC=0.973 E_rec=0.768 I_rec=1.000 corr=0.914 MCC3=0.777 MCC_E=0.775 MCC_I=0.814
[seed1] ridge     AUC=0.973 E_rec=0.768 I_rec=1.000 corr=0.914 MCC3=0.777 MCC_E=0.776 MCC_I=0.814

wrote /work/classic/fr_mj200-calcium_ar/results/wrapup_n12500_T5000k/metrics.csv  (2 rows)
=== wrapup_n12500lr_T1000k  (2 estimate matrices) ===
[seed1] ols       AUC=0.813 E_rec=0.385 I_rec=1.000 corr=0.723 MCC3=0.455 MCC_E=0.399 MCC_I=0.670
[seed1] ridge     AUC=0.813 E_rec=0.385 I_rec=1.000 corr=0.723 MCC3=0.455 MCC_E=0.399 MCC_I=0.670

wrote /work/classic/fr_mj200-calcium_ar/results/wrapup_n12500lr_T1000k/metrics.csv  (2 rows)
=== wrapup_n12500lr_T2000k  (2 estimate matrices) ===
[seed1] ols       AUC=0.886 E_rec=0.521 I_rec=1.000 corr=0.804 MCC3=0.569 MCC_E=0.536 MCC_I=0.721
[seed1] ridge     AUC=0.886 E_rec=0.521 I_rec=1.000 corr=0.804 MCC3=0.569 MCC_E=0.536 MCC_I=0.721

wrote /work/classic/fr_mj200-calcium_ar/results/wrapup_n12500lr_T2000k/metrics.csv  (2 rows)
=== wrapup_n12500lr_T5000k  (2 estimate matrices) ===
[seed1] ols       AUC=0.951 E_rec=0.686 I_rec=1.000 corr=0.867 MCC3=0.708 MCC_E=0.690 MCC_I=0.799
[seed1] ridge     AUC=0.951 E_rec=0.686 I_rec=1.000 corr=0.867 MCC3=0.708 MCC_E=0.690 MCC_I=0.799

wrote /work/classic/fr_mj200-calcium_ar/results/wrapup_n12500lr_T5000k/metrics.csv  (2 rows)

done: Thu Sep  3 17:57:18 CEST 2026   scored=53  skipped=0
--- copy home just these: ---
-rw-r--r-- 1 fr_mj200 fr_fr 1.8K Sep  3 16:38 /work/classic/fr_mj200-calcium_ar/results/wrapup_n1250r4_T10000k/metrics.csv
-rw-r--r-- 1 fr_mj200 fr_fr 1.8K Sep  3 16:39 /work/classic/fr_mj200-calcium_ar/results/wrapup_n1250r4_T1000k/metrics.csv
-rw-r--r-- 1 fr_mj200 fr_fr 1.9K Sep  3 16:39 /work/classic/fr_mj200-calcium_ar/results/wrapup_n1250r4_T100k/metrics.csv
-rw-r--r-- 1 fr_mj200 fr_fr 514 Sep  3 16:39 /work/classic/fr_mj200-calcium_ar/results/wrapup_n1250r4_T12k/metrics.csv
-rw-r--r-- 1 fr_mj200 fr_fr 1.8K Sep  3 16:39 /work/classic/fr_mj200-calcium_ar/results/wrapup_n1250r4_T15000k/metrics.csv
-rw-r--r-- 1 fr_mj200 fr_fr 1.8K Sep  3 16:39 /work/classic/fr_mj200-calcium_ar/results/wrapup_n1250r4_T20000k/metrics.csv
-rw-r--r-- 1 fr_mj200 fr_fr 1.8K Sep  3 16:39 /work/classic/fr_mj200-calcium_ar/results/wrapup_n1250r4_T2000k/metrics.csv
-rw-r--r-- 1 fr_mj200 fr_fr 1.8K Sep  3 16:40 /work/classic/fr_mj200-calcium_ar/results/wrapup_n1250r4_T200k/metrics.csv
-rw-r--r-- 1 fr_mj200 fr_fr 515 Sep  3 16:40 /work/classic/fr_mj200-calcium_ar/results/wrapup_n1250r4_T25k/metrics.csv
-rw-r--r-- 1 fr_mj200 fr_fr 1.8K Sep  3 16:40 /work/classic/fr_mj200-calcium_ar/results/wrapup_n1250r4_T5000k/metrics.csv
-rw-r--r-- 1 fr_mj200 fr_fr 1.8K Sep  3 16:40 /work/classic/fr_mj200-calcium_ar/results/wrapup_n1250r4_T500k/metrics.csv
-rw-r--r-- 1 fr_mj200 fr_fr 513 Sep  3 16:40 /work/classic/fr_mj200-calcium_ar/results/wrapup_n1250r4_T50k/metrics.csv
-rw-r--r-- 1 fr_mj200 fr_fr 1.8K Sep  3 16:40 /work/classic/fr_mj200-calcium_ar/results/wrapup_n1250r4_T7500k/metrics.csv
-rw-r--r-- 1 fr_mj200 fr_fr 1.9K Sep  3 16:41 /work/classic/fr_mj200-calcium_ar/results/wrapup_n2500r4_T10000k/metrics.csv
-rw-r--r-- 1 fr_mj200 fr_fr 1.9K Sep  3 16:42 /work/classic/fr_mj200-calcium_ar/results/wrapup_n2500r4_T1000k/metrics.csv
-rw-r--r-- 1 fr_mj200 fr_fr 1.9K Sep  3 16:43 /work/classic/fr_mj200-calcium_ar/results/wrapup_n2500r4_T100k/metrics.csv
-rw-r--r-- 1 fr_mj200 fr_fr 1.9K Sep  3 16:43 /work/classic/fr_mj200-calcium_ar/results/wrapup_n2500r4_T15000k/metrics.csv
-rw-r--r-- 1 fr_mj200 fr_fr 1.9K Sep  3 16:44 /work/classic/fr_mj200-calcium_ar/results/wrapup_n2500r4_T20000k/metrics.csv
-rw-r--r-- 1 fr_mj200 fr_fr 1.9K Sep  3 16:45 /work/classic/fr_mj200-calcium_ar/results/wrapup_n2500r4_T2000k/metrics.csv
-rw-r--r-- 1 fr_mj200 fr_fr 1.9K Sep  3 16:46 /work/classic/fr_mj200-calcium_ar/results/wrapup_n2500r4_T200k/metrics.csv
-rw-r--r-- 1 fr_mj200 fr_fr 513 Sep  3 16:46 /work/classic/fr_mj200-calcium_ar/results/wrapup_n2500r4_T400k/metrics.csv
-rw-r--r-- 1 fr_mj200 fr_fr 1.9K Sep  3 16:47 /work/classic/fr_mj200-calcium_ar/results/wrapup_n2500r4_T5000k/metrics.csv
-rw-r--r-- 1 fr_mj200 fr_fr 1.9K Sep  3 16:47 /work/classic/fr_mj200-calcium_ar/results/wrapup_n2500r4_T500k/metrics.csv
-rw-r--r-- 1 fr_mj200 fr_fr 1.9K Sep  3 16:48 /work/classic/fr_mj200-calcium_ar/results/wrapup_n2500r4_T7500k/metrics.csv
-rw-r--r-- 1 fr_mj200 fr_fr 1.5K Sep  3 16:50 /work/classic/fr_mj200-calcium_ar/results/wrapup_n5000r4_T10000k/metrics.csv
-rw-r--r-- 1 fr_mj200 fr_fr 1.9K Sep  3 16:53 /work/classic/fr_mj200-calcium_ar/results/wrapup_n5000r4_T1000k/metrics.csv
-rw-r--r-- 1 fr_mj200 fr_fr 2.0K Sep  3 16:56 /work/classic/fr_mj200-calcium_ar/results/wrapup_n5000r4_T100k/metrics.csv
-rw-r--r-- 1 fr_mj200 fr_fr 1.5K Sep  3 16:58 /work/classic/fr_mj200-calcium_ar/results/wrapup_n5000r4_T15000k/metrics.csv
-rw-r--r-- 1 fr_mj200 fr_fr 1.5K Sep  3 17:00 /work/classic/fr_mj200-calcium_ar/results/wrapup_n5000r4_T20000k/metrics.csv
-rw-r--r-- 1 fr_mj200 fr_fr 1.8K Sep  3 17:03 /work/classic/fr_mj200-calcium_ar/results/wrapup_n5000r4_T2000k/metrics.csv
-rw-r--r-- 1 fr_mj200 fr_fr 1.9K Sep  3 17:06 /work/classic/fr_mj200-calcium_ar/results/wrapup_n5000r4_T200k/metrics.csv
-rw-r--r-- 1 fr_mj200 fr_fr 517 Sep  3 17:06 /work/classic/fr_mj200-calcium_ar/results/wrapup_n5000r4_T400k/metrics.csv
-rw-r--r-- 1 fr_mj200 fr_fr 1.8K Sep  3 17:09 /work/classic/fr_mj200-calcium_ar/results/wrapup_n5000r4_T5000k/metrics.csv
-rw-r--r-- 1 fr_mj200 fr_fr 1.9K Sep  3 17:12 /work/classic/fr_mj200-calcium_ar/results/wrapup_n5000r4_T500k/metrics.csv
-rw-r--r-- 1 fr_mj200 fr_fr 1.5K Sep  3 17:15 /work/classic/fr_mj200-calcium_ar/results/wrapup_n5000r4_T7500k/metrics.csv
-rw-r--r-- 1 fr_mj200 fr_fr 515 Sep  3 17:15 /work/classic/fr_mj200-calcium_ar/results/wrapup_n5000r4_T800k/metrics.csv
-rw-r--r-- 1 fr_mj200 fr_fr 1.2K Sep  3 17:17 /work/classic/fr_mj200-calcium_ar/results/wrapup_n12500r4_T10000k/metrics.csv
-rw-r--r-- 1 fr_mj200 fr_fr 2.0K Sep  3 17:20 /work/classic/fr_mj200-calcium_ar/results/wrapup_n12500r4_T1000k/metrics.csv
-rw-r--r-- 1 fr_mj200 fr_fr 2.0K Sep  3 17:23 /work/classic/fr_mj200-calcium_ar/results/wrapup_n12500r4_T100k/metrics.csv
-rw-r--r-- 1 fr_mj200 fr_fr 2.7K Sep  3 17:28 /work/classic/fr_mj200-calcium_ar/results/wrapup_n12500r4_T12000k/metrics.csv
-rw-r--r-- 1 fr_mj200 fr_fr 520 Sep  3 17:29 /work/classic/fr_mj200-calcium_ar/results/wrapup_n12500r4_T125k/metrics.csv
-rw-r--r-- 1 fr_mj200 fr_fr 1.9K Sep  3 17:33 /work/classic/fr_mj200-calcium_ar/results/wrapup_n12500r4_T2000k/metrics.csv
-rw-r--r-- 1 fr_mj200 fr_fr 2.0K Sep  3 17:36 /work/classic/fr_mj200-calcium_ar/results/wrapup_n12500r4_T200k/metrics.csv
-rw-r--r-- 1 fr_mj200 fr_fr 519 Sep  3 17:37 /work/classic/fr_mj200-calcium_ar/results/wrapup_n12500r4_T250k/metrics.csv
-rw-r--r-- 1 fr_mj200 fr_fr 1.9K Sep  3 17:41 /work/classic/fr_mj200-calcium_ar/results/wrapup_n12500r4_T5000k/metrics.csv
-rw-r--r-- 1 fr_mj200 fr_fr 2.0K Sep  3 17:44 /work/classic/fr_mj200-calcium_ar/results/wrapup_n12500r4_T500k/metrics.csv
-rw-r--r-- 1 fr_mj200 fr_fr 1.2K Sep  3 17:46 /work/classic/fr_mj200-calcium_ar/results/wrapup_n12500r4_T7500k/metrics.csv
-rw-r--r-- 1 fr_mj200 fr_fr 812 Sep  3 17:48 /work/classic/fr_mj200-calcium_ar/results/wrapup_n12500_T1000k/metrics.csv
-rw-r--r-- 1 fr_mj200 fr_fr 806 Sep  3 17:50 /work/classic/fr_mj200-calcium_ar/results/wrapup_n12500_T2000k/metrics.csv
-rw-r--r-- 1 fr_mj200 fr_fr 805 Sep  3 17:52 /work/classic/fr_mj200-calcium_ar/results/wrapup_n12500_T5000k/metrics.csv
-rw-r--r-- 1 fr_mj200 fr_fr 852 Sep  3 17:53 /work/classic/fr_mj200-calcium_ar/results/wrapup_n12500lr_T1000k/metrics.csv
-rw-r--r-- 1 fr_mj200 fr_fr 842 Sep  3 17:55 /work/classic/fr_mj200-calcium_ar/results/wrapup_n12500lr_T2000k/metrics.csv
-rw-r--r-- 1 fr_mj200 fr_fr 842 Sep  3 17:57 /work/classic/fr_mj200-calcium_ar/results/wrapup_n12500lr_T5000k/metrics.csv
