host: n3525   git: 5d8071f09a54799c736725ad94004b89892bff05   date: Tue Aug  4 22:38:03 CEST 2026
net=n1250_r4 N=1250 dt=0.1 predictor lags(ms)=[1.5, 3.0, 4.5, 6.0]  signal=spikes
requesting moments at lags(ms)=[0.0, 1.5, 3.0, 4.5, 6.0] -> samples=[0, 15, 30, 45, 60]
loaded n1250_r4_seed1_T500k_216b8d17a5.npz  using T=500k ms of 500k available
streamed; mean rate 15.1 Hz

--- false-positive comparison (signal=spikes, L[0]=1.5ms, joint predictors=[1.5, 3.0, 4.5, 6.0]) ---
  single-lag     n_tp= 118381 n_fp=  10404 E-precision=0.758  FP mean|A|=0.00186 med=0.001787  TP mean|A|=0.004843
  joint multi-lag n_tp= 118465 n_fp=  11107 E-precision=0.759  FP mean|A|=0.001847 med=0.001776  TP mean|A|=0.004864

wrote /work/classic/fr_mj200-calcium_ar/results/multilag/multilag_n1250_r4_spikes.npz
net=n1250_r4 N=1250 dt=0.1 predictor lags(ms)=[1.5, 3.0, 4.5, 6.0]  signal=feed
requesting moments at lags(ms)=[0.0, 1.5, 3.0, 4.5, 6.0] -> samples=[0, 15, 30, 45, 60]
loaded n1250_r4_seed1_T500k_216b8d17a5.npz  using T=500k ms of 500k available
streamed; mean rate 15.1 Hz

--- false-positive comparison (signal=feed, L[0]=1.5ms, joint predictors=[1.5, 3.0, 4.5, 6.0]) ---
  single-lag     n_tp=  73929 n_fp=  43673 E-precision=0.474  FP mean|A|=0.006881 med=0.006456  TP mean|A|=0.008972
  joint multi-lag n_tp=  92699 n_fp=  29517 E-precision=0.594  FP mean|A|=0.00597 med=0.005643  TP mean|A|=0.008419

wrote /work/classic/fr_mj200-calcium_ar/results/multilag/multilag_n1250_r4_feed.npz
done: Tue Aug  4 22:47:57 CEST 2026
-rw-r--r-- 1 fr_mj200 fr_fr 3.2K Aug  4 22:47 /work/classic/fr_mj200-calcium_ar/results/multilag/multilag_n1250_r4_feed.npz
-rw-r--r-- 1 fr_mj200 fr_fr 3.2K Aug  4 22:40 /work/classic/fr_mj200-calcium_ar/results/multilag/multilag_n1250_r4_spikes.npz

rsync -avhz fr_mj200@login1.nemo.uni-freiburg.de:/work/classic/fr_mj200-calcium_ar/results/multilag/ ~/calcium_results/multilag/
