host: g3605   git: 1a29c3af193bf93314538f383718cadddab9bba8   date: Sat Jul 18 07:12:35 CEST 2026   PY=/work/classic/fr_mj200-calcium_ar/env-gpu/bin/python
torch 2.6.0+cu124 cuda_available True
gpu: NVIDIA L40S
net=n12500ai g=8.0 eta=1.0  sweep(ms)=[1000000.0]  seeds=[1]  chunk_ms=5000.0
[seed 1] simulating 1000000 ms (densify=False) ...
[INFO] [2026.7.18 7:12:39 /home/conda/feedstock_root/build_artifacts/nest-simulator_1744013459969/work/nestkernel/vp_manager.cpp:74 @ VPManager::initialize()] : OMP_NUM_THREADS is set in your environment, but NEST ignores it.
For details, see the Guide to parallel computing in the NEST Documentation.

              -- N E S T --
  Copyright (C) 2004 The NEST Initiative

 Version: 3.8.0
 Built: Apr  7 2025 08:14:12

 This program is provided AS IS and comes with
 NO WARRANTY. See the file LICENSE for details.

 Problems or suggestions?
   Visit https://www.nest-simulator.org

 Type 'nest.help()' to find out more about NEST.


Jul 18 07:12:39 VPManager::initialize() [Info]: 
    OMP_NUM_THREADS is set in your environment, but NEST ignores it.
    For details, see the Guide to parallel computing in the NEST Documentation.

Jul 18 07:12:39 SimulationManager::set_status [Info]: 
    Temporal resolution changed from 0.1 to 0.1 ms.

Jul 18 07:12:39 NodeManager::prepare_nodes [Info]: 
    Preparing 12532 nodes for simulation.

Jul 18 07:12:40 SimulationManager::start_updating_ [Info]: 
    Number of local nodes: 12532
    Simulation time (ms): 1e+06
    Number of OpenMP threads: 16
    Not using MPI

Jul 18 07:16:49 SimulationManager::run [Info]: 
    Simulation finished.
Simulation finished in 249.6s
[seed 1] streaming moments + checkpoints ...
[seed 1] mean rate 2.2 Hz
[seed 1] T=1000000ms done -> /work/classic/fr_mj200-calcium_ar/results/wrapup_n12500ai_T1000k/seed1  |ols|max=1.01e-02

sweep complete
done: Sat Jul 18 08:26:13 CEST 2026
