host: g3611   git: 58e96bfec4336c360577dbda1a3a6bac333da0d4   date: Sat Jul 18 19:46:01 CEST 2026   PY=/work/classic/fr_mj200-calcium_ar/env-gpu/bin/python
torch 2.6.0+cu124 cuda_available True
gpu: NVIDIA L40S
=== regime preflight: canonical Brunel at N=12500 ===
[INFO] [2026.7.18 19:46:7 /home/conda/feedstock_root/build_artifacts/nest-simulator_1744013459969/work/nestkernel/vp_manager.cpp:74 @ VPManager::initialize()] : OMP_NUM_THREADS is set in your environment, but NEST ignores it.
For details, see the Guide to parallel computing in the NEST Documentation.

              -- N E S T --
  Copyright (C) 2004 The NEST Initiative

 Version: 3.8.0
 Built: Apr  7 2025 08:14:12

 This program is provided AS IS and comes with
 NO WARRANTY. See the file LICENSE for details.

 Problems or suggestions?
   Visit https://www.nest-simulator.org

 Type 'nest.help()' to find out more about NEST.


Jul 18 19:46:07 VPManager::initialize() [Info]: 
    OMP_NUM_THREADS is set in your environment, but NEST ignores it.
    For details, see the Guide to parallel computing in the NEST Documentation.

Jul 18 19:46:07 SimulationManager::set_status [Info]: 
    Temporal resolution changed from 0.1 to 0.1 ms.

Jul 18 19:46:07 NodeManager::prepare_nodes [Info]: 
    Preparing 12532 nodes for simulation.

Jul 18 19:46:08 SimulationManager::start_updating_ [Info]: 
    Number of local nodes: 12532
    Simulation time (ms): 5000
    Number of OpenMP threads: 16
    Not using MPI

Jul 18 19:46:15 SimulationManager::run [Info]: 
    Simulation finished.
scale=n12500  N=12500  (C_E=1000)  sim_time=5000 ms

config                      J    g   eta   V_r |   rate  rateE  rateI    CV   sync silent
------------------------------------------------------------------------------------------------
Simulation finished in 7.8s
brunel_AI_fig8B          0.10    6   4.0  10.0 |   58.7   58.6   59.1  0.86  0.010   0.00

AI target: rate ~5-15 Hz, CV ~0.8-1.0, sync ~0
wrote /work/classic/fr_mj200-calcium_ar/results/network_state/n12500_AI.png
net=n12500 g=6.0 eta=4.0  sweep(ms)=[1000000.0, 2000000.0, 5000000.0]  seeds=[1]  chunk_ms=5000.0
[seed 1] simulating 5000000 ms (densify=False) ...
[INFO] [2026.7.18 19:47:46 /home/conda/feedstock_root/build_artifacts/nest-simulator_1744013459969/work/nestkernel/vp_manager.cpp:74 @ VPManager::initialize()] : OMP_NUM_THREADS is set in your environment, but NEST ignores it.
For details, see the Guide to parallel computing in the NEST Documentation.

              -- N E S T --
  Copyright (C) 2004 The NEST Initiative

 Version: 3.8.0
 Built: Apr  7 2025 08:14:12

 This program is provided AS IS and comes with
 NO WARRANTY. See the file LICENSE for details.

 Problems or suggestions?
   Visit https://www.nest-simulator.org

 Type 'nest.help()' to find out more about NEST.


Jul 18 19:47:46 VPManager::initialize() [Info]: 
    OMP_NUM_THREADS is set in your environment, but NEST ignores it.
    For details, see the Guide to parallel computing in the NEST Documentation.

Jul 18 19:47:46 SimulationManager::set_status [Info]: 
    Temporal resolution changed from 0.1 to 0.1 ms.

Jul 18 19:47:46 NodeManager::prepare_nodes [Info]: 
    Preparing 12532 nodes for simulation.

Jul 18 19:47:47 SimulationManager::start_updating_ [Info]: 
    Number of local nodes: 12532
    Simulation time (ms): 5e+06
    Number of OpenMP threads: 16
    Not using MPI

Jul 18 21:23:10 SimulationManager::run [Info]: 
    Simulation finished.
Simulation finished in 5723.7s
[seed 1] streaming moments + checkpoints ...
[seed 1] T=1000000ms SAVED -> /work/classic/fr_mj200-calcium_ar/results/wrapup_n12500_T1000k/seed1  |ols|max=3.49e-02
[seed 1] T=2000000ms SAVED -> /work/classic/fr_mj200-calcium_ar/results/wrapup_n12500_T2000k/seed1  |ols|max=3.48e-02
[seed 1] T=5000000ms SAVED -> /work/classic/fr_mj200-calcium_ar/results/wrapup_n12500_T5000k/seed1  |ols|max=3.46e-02
[seed 1] mean rate 58.6 Hz  (all checkpoints saved)

sweep complete
[seed1] ols       AUC=0.876 AUC_E=0.914 AUC_I=1.000 E_rec=0.495 I_rec=1.000 corr=0.839
[seed1] ridge     AUC=0.876 AUC_E=0.914 AUC_I=1.000 E_rec=0.495 I_rec=1.000 corr=0.839

wrote /work/classic/fr_mj200-calcium_ar/results/wrapup_n12500_T1000k/metrics.csv  (2 rows)
[seed1] ols       AUC=0.934 AUC_E=0.956 AUC_I=1.000 E_rec=0.633 I_rec=1.000 corr=0.884
[seed1] ridge     AUC=0.934 AUC_E=0.956 AUC_I=1.000 E_rec=0.633 I_rec=1.000 corr=0.884

wrote /work/classic/fr_mj200-calcium_ar/results/wrapup_n12500_T2000k/metrics.csv  (2 rows)
[seed1] ols       AUC=0.972 AUC_E=0.981 AUC_I=1.000 E_rec=0.766 I_rec=1.000 corr=0.914
[seed1] ridge     AUC=0.972 AUC_E=0.981 AUC_I=1.000 E_rec=0.767 I_rec=1.000 corr=0.914

wrote /work/classic/fr_mj200-calcium_ar/results/wrapup_n12500_T5000k/metrics.csv  (2 rows)
done: Sun Jul 19 05:43:14 CEST 2026
--- copy home just these: ---
-rw-r--r-- 1 fr_mj200 fr_fr 209K Jul 18 19:47 /work/classic/fr_mj200-calcium_ar/results/network_state/n12500_AI.png
-rw-r--r-- 1 fr_mj200 fr_fr 146K Jul 18 19:47 /work/classic/fr_mj200-calcium_ar/results/network_state/n12500_AI_lowrate.png
-rw-r--r-- 1 fr_mj200 fr_fr 187K Jul 18 16:41 /work/classic/fr_mj200-calcium_ar/results/network_state/n12500_canonical.png
-rw-r--r-- 1 fr_mj200 fr_fr  536 Jul 19 05:41 /work/classic/fr_mj200-calcium_ar/results/wrapup_n12500_T1000k/metrics.csv
-rw-r--r-- 1 fr_mj200 fr_fr  535 Jul 19 05:42 /work/classic/fr_mj200-calcium_ar/results/wrapup_n12500_T2000k/metrics.csv
-rw-r--r-- 1 fr_mj200 fr_fr  536 Jul 19 05:43 /work/classic/fr_mj200-calcium_ar/results/wrapup_n12500_T5000k/metrics.csv
