host: n4105   git: 80f0278d627fa793ff2a977b6efb7786a974f8f2 (dirty: no)   stage: x10000   date: Sat Aug 15 17:19:23 CEST 2026
8 eta points x sim_time=4000000ms  (rough serial estimate: ~1600s wall, extrapolated from today's x100 probe -- treat as order-of-magnitude only)

tau_m=200000ms (10000x base)  target rate~14.0Hz  J=0.474  g=8.0  V_reset=10.0  sim_time=4000000ms

[INFO] [2026.8.15 17:19:25 /home/conda/feedstock_root/build_artifacts/nest-simulator_1744013459969/work/nestkernel/vp_manager.cpp:74 @ VPManager::initialize()] : OMP_NUM_THREADS is set in your environment, but NEST ignores it.
For details, see the Guide to parallel computing in the NEST Documentation.

              -- N E S T --
  Copyright (C) 2004 The NEST Initiative

 Version: 3.8.0
 Built: Apr  7 2025 08:14:12

 This program is provided AS IS and comes with
 NO WARRANTY. See the file LICENSE for details.

 Problems or suggestions?
   Visit https://www.nest-simulator.org

 Type 'nest.help()' to find out more about NEST.


Aug 15 17:19:25 VPManager::initialize() [Info]: 
    OMP_NUM_THREADS is set in your environment, but NEST ignores it.
    For details, see the Guide to parallel computing in the NEST Documentation.

Aug 15 17:19:25 SimulationManager::set_status [Info]: 
    Temporal resolution changed from 0.1 to 0.1 ms.

Aug 15 17:19:25 NodeManager::prepare_nodes [Info]: 
    Preparing 1266 nodes for simulation.

Aug 15 17:19:25 SimulationManager::start_updating_ [Info]: 
    Number of local nodes: 1266
    Simulation time (ms): 4e+06
    Number of OpenMP threads: 8
    Not using MPI

Aug 15 17:22:53 SimulationManager::run [Info]: 
    Simulation finished.
     eta |   rate    CV   sync silent
--------------------------------------------
Simulation finished in 208.4s
  800.00 |    1.7 20.97  0.001   0.00

Aug 15 17:22:57 VPManager::initialize() [Info]: 
    OMP_NUM_THREADS is set in your environment, but NEST ignores it.
    For details, see the Guide to parallel computing in the NEST Documentation.

Aug 15 17:22:57 SimulationManager::set_status [Info]: 
    Temporal resolution changed from 0.1 to 0.1 ms.

Aug 15 17:22:57 NodeManager::prepare_nodes [Info]: 
    Preparing 1266 nodes for simulation.

Aug 15 17:22:57 SimulationManager::start_updating_ [Info]: 
    Number of local nodes: 1266
    Simulation time (ms): 4e+06
    Number of OpenMP threads: 8
    Not using MPI

Aug 15 17:26:31 SimulationManager::run [Info]: 
    Simulation finished.
Simulation finished in 213.7s
 1500.00 |    2.8 30.37  0.001   0.00

Aug 15 17:26:35 VPManager::initialize() [Info]: 
    OMP_NUM_THREADS is set in your environment, but NEST ignores it.
    For details, see the Guide to parallel computing in the NEST Documentation.

Aug 15 17:26:35 SimulationManager::set_status [Info]: 
    Temporal resolution changed from 0.1 to 0.1 ms.

Aug 15 17:26:35 NodeManager::prepare_nodes [Info]: 
    Preparing 1266 nodes for simulation.

Aug 15 17:26:35 SimulationManager::start_updating_ [Info]: 
    Number of local nodes: 1266
    Simulation time (ms): 4e+06
    Number of OpenMP threads: 8
    Not using MPI

Aug 15 17:30:17 SimulationManager::run [Info]: 
    Simulation finished.
Simulation finished in 222.1s
 2500.00 |    5.3 30.82  0.002   0.01

Aug 15 17:30:23 VPManager::initialize() [Info]: 
    OMP_NUM_THREADS is set in your environment, but NEST ignores it.
    For details, see the Guide to parallel computing in the NEST Documentation.

Aug 15 17:30:23 SimulationManager::set_status [Info]: 
    Temporal resolution changed from 0.1 to 0.1 ms.

Aug 15 17:30:23 NodeManager::prepare_nodes [Info]: 
    Preparing 1266 nodes for simulation.

Aug 15 17:30:23 SimulationManager::start_updating_ [Info]: 
    Number of local nodes: 1266
    Simulation time (ms): 4e+06
    Number of OpenMP threads: 8
    Not using MPI

Aug 15 17:34:17 SimulationManager::run [Info]: 
    Simulation finished.
Simulation finished in 234.1s
 4000.00 |    7.3 44.45  0.003   0.00

Aug 15 17:34:25 VPManager::initialize() [Info]: 
    OMP_NUM_THREADS is set in your environment, but NEST ignores it.
    For details, see the Guide to parallel computing in the NEST Documentation.

Aug 15 17:34:25 SimulationManager::set_status [Info]: 
    Temporal resolution changed from 0.1 to 0.1 ms.

Aug 15 17:34:25 NodeManager::prepare_nodes [Info]: 
    Preparing 1266 nodes for simulation.

Aug 15 17:34:25 SimulationManager::start_updating_ [Info]: 
    Number of local nodes: 1266
    Simulation time (ms): 4e+06
    Number of OpenMP threads: 8
    Not using MPI

Aug 15 17:38:40 SimulationManager::run [Info]: 
    Simulation finished.
Simulation finished in 255.0s
 6000.00 |   12.6 47.37  0.004   0.00

Aug 15 17:38:51 VPManager::initialize() [Info]: 
    OMP_NUM_THREADS is set in your environment, but NEST ignores it.
    For details, see the Guide to parallel computing in the NEST Documentation.

Aug 15 17:38:51 SimulationManager::set_status [Info]: 
    Temporal resolution changed from 0.1 to 0.1 ms.

Aug 15 17:38:51 NodeManager::prepare_nodes [Info]: 
    Preparing 1266 nodes for simulation.

Aug 15 17:38:51 SimulationManager::start_updating_ [Info]: 
    Number of local nodes: 1266
    Simulation time (ms): 4e+06
    Number of OpenMP threads: 8
    Not using MPI

Aug 15 17:43:29 SimulationManager::run [Info]: 
    Simulation finished.
Simulation finished in 277.6s
 9000.00 |   18.7 53.30  0.004   0.00

Aug 15 17:43:45 VPManager::initialize() [Info]: 
    OMP_NUM_THREADS is set in your environment, but NEST ignores it.
    For details, see the Guide to parallel computing in the NEST Documentation.

Aug 15 17:43:45 SimulationManager::set_status [Info]: 
    Temporal resolution changed from 0.1 to 0.1 ms.

Aug 15 17:43:45 NodeManager::prepare_nodes [Info]: 
    Preparing 1266 nodes for simulation.

Aug 15 17:43:45 SimulationManager::start_updating_ [Info]: 
    Number of local nodes: 1266
    Simulation time (ms): 4e+06
    Number of OpenMP threads: 8
    Not using MPI

Aug 15 17:48:50 SimulationManager::run [Info]: 
    Simulation finished.
Simulation finished in 305.1s
13000.00 |   23.6 30.38  0.006   0.15

Aug 15 17:49:10 VPManager::initialize() [Info]: 
    OMP_NUM_THREADS is set in your environment, but NEST ignores it.
    For details, see the Guide to parallel computing in the NEST Documentation.

Aug 15 17:49:10 SimulationManager::set_status [Info]: 
    Temporal resolution changed from 0.1 to 0.1 ms.

Aug 15 17:49:10 NodeManager::prepare_nodes [Info]: 
    Preparing 1266 nodes for simulation.

Aug 15 17:49:10 SimulationManager::start_updating_ [Info]: 
    Number of local nodes: 1266
    Simulation time (ms): 4e+06
    Number of OpenMP threads: 8
    Not using MPI

Aug 15 17:54:37 SimulationManager::run [Info]: 
    Simulation finished.
Simulation finished in 326.5s
18000.00 |   31.3 87.61  0.007   0.00

-> tau_m=200000ms: closest eta=6000.00  rate=12.6Hz  CV=47.37  sync=0.004
If the closest grid point is at either end of the --etas grid, the true optimum is outside it -- rerun with a shifted grid before trusting this pick.
done: Sat Aug 15 17:55:03 CEST 2026
