host: n4103  git: 00120cc03e0db8338fd3668c37779e5a6a8c617a  date: Mon Aug 31 09:46:17 CEST 2026
simulating n1250_r4 for 1000000 ms ...

              -- N E S T --
  Copyright (C) 2004 The NEST Initiative

 Version: 3.8.0
 Built: Apr  7 2025 08:14:12

 This program is provided AS IS and comes with
 NO WARRANTY. See the file LICENSE for details.

 Problems or suggestions?
   Visit https://www.nest-simulator.org

 Type 'nest.help()' to find out more about NEST.


Aug 31 09:46:20 SimulationManager::set_status [Info]: 
    Temporal resolution changed from 0.1 to 0.1 ms.

Aug 31 09:46:20 NodeManager::prepare_nodes [Info]: 
    Preparing 1266 nodes for simulation.

Aug 31 09:46:20 SimulationManager::start_updating_ [Info]: 
    Number of local nodes: 1266
    Simulation time (ms): 1e+06
    Number of OpenMP threads: 8
    Not using MPI

Aug 31 09:47:38 SimulationManager::run [Info]: 
    Simulation finished.
Simulation finished in 78.1s
per-point estimates -> /work/classic/fr_mj200-calcium_ar/results/fig_data/r2_camera_longT_estimates
  spikes       param=0.5    x=0.5  (dt/tau=0.5)  AUC=0.850 corr=0.743 P=0.529 R=0.556 Rexc=0.445 Rinh=1.000
  spikes       param=1      x=1  (dt/tau=1)  AUC=0.959 corr=0.755 P=0.737 R=0.774 Rexc=0.717 Rinh=1.000
  spikes       param=2      x=2  (dt/tau=2)  AUC=0.940 corr=0.738 P=0.685 R=0.719 Rexc=0.649 Rinh=1.000
  spikes       param=5      x=5  (dt/tau=5)  AUC=0.890 corr=0.859 P=0.580 R=0.609 Rexc=0.511 Rinh=1.000
  spikes       param=10     x=10  (dt/tau=10)  AUC=0.792 corr=0.809 P=0.406 R=0.426 Rexc=0.282 Rinh=1.000
  spikes       param=20     x=20  (dt/tau=20)  AUC=0.698 corr=0.678 P=0.284 R=0.298 Rexc=0.123 Rinh=0.996
  spikes       param=50     x=50  (dt/tau=50)  AUC=0.561 corr=0.380 P=0.182 R=0.191 Rexc=0.041 Rinh=0.788
  deconv_rate  param=10     x=10  (dt/tau=0.1)  AUC=0.748 corr=0.779 P=0.351 R=0.369 Rexc=0.211 Rinh=1.000
  deconv_rate  param=20     x=20  (dt/tau=0.2)  AUC=0.647 corr=0.628 P=0.259 R=0.272 Rexc=0.091 Rinh=0.991
  deconv_rate  param=33     x=33  (dt/tau=0.33)  AUC=0.586 corr=0.462 P=0.215 R=0.225 Rexc=0.055 Rinh=0.904
  deconv_rate  param=50     x=50  (dt/tau=0.5)  AUC=0.553 corr=0.314 P=0.173 R=0.182 Rexc=0.056 Rinh=0.685
  raw_rate     param=10     x=10  (dt/tau=0.1)  AUC=0.674 corr=0.765 P=0.276 R=0.289 Rexc=0.111 Rinh=1.000
  raw_rate     param=20     x=20  (dt/tau=0.2)  AUC=0.607 corr=0.609 P=0.227 R=0.238 Rexc=0.050 Rinh=0.988
  raw_rate     param=33     x=33  (dt/tau=0.33)  AUC=0.571 corr=0.461 P=0.200 R=0.210 Rexc=0.037 Rinh=0.901
  raw_rate     param=50     x=50  (dt/tau=0.5)  AUC=0.548 corr=0.334 P=0.169 R=0.178 Rexc=0.040 Rinh=0.727

wrote /work/classic/fr_mj200-calcium_ar/results/fig_data/r2_camera_longT.npz
done: Mon Aug 31 10:50:26 CEST 2026
rsync -avhz ${USER}@login1.nemo.uni-freiburg.de:/work/classic/fr_mj200-calcium_ar/results/fig_data/r2_camera_longT.npz ~/calcium_results/fig_data/
