host: g3609   git: 6df44cb01f1dadc41b4ba7c4ad111e6010ae7fda   date: Tue Aug 25 04:29:04 CEST 2026   PY=/work/classic/fr_mj200-calcium_ar/env-gpu/bin/python
torch 2.6.0+cu124 cuda True
net=n5000_r4 g=8.0 eta=1.9  sweep(ms)=[100000.0, 200000.0, 500000.0, 1000000.0, 2000000.0, 5000000.0, 7500000.0, 10000000.0, 15000000.0, 20000000.0]  seeds=[1, 2, 3, 4, 5]  chunk_ms=5000.0
[seed 1] simulating 20000000 ms (densify=False) ...
[INFO] [2026.8.25 4:29:12 /home/conda/feedstock_root/build_artifacts/nest-simulator_1744013459969/work/nestkernel/vp_manager.cpp:74 @ VPManager::initialize()] : OMP_NUM_THREADS is set in your environment, but NEST ignores it.
For details, see the Guide to parallel computing in the NEST Documentation.

              -- N E S T --
  Copyright (C) 2004 The NEST Initiative

 Version: 3.8.0
 Built: Apr  7 2025 08:14:12

 This program is provided AS IS and comes with
 NO WARRANTY. See the file LICENSE for details.

 Problems or suggestions?
   Visit https://www.nest-simulator.org

 Type 'nest.help()' to find out more about NEST.


Aug 25 04:29:12 VPManager::initialize() [Info]: 
    OMP_NUM_THREADS is set in your environment, but NEST ignores it.
    For details, see the Guide to parallel computing in the NEST Documentation.

Aug 25 04:29:12 SimulationManager::set_status [Info]: 
    Temporal resolution changed from 0.1 to 0.1 ms.

Aug 25 04:29:12 NodeManager::prepare_nodes [Info]: 
    Preparing 5016 nodes for simulation.

Aug 25 04:29:12 SimulationManager::start_updating_ [Info]: 
    Number of local nodes: 5016
    Simulation time (ms): 2e+07
    Number of OpenMP threads: 8
    Not using MPI

Aug 25 05:48:30 SimulationManager::run [Info]: 
    Simulation finished.
Simulation finished in 4758.8s
[seed 1] cached ground truth -> n5000_r4_seed1_T20000k_0e420f1426.npz
[seed 1] streaming moments + checkpoints ...
[seed 1] T=100000ms SAVED -> /work/classic/fr_mj200-calcium_ar/results/wrapup_n5000r4_T100k/seed1  |ols|max=2.60e-02
[seed 1] T=200000ms SAVED -> /work/classic/fr_mj200-calcium_ar/results/wrapup_n5000r4_T200k/seed1  |ols|max=2.74e-02
[seed 1] T=500000ms SAVED -> /work/classic/fr_mj200-calcium_ar/results/wrapup_n5000r4_T500k/seed1  |ols|max=2.54e-02
[seed 1] T=1000000ms SAVED -> /work/classic/fr_mj200-calcium_ar/results/wrapup_n5000r4_T1000k/seed1  |ols|max=2.51e-02
[seed 1] T=2000000ms SAVED -> /work/classic/fr_mj200-calcium_ar/results/wrapup_n5000r4_T2000k/seed1  |ols|max=2.53e-02
[seed 1] T=5000000ms SAVED -> /work/classic/fr_mj200-calcium_ar/results/wrapup_n5000r4_T5000k/seed1  |ols|max=2.48e-02
[seed 1] T=7500000ms SAVED -> /work/classic/fr_mj200-calcium_ar/results/wrapup_n5000r4_T7500k/seed1  |ols|max=2.51e-02
[seed 1] T=10000000ms SAVED -> /work/classic/fr_mj200-calcium_ar/results/wrapup_n5000r4_T10000k/seed1  |ols|max=2.50e-02
[seed 1] T=15000000ms SAVED -> /work/classic/fr_mj200-calcium_ar/results/wrapup_n5000r4_T15000k/seed1  |ols|max=2.51e-02
[seed 1] T=20000000ms SAVED -> /work/classic/fr_mj200-calcium_ar/results/wrapup_n5000r4_T20000k/seed1  |ols|max=2.50e-02
[seed 1] mean rate 14.2 Hz  (all checkpoints saved)
[seed 2] simulating 20000000 ms (densify=False) ...

Aug 25 11:20:14 VPManager::initialize() [Info]: 
    OMP_NUM_THREADS is set in your environment, but NEST ignores it.
    For details, see the Guide to parallel computing in the NEST Documentation.

Aug 25 11:20:14 SimulationManager::set_status [Info]: 
    Temporal resolution changed from 0.1 to 0.1 ms.

Aug 25 11:20:14 NodeManager::prepare_nodes [Info]: 
    Preparing 5016 nodes for simulation.

Aug 25 11:20:14 SimulationManager::start_updating_ [Info]: 
    Number of local nodes: 5016
    Simulation time (ms): 2e+07
    Number of OpenMP threads: 8
    Not using MPI

Aug 25 12:34:15 SimulationManager::run [Info]: 
    Simulation finished.
Simulation finished in 4440.9s
[seed 2] cached ground truth -> n5000_r4_seed2_T20000k_6443e43b5d.npz
[seed 2] streaming moments + checkpoints ...
[seed 2] T=100000ms SAVED -> /work/classic/fr_mj200-calcium_ar/results/wrapup_n5000r4_T100k/seed2  |ols|max=2.77e-02
[seed 2] T=200000ms SAVED -> /work/classic/fr_mj200-calcium_ar/results/wrapup_n5000r4_T200k/seed2  |ols|max=2.84e-02
[seed 2] T=500000ms SAVED -> /work/classic/fr_mj200-calcium_ar/results/wrapup_n5000r4_T500k/seed2  |ols|max=2.70e-02
[seed 2] T=1000000ms SAVED -> /work/classic/fr_mj200-calcium_ar/results/wrapup_n5000r4_T1000k/seed2  |ols|max=2.70e-02
[seed 2] T=2000000ms SAVED -> /work/classic/fr_mj200-calcium_ar/results/wrapup_n5000r4_T2000k/seed2  |ols|max=2.64e-02
[seed 2] T=5000000ms SAVED -> /work/classic/fr_mj200-calcium_ar/results/wrapup_n5000r4_T5000k/seed2  |ols|max=2.73e-02
[seed 2] T=7500000ms SAVED -> /work/classic/fr_mj200-calcium_ar/results/wrapup_n5000r4_T7500k/seed2  |ols|max=2.71e-02
[seed 2] T=10000000ms SAVED -> /work/classic/fr_mj200-calcium_ar/results/wrapup_n5000r4_T10000k/seed2  |ols|max=2.70e-02
[seed 2] T=15000000ms SAVED -> /work/classic/fr_mj200-calcium_ar/results/wrapup_n5000r4_T15000k/seed2  |ols|max=2.69e-02
[seed 2] T=20000000ms SAVED -> /work/classic/fr_mj200-calcium_ar/results/wrapup_n5000r4_T20000k/seed2  |ols|max=2.69e-02
[seed 2] mean rate 14.2 Hz  (all checkpoints saved)
[seed 3] simulating 20000000 ms (densify=False) ...

Aug 25 18:05:32 VPManager::initialize() [Info]: 
    OMP_NUM_THREADS is set in your environment, but NEST ignores it.
    For details, see the Guide to parallel computing in the NEST Documentation.

Aug 25 18:05:32 SimulationManager::set_status [Info]: 
    Temporal resolution changed from 0.1 to 0.1 ms.

Aug 25 18:05:33 NodeManager::prepare_nodes [Info]: 
    Preparing 5016 nodes for simulation.

Aug 25 18:05:33 SimulationManager::start_updating_ [Info]: 
    Number of local nodes: 5016
    Simulation time (ms): 2e+07
    Number of OpenMP threads: 8
    Not using MPI

Aug 25 19:20:06 SimulationManager::run [Info]: 
    Simulation finished.
Simulation finished in 4473.2s
[seed 3] cached ground truth -> n5000_r4_seed3_T20000k_cb5b8251cd.npz
[seed 3] streaming moments + checkpoints ...
[seed 3] T=100000ms SAVED -> /work/classic/fr_mj200-calcium_ar/results/wrapup_n5000r4_T100k/seed3  |ols|max=2.52e-02
[seed 3] T=200000ms SAVED -> /work/classic/fr_mj200-calcium_ar/results/wrapup_n5000r4_T200k/seed3  |ols|max=2.41e-02
[seed 3] T=500000ms SAVED -> /work/classic/fr_mj200-calcium_ar/results/wrapup_n5000r4_T500k/seed3  |ols|max=2.35e-02
[seed 3] T=1000000ms SAVED -> /work/classic/fr_mj200-calcium_ar/results/wrapup_n5000r4_T1000k/seed3  |ols|max=2.40e-02
[seed 3] T=2000000ms SAVED -> /work/classic/fr_mj200-calcium_ar/results/wrapup_n5000r4_T2000k/seed3  |ols|max=2.44e-02
[seed 3] T=5000000ms SAVED -> /work/classic/fr_mj200-calcium_ar/results/wrapup_n5000r4_T5000k/seed3  |ols|max=2.47e-02
[seed 3] T=7500000ms SAVED -> /work/classic/fr_mj200-calcium_ar/results/wrapup_n5000r4_T7500k/seed3  |ols|max=2.48e-02
[seed 3] T=10000000ms SAVED -> /work/classic/fr_mj200-calcium_ar/results/wrapup_n5000r4_T10000k/seed3  |ols|max=2.48e-02
[seed 3] T=15000000ms SAVED -> /work/classic/fr_mj200-calcium_ar/results/wrapup_n5000r4_T15000k/seed3  |ols|max=2.46e-02
[seed 3] T=20000000ms SAVED -> /work/classic/fr_mj200-calcium_ar/results/wrapup_n5000r4_T20000k/seed3  |ols|max=2.47e-02
[seed 3] mean rate 14.2 Hz  (all checkpoints saved)
[seed 4] simulating 20000000 ms (densify=False) ...

Aug 26 00:51:12 VPManager::initialize() [Info]: 
    OMP_NUM_THREADS is set in your environment, but NEST ignores it.
    For details, see the Guide to parallel computing in the NEST Documentation.

Aug 26 00:51:12 SimulationManager::set_status [Info]: 
    Temporal resolution changed from 0.1 to 0.1 ms.

Aug 26 00:51:12 NodeManager::prepare_nodes [Info]: 
    Preparing 5016 nodes for simulation.

Aug 26 00:51:12 SimulationManager::start_updating_ [Info]: 
    Number of local nodes: 5016
    Simulation time (ms): 2e+07
    Number of OpenMP threads: 8
    Not using MPI

Aug 26 02:06:53 SimulationManager::run [Info]: 
    Simulation finished.
Simulation finished in 4541.0s
[seed 4] cached ground truth -> n5000_r4_seed4_T20000k_0e5224d9c2.npz
[seed 4] streaming moments + checkpoints ...
[seed 4] T=100000ms SAVED -> /work/classic/fr_mj200-calcium_ar/results/wrapup_n5000r4_T100k/seed4  |ols|max=2.67e-02
[seed 4] T=200000ms SAVED -> /work/classic/fr_mj200-calcium_ar/results/wrapup_n5000r4_T200k/seed4  |ols|max=2.48e-02
[seed 4] T=500000ms SAVED -> /work/classic/fr_mj200-calcium_ar/results/wrapup_n5000r4_T500k/seed4  |ols|max=2.38e-02
[seed 4] T=1000000ms SAVED -> /work/classic/fr_mj200-calcium_ar/results/wrapup_n5000r4_T1000k/seed4  |ols|max=2.49e-02
[seed 4] T=2000000ms SAVED -> /work/classic/fr_mj200-calcium_ar/results/wrapup_n5000r4_T2000k/seed4  |ols|max=2.42e-02
[seed 4] T=5000000ms SAVED -> /work/classic/fr_mj200-calcium_ar/results/wrapup_n5000r4_T5000k/seed4  |ols|max=2.42e-02
[seed 4] T=7500000ms SAVED -> /work/classic/fr_mj200-calcium_ar/results/wrapup_n5000r4_T7500k/seed4  |ols|max=2.41e-02
[seed 4] T=10000000ms SAVED -> /work/classic/fr_mj200-calcium_ar/results/wrapup_n5000r4_T10000k/seed4  |ols|max=2.40e-02
[seed 4] T=15000000ms SAVED -> /work/classic/fr_mj200-calcium_ar/results/wrapup_n5000r4_T15000k/seed4  |ols|max=2.39e-02
[seed 4] T=20000000ms SAVED -> /work/classic/fr_mj200-calcium_ar/results/wrapup_n5000r4_T20000k/seed4  |ols|max=2.39e-02
[seed 4] mean rate 14.3 Hz  (all checkpoints saved)
[seed 5] simulating 20000000 ms (densify=False) ...

Aug 26 07:39:08 VPManager::initialize() [Info]: 
    OMP_NUM_THREADS is set in your environment, but NEST ignores it.
    For details, see the Guide to parallel computing in the NEST Documentation.

Aug 26 07:39:08 SimulationManager::set_status [Info]: 
    Temporal resolution changed from 0.1 to 0.1 ms.

Aug 26 07:39:08 NodeManager::prepare_nodes [Info]: 
    Preparing 5016 nodes for simulation.

Aug 26 07:39:08 SimulationManager::start_updating_ [Info]: 
    Number of local nodes: 5016
    Simulation time (ms): 2e+07
    Number of OpenMP threads: 8
    Not using MPI

Aug 26 08:54:08 SimulationManager::run [Info]: 
    Simulation finished.
Simulation finished in 4500.2s
[seed 5] cached ground truth -> n5000_r4_seed5_T20000k_ed42837a65.npz
[seed 5] streaming moments + checkpoints ...
[seed 5] T=100000ms SAVED -> /work/classic/fr_mj200-calcium_ar/results/wrapup_n5000r4_T100k/seed5  |ols|max=2.61e-02
[seed 5] T=200000ms SAVED -> /work/classic/fr_mj200-calcium_ar/results/wrapup_n5000r4_T200k/seed5  |ols|max=2.41e-02
[seed 5] T=500000ms SAVED -> /work/classic/fr_mj200-calcium_ar/results/wrapup_n5000r4_T500k/seed5  |ols|max=2.55e-02
[seed 5] T=1000000ms SAVED -> /work/classic/fr_mj200-calcium_ar/results/wrapup_n5000r4_T1000k/seed5  |ols|max=2.41e-02
[seed 5] T=2000000ms SAVED -> /work/classic/fr_mj200-calcium_ar/results/wrapup_n5000r4_T2000k/seed5  |ols|max=2.42e-02
[seed 5] T=5000000ms SAVED -> /work/classic/fr_mj200-calcium_ar/results/wrapup_n5000r4_T5000k/seed5  |ols|max=2.47e-02
[2026-08-26T10:29:13.018] error: *** JOB 7859407 ON g3609 CANCELLED AT 2026-08-26T10:29:13 DUE TO TIME LIMIT ***
