host: g3612   git: 9369f761e1880721e384efb7f0b4a633df6d0f11   date: Fri Aug 14 17:42:06 CEST 2026   PY=/work/classic/fr_mj200-calcium_ar/env-gpu/bin/python
torch 2.6.0+cu124 cuda True
net=n2500_r4 g=8.0 eta=1.5  sweep(ms)=[100000.0, 200000.0, 500000.0, 1000000.0, 2000000.0, 5000000.0, 7500000.0, 10000000.0, 15000000.0, 20000000.0]  seeds=[1, 2, 3, 4, 5]  chunk_ms=5000.0
[seed 1] simulating 20000000 ms (densify=False) ...
[INFO] [2026.8.14 17:42:14 /home/conda/feedstock_root/build_artifacts/nest-simulator_1744013459969/work/nestkernel/vp_manager.cpp:74 @ VPManager::initialize()] : OMP_NUM_THREADS is set in your environment, but NEST ignores it.
For details, see the Guide to parallel computing in the NEST Documentation.

              -- N E S T --
  Copyright (C) 2004 The NEST Initiative

 Version: 3.8.0
 Built: Apr  7 2025 08:14:12

 This program is provided AS IS and comes with
 NO WARRANTY. See the file LICENSE for details.

 Problems or suggestions?
   Visit https://www.nest-simulator.org

 Type 'nest.help()' to find out more about NEST.


Aug 14 17:42:14 VPManager::initialize() [Info]: 
    OMP_NUM_THREADS is set in your environment, but NEST ignores it.
    For details, see the Guide to parallel computing in the NEST Documentation.

Aug 14 17:42:14 SimulationManager::set_status [Info]: 
    Temporal resolution changed from 0.1 to 0.1 ms.

Aug 14 17:42:14 NodeManager::prepare_nodes [Info]: 
    Preparing 2516 nodes for simulation.

Aug 14 17:42:14 SimulationManager::start_updating_ [Info]: 
    Number of local nodes: 2516
    Simulation time (ms): 2e+07
    Number of OpenMP threads: 8
    Not using MPI

Aug 14 18:15:54 SimulationManager::run [Info]: 
    Simulation finished.
Simulation finished in 2020.1s
[seed 1] cached ground truth -> n2500_r4_seed1_T20000k_e1fd97e718.npz
[seed 1] streaming moments + checkpoints ...
[seed 1] T=100000ms SAVED -> /work/classic/fr_mj200-calcium_ar/results/wrapup_n2500r4_T100k/seed1  |ols|max=2.92e-02
[seed 1] T=200000ms SAVED -> /work/classic/fr_mj200-calcium_ar/results/wrapup_n2500r4_T200k/seed1  |ols|max=2.63e-02
[seed 1] T=500000ms SAVED -> /work/classic/fr_mj200-calcium_ar/results/wrapup_n2500r4_T500k/seed1  |ols|max=2.42e-02
[seed 1] T=1000000ms SAVED -> /work/classic/fr_mj200-calcium_ar/results/wrapup_n2500r4_T1000k/seed1  |ols|max=2.45e-02
[seed 1] T=2000000ms SAVED -> /work/classic/fr_mj200-calcium_ar/results/wrapup_n2500r4_T2000k/seed1  |ols|max=2.44e-02
[seed 1] T=5000000ms SAVED -> /work/classic/fr_mj200-calcium_ar/results/wrapup_n2500r4_T5000k/seed1  |ols|max=2.41e-02
[seed 1] T=7500000ms SAVED -> /work/classic/fr_mj200-calcium_ar/results/wrapup_n2500r4_T7500k/seed1  |ols|max=2.42e-02
[seed 1] T=10000000ms SAVED -> /work/classic/fr_mj200-calcium_ar/results/wrapup_n2500r4_T10000k/seed1  |ols|max=2.42e-02
[seed 1] T=15000000ms SAVED -> /work/classic/fr_mj200-calcium_ar/results/wrapup_n2500r4_T15000k/seed1  |ols|max=2.42e-02
[seed 1] T=20000000ms SAVED -> /work/classic/fr_mj200-calcium_ar/results/wrapup_n2500r4_T20000k/seed1  |ols|max=2.42e-02
[seed 1] mean rate 14.0 Hz  (all checkpoints saved)
[seed 2] simulating 20000000 ms (densify=False) ...

Aug 14 21:01:07 VPManager::initialize() [Info]: 
    OMP_NUM_THREADS is set in your environment, but NEST ignores it.
    For details, see the Guide to parallel computing in the NEST Documentation.

Aug 14 21:01:07 SimulationManager::set_status [Info]: 
    Temporal resolution changed from 0.1 to 0.1 ms.

Aug 14 21:01:07 NodeManager::prepare_nodes [Info]: 
    Preparing 2516 nodes for simulation.

Aug 14 21:01:07 SimulationManager::start_updating_ [Info]: 
    Number of local nodes: 2516
    Simulation time (ms): 2e+07
    Number of OpenMP threads: 8
    Not using MPI

Aug 14 21:34:35 SimulationManager::run [Info]: 
    Simulation finished.
Simulation finished in 2007.7s
[seed 2] cached ground truth -> n2500_r4_seed2_T20000k_f3fea5019f.npz
[seed 2] streaming moments + checkpoints ...
[seed 2] T=100000ms SAVED -> /work/classic/fr_mj200-calcium_ar/results/wrapup_n2500r4_T100k/seed2  |ols|max=2.88e-02
[seed 2] T=200000ms SAVED -> /work/classic/fr_mj200-calcium_ar/results/wrapup_n2500r4_T200k/seed2  |ols|max=2.71e-02
[seed 2] T=500000ms SAVED -> /work/classic/fr_mj200-calcium_ar/results/wrapup_n2500r4_T500k/seed2  |ols|max=2.70e-02
[seed 2] T=1000000ms SAVED -> /work/classic/fr_mj200-calcium_ar/results/wrapup_n2500r4_T1000k/seed2  |ols|max=2.77e-02
[seed 2] T=2000000ms SAVED -> /work/classic/fr_mj200-calcium_ar/results/wrapup_n2500r4_T2000k/seed2  |ols|max=2.80e-02
[seed 2] T=5000000ms SAVED -> /work/classic/fr_mj200-calcium_ar/results/wrapup_n2500r4_T5000k/seed2  |ols|max=2.78e-02
[seed 2] T=7500000ms SAVED -> /work/classic/fr_mj200-calcium_ar/results/wrapup_n2500r4_T7500k/seed2  |ols|max=2.80e-02
[seed 2] T=10000000ms SAVED -> /work/classic/fr_mj200-calcium_ar/results/wrapup_n2500r4_T10000k/seed2  |ols|max=2.81e-02
[seed 2] T=15000000ms SAVED -> /work/classic/fr_mj200-calcium_ar/results/wrapup_n2500r4_T15000k/seed2  |ols|max=2.80e-02
[seed 2] T=20000000ms SAVED -> /work/classic/fr_mj200-calcium_ar/results/wrapup_n2500r4_T20000k/seed2  |ols|max=2.81e-02
[seed 2] mean rate 14.0 Hz  (all checkpoints saved)
[seed 3] simulating 20000000 ms (densify=False) ...

Aug 15 00:19:04 VPManager::initialize() [Info]: 
    OMP_NUM_THREADS is set in your environment, but NEST ignores it.
    For details, see the Guide to parallel computing in the NEST Documentation.

Aug 15 00:19:04 SimulationManager::set_status [Info]: 
    Temporal resolution changed from 0.1 to 0.1 ms.

Aug 15 00:19:04 NodeManager::prepare_nodes [Info]: 
    Preparing 2516 nodes for simulation.

Aug 15 00:19:04 SimulationManager::start_updating_ [Info]: 
    Number of local nodes: 2516
    Simulation time (ms): 2e+07
    Number of OpenMP threads: 8
    Not using MPI

Aug 15 00:52:32 SimulationManager::run [Info]: 
    Simulation finished.
Simulation finished in 2008.1s
[seed 3] cached ground truth -> n2500_r4_seed3_T20000k_95c138f5a2.npz
[seed 3] streaming moments + checkpoints ...
[seed 3] T=100000ms SAVED -> /work/classic/fr_mj200-calcium_ar/results/wrapup_n2500r4_T100k/seed3  |ols|max=3.33e-02
[seed 3] T=200000ms SAVED -> /work/classic/fr_mj200-calcium_ar/results/wrapup_n2500r4_T200k/seed3  |ols|max=2.71e-02
[seed 3] T=500000ms SAVED -> /work/classic/fr_mj200-calcium_ar/results/wrapup_n2500r4_T500k/seed3  |ols|max=2.85e-02
[seed 3] T=1000000ms SAVED -> /work/classic/fr_mj200-calcium_ar/results/wrapup_n2500r4_T1000k/seed3  |ols|max=2.84e-02
[seed 3] T=2000000ms SAVED -> /work/classic/fr_mj200-calcium_ar/results/wrapup_n2500r4_T2000k/seed3  |ols|max=2.83e-02
[seed 3] T=5000000ms SAVED -> /work/classic/fr_mj200-calcium_ar/results/wrapup_n2500r4_T5000k/seed3  |ols|max=2.84e-02
[seed 3] T=7500000ms SAVED -> /work/classic/fr_mj200-calcium_ar/results/wrapup_n2500r4_T7500k/seed3  |ols|max=2.82e-02
[seed 3] T=10000000ms SAVED -> /work/classic/fr_mj200-calcium_ar/results/wrapup_n2500r4_T10000k/seed3  |ols|max=2.82e-02
[seed 3] T=15000000ms SAVED -> /work/classic/fr_mj200-calcium_ar/results/wrapup_n2500r4_T15000k/seed3  |ols|max=2.83e-02
[seed 3] T=20000000ms SAVED -> /work/classic/fr_mj200-calcium_ar/results/wrapup_n2500r4_T20000k/seed3  |ols|max=2.87e-02
[seed 3] mean rate 14.2 Hz  (all checkpoints saved)
[seed 4] simulating 20000000 ms (densify=False) ...

Aug 15 03:39:08 VPManager::initialize() [Info]: 
    OMP_NUM_THREADS is set in your environment, but NEST ignores it.
    For details, see the Guide to parallel computing in the NEST Documentation.

Aug 15 03:39:08 SimulationManager::set_status [Info]: 
    Temporal resolution changed from 0.1 to 0.1 ms.

Aug 15 03:39:08 NodeManager::prepare_nodes [Info]: 
    Preparing 2516 nodes for simulation.

Aug 15 03:39:08 SimulationManager::start_updating_ [Info]: 
    Number of local nodes: 2516
    Simulation time (ms): 2e+07
    Number of OpenMP threads: 8
    Not using MPI

Aug 15 04:12:18 SimulationManager::run [Info]: 
    Simulation finished.
Simulation finished in 1989.8s
[seed 4] cached ground truth -> n2500_r4_seed4_T20000k_1910068d69.npz
[seed 4] streaming moments + checkpoints ...
[seed 4] T=100000ms SAVED -> /work/classic/fr_mj200-calcium_ar/results/wrapup_n2500r4_T100k/seed4  |ols|max=3.08e-02
[seed 4] T=200000ms SAVED -> /work/classic/fr_mj200-calcium_ar/results/wrapup_n2500r4_T200k/seed4  |ols|max=2.97e-02
[seed 4] T=500000ms SAVED -> /work/classic/fr_mj200-calcium_ar/results/wrapup_n2500r4_T500k/seed4  |ols|max=2.65e-02
[seed 4] T=1000000ms SAVED -> /work/classic/fr_mj200-calcium_ar/results/wrapup_n2500r4_T1000k/seed4  |ols|max=2.61e-02
[seed 4] T=2000000ms SAVED -> /work/classic/fr_mj200-calcium_ar/results/wrapup_n2500r4_T2000k/seed4  |ols|max=2.64e-02
[seed 4] T=5000000ms SAVED -> /work/classic/fr_mj200-calcium_ar/results/wrapup_n2500r4_T5000k/seed4  |ols|max=2.66e-02
[seed 4] T=7500000ms SAVED -> /work/classic/fr_mj200-calcium_ar/results/wrapup_n2500r4_T7500k/seed4  |ols|max=2.73e-02
[seed 4] T=10000000ms SAVED -> /work/classic/fr_mj200-calcium_ar/results/wrapup_n2500r4_T10000k/seed4  |ols|max=2.75e-02
[seed 4] T=15000000ms SAVED -> /work/classic/fr_mj200-calcium_ar/results/wrapup_n2500r4_T15000k/seed4  |ols|max=2.75e-02
[seed 4] T=20000000ms SAVED -> /work/classic/fr_mj200-calcium_ar/results/wrapup_n2500r4_T20000k/seed4  |ols|max=2.76e-02
[seed 4] mean rate 13.8 Hz  (all checkpoints saved)
[seed 5] simulating 20000000 ms (densify=False) ...

Aug 15 06:55:39 VPManager::initialize() [Info]: 
    OMP_NUM_THREADS is set in your environment, but NEST ignores it.
    For details, see the Guide to parallel computing in the NEST Documentation.

Aug 15 06:55:39 SimulationManager::set_status [Info]: 
    Temporal resolution changed from 0.1 to 0.1 ms.

Aug 15 06:55:39 NodeManager::prepare_nodes [Info]: 
    Preparing 2516 nodes for simulation.

Aug 15 06:55:39 SimulationManager::start_updating_ [Info]: 
    Number of local nodes: 2516
    Simulation time (ms): 2e+07
    Number of OpenMP threads: 8
    Not using MPI

Aug 15 07:28:52 SimulationManager::run [Info]: 
    Simulation finished.
Simulation finished in 1992.5s
[seed 5] cached ground truth -> n2500_r4_seed5_T20000k_8c1080d6ba.npz
[seed 5] streaming moments + checkpoints ...
[seed 5] T=100000ms SAVED -> /work/classic/fr_mj200-calcium_ar/results/wrapup_n2500r4_T100k/seed5  |ols|max=2.97e-02
[seed 5] T=200000ms SAVED -> /work/classic/fr_mj200-calcium_ar/results/wrapup_n2500r4_T200k/seed5  |ols|max=2.74e-02
[seed 5] T=500000ms SAVED -> /work/classic/fr_mj200-calcium_ar/results/wrapup_n2500r4_T500k/seed5  |ols|max=2.63e-02
[seed 5] T=1000000ms SAVED -> /work/classic/fr_mj200-calcium_ar/results/wrapup_n2500r4_T1000k/seed5  |ols|max=2.57e-02
[seed 5] T=2000000ms SAVED -> /work/classic/fr_mj200-calcium_ar/results/wrapup_n2500r4_T2000k/seed5  |ols|max=2.63e-02
[seed 5] T=5000000ms SAVED -> /work/classic/fr_mj200-calcium_ar/results/wrapup_n2500r4_T5000k/seed5  |ols|max=2.70e-02
[seed 5] T=7500000ms SAVED -> /work/classic/fr_mj200-calcium_ar/results/wrapup_n2500r4_T7500k/seed5  |ols|max=2.67e-02
[seed 5] T=10000000ms SAVED -> /work/classic/fr_mj200-calcium_ar/results/wrapup_n2500r4_T10000k/seed5  |ols|max=2.66e-02
[seed 5] T=15000000ms SAVED -> /work/classic/fr_mj200-calcium_ar/results/wrapup_n2500r4_T15000k/seed5  |ols|max=2.65e-02
[2026-08-15T09:42:28.020] error: *** JOB 7802453 ON g3612 CANCELLED AT 2026-08-15T09:42:28 DUE TO TIME LIMIT ***
