host: g3606   git: 819396c550a94c07c2c4fe176f6737ccbd6168f2   date: Fri Aug  7 23:26:15 CEST 2026   PY=/work/classic/fr_mj200-calcium_ar/env-gpu/bin/python
torch 2.6.0+cu124 cuda True
net=n1250_r4 g=8.0 eta=1.3  sweep(ms)=[100000.0, 200000.0, 500000.0, 1000000.0, 2000000.0, 5000000.0, 7500000.0, 10000000.0, 15000000.0, 20000000.0]  seeds=[1, 2, 3, 4, 5]  chunk_ms=5000.0
[seed 1] simulating 20000000 ms (densify=False) ...
[INFO] [2026.8.7 23:26:20 /home/conda/feedstock_root/build_artifacts/nest-simulator_1744013459969/work/nestkernel/vp_manager.cpp:74 @ VPManager::initialize()] : OMP_NUM_THREADS is set in your environment, but NEST ignores it.
For details, see the Guide to parallel computing in the NEST Documentation.

              -- N E S T --
  Copyright (C) 2004 The NEST Initiative

 Version: 3.8.0
 Built: Apr  7 2025 08:14:12

 This program is provided AS IS and comes with
 NO WARRANTY. See the file LICENSE for details.

 Problems or suggestions?
   Visit https://www.nest-simulator.org

 Type 'nest.help()' to find out more about NEST.


Aug 07 23:26:20 VPManager::initialize() [Info]: 
    OMP_NUM_THREADS is set in your environment, but NEST ignores it.
    For details, see the Guide to parallel computing in the NEST Documentation.

Aug 07 23:26:21 SimulationManager::set_status [Info]: 
    Temporal resolution changed from 0.1 to 0.1 ms.

Aug 07 23:26:21 NodeManager::prepare_nodes [Info]: 
    Preparing 1266 nodes for simulation.

Aug 07 23:26:21 SimulationManager::start_updating_ [Info]: 
    Number of local nodes: 1266
    Simulation time (ms): 2e+07
    Number of OpenMP threads: 8
    Not using MPI

Aug 07 23:42:48 SimulationManager::run [Info]: 
    Simulation finished.
Simulation finished in 987.2s
[seed 1] cached ground truth -> n1250_r4_seed1_T20000k_d035e4c8ed.npz
[seed 1] streaming moments + checkpoints ...
[seed 1] T=100000ms SAVED -> /work/classic/fr_mj200-calcium_ar/results/wrapup_n1250r4_T100k/seed1  |ols|max=4.30e-02
[seed 1] T=200000ms SAVED -> /work/classic/fr_mj200-calcium_ar/results/wrapup_n1250r4_T200k/seed1  |ols|max=4.11e-02
[seed 1] T=500000ms SAVED -> /work/classic/fr_mj200-calcium_ar/results/wrapup_n1250r4_T500k/seed1  |ols|max=4.10e-02
[seed 1] T=1000000ms SAVED -> /work/classic/fr_mj200-calcium_ar/results/wrapup_n1250r4_T1000k/seed1  |ols|max=3.94e-02
[seed 1] T=2000000ms SAVED -> /work/classic/fr_mj200-calcium_ar/results/wrapup_n1250r4_T2000k/seed1  |ols|max=3.93e-02
[seed 1] T=5000000ms SAVED -> /work/classic/fr_mj200-calcium_ar/results/wrapup_n1250r4_T5000k/seed1  |ols|max=4.03e-02
[seed 1] T=7500000ms SAVED -> /work/classic/fr_mj200-calcium_ar/results/wrapup_n1250r4_T7500k/seed1  |ols|max=4.00e-02
[seed 1] T=10000000ms SAVED -> /work/classic/fr_mj200-calcium_ar/results/wrapup_n1250r4_T10000k/seed1  |ols|max=4.05e-02
[seed 1] T=15000000ms SAVED -> /work/classic/fr_mj200-calcium_ar/results/wrapup_n1250r4_T15000k/seed1  |ols|max=4.08e-02
[seed 1] T=20000000ms SAVED -> /work/classic/fr_mj200-calcium_ar/results/wrapup_n1250r4_T20000k/seed1  |ols|max=4.11e-02
[seed 1] mean rate 15.1 Hz  (all checkpoints saved)
[seed 2] simulating 20000000 ms (densify=False) ...

Aug 08 01:09:28 VPManager::initialize() [Info]: 
    OMP_NUM_THREADS is set in your environment, but NEST ignores it.
    For details, see the Guide to parallel computing in the NEST Documentation.

Aug 08 01:09:28 SimulationManager::set_status [Info]: 
    Temporal resolution changed from 0.1 to 0.1 ms.

Aug 08 01:09:28 NodeManager::prepare_nodes [Info]: 
    Preparing 1266 nodes for simulation.

Aug 08 01:09:28 SimulationManager::start_updating_ [Info]: 
    Number of local nodes: 1266
    Simulation time (ms): 2e+07
    Number of OpenMP threads: 8
    Not using MPI

Aug 08 01:25:50 SimulationManager::run [Info]: 
    Simulation finished.
Simulation finished in 982.0s
[seed 2] cached ground truth -> n1250_r4_seed2_T20000k_e018afd7c6.npz
[seed 2] streaming moments + checkpoints ...
[seed 2] T=100000ms SAVED -> /work/classic/fr_mj200-calcium_ar/results/wrapup_n1250r4_T100k/seed2  |ols|max=3.64e-02
[seed 2] T=200000ms SAVED -> /work/classic/fr_mj200-calcium_ar/results/wrapup_n1250r4_T200k/seed2  |ols|max=3.89e-02
[seed 2] T=500000ms SAVED -> /work/classic/fr_mj200-calcium_ar/results/wrapup_n1250r4_T500k/seed2  |ols|max=3.72e-02
[seed 2] T=1000000ms SAVED -> /work/classic/fr_mj200-calcium_ar/results/wrapup_n1250r4_T1000k/seed2  |ols|max=3.54e-02
[seed 2] T=2000000ms SAVED -> /work/classic/fr_mj200-calcium_ar/results/wrapup_n1250r4_T2000k/seed2  |ols|max=3.50e-02
[seed 2] T=5000000ms SAVED -> /work/classic/fr_mj200-calcium_ar/results/wrapup_n1250r4_T5000k/seed2  |ols|max=3.54e-02
[seed 2] T=7500000ms SAVED -> /work/classic/fr_mj200-calcium_ar/results/wrapup_n1250r4_T7500k/seed2  |ols|max=3.57e-02
[seed 2] T=10000000ms SAVED -> /work/classic/fr_mj200-calcium_ar/results/wrapup_n1250r4_T10000k/seed2  |ols|max=3.56e-02
[seed 2] T=15000000ms SAVED -> /work/classic/fr_mj200-calcium_ar/results/wrapup_n1250r4_T15000k/seed2  |ols|max=3.59e-02
[seed 2] T=20000000ms SAVED -> /work/classic/fr_mj200-calcium_ar/results/wrapup_n1250r4_T20000k/seed2  |ols|max=3.56e-02
[seed 2] mean rate 15.2 Hz  (all checkpoints saved)
[seed 3] simulating 20000000 ms (densify=False) ...

Aug 08 02:52:57 VPManager::initialize() [Info]: 
    OMP_NUM_THREADS is set in your environment, but NEST ignores it.
    For details, see the Guide to parallel computing in the NEST Documentation.

Aug 08 02:52:57 SimulationManager::set_status [Info]: 
    Temporal resolution changed from 0.1 to 0.1 ms.

Aug 08 02:52:58 NodeManager::prepare_nodes [Info]: 
    Preparing 1266 nodes for simulation.

Aug 08 02:52:58 SimulationManager::start_updating_ [Info]: 
    Number of local nodes: 1266
    Simulation time (ms): 2e+07
    Number of OpenMP threads: 8
    Not using MPI

Aug 08 03:09:04 SimulationManager::run [Info]: 
    Simulation finished.
Simulation finished in 967.0s
[seed 3] cached ground truth -> n1250_r4_seed3_T20000k_6097ab8d7e.npz
[seed 3] streaming moments + checkpoints ...
[seed 3] T=100000ms SAVED -> /work/classic/fr_mj200-calcium_ar/results/wrapup_n1250r4_T100k/seed3  |ols|max=4.16e-02
[seed 3] T=200000ms SAVED -> /work/classic/fr_mj200-calcium_ar/results/wrapup_n1250r4_T200k/seed3  |ols|max=3.65e-02
[seed 3] T=500000ms SAVED -> /work/classic/fr_mj200-calcium_ar/results/wrapup_n1250r4_T500k/seed3  |ols|max=3.75e-02
[seed 3] T=1000000ms SAVED -> /work/classic/fr_mj200-calcium_ar/results/wrapup_n1250r4_T1000k/seed3  |ols|max=3.77e-02
[seed 3] T=2000000ms SAVED -> /work/classic/fr_mj200-calcium_ar/results/wrapup_n1250r4_T2000k/seed3  |ols|max=3.79e-02
[seed 3] T=5000000ms SAVED -> /work/classic/fr_mj200-calcium_ar/results/wrapup_n1250r4_T5000k/seed3  |ols|max=3.82e-02
[seed 3] T=7500000ms SAVED -> /work/classic/fr_mj200-calcium_ar/results/wrapup_n1250r4_T7500k/seed3  |ols|max=3.83e-02
[seed 3] T=10000000ms SAVED -> /work/classic/fr_mj200-calcium_ar/results/wrapup_n1250r4_T10000k/seed3  |ols|max=3.85e-02
[seed 3] T=15000000ms SAVED -> /work/classic/fr_mj200-calcium_ar/results/wrapup_n1250r4_T15000k/seed3  |ols|max=3.86e-02
[seed 3] T=20000000ms SAVED -> /work/classic/fr_mj200-calcium_ar/results/wrapup_n1250r4_T20000k/seed3  |ols|max=3.86e-02
[seed 3] mean rate 14.8 Hz  (all checkpoints saved)
[seed 4] simulating 20000000 ms (densify=False) ...

Aug 08 04:33:57 VPManager::initialize() [Info]: 
    OMP_NUM_THREADS is set in your environment, but NEST ignores it.
    For details, see the Guide to parallel computing in the NEST Documentation.

Aug 08 04:33:57 SimulationManager::set_status [Info]: 
    Temporal resolution changed from 0.1 to 0.1 ms.

Aug 08 04:33:57 NodeManager::prepare_nodes [Info]: 
    Preparing 1266 nodes for simulation.

Aug 08 04:33:57 SimulationManager::start_updating_ [Info]: 
    Number of local nodes: 1266
    Simulation time (ms): 2e+07
    Number of OpenMP threads: 8
    Not using MPI

Aug 08 04:50:11 SimulationManager::run [Info]: 
    Simulation finished.
Simulation finished in 974.3s
[seed 4] cached ground truth -> n1250_r4_seed4_T20000k_251c15ef36.npz
[seed 4] streaming moments + checkpoints ...
[seed 4] T=100000ms SAVED -> /work/classic/fr_mj200-calcium_ar/results/wrapup_n1250r4_T100k/seed4  |ols|max=3.80e-02
[seed 4] T=200000ms SAVED -> /work/classic/fr_mj200-calcium_ar/results/wrapup_n1250r4_T200k/seed4  |ols|max=3.87e-02
[seed 4] T=500000ms SAVED -> /work/classic/fr_mj200-calcium_ar/results/wrapup_n1250r4_T500k/seed4  |ols|max=3.52e-02
[seed 4] T=1000000ms SAVED -> /work/classic/fr_mj200-calcium_ar/results/wrapup_n1250r4_T1000k/seed4  |ols|max=3.59e-02
[seed 4] T=2000000ms SAVED -> /work/classic/fr_mj200-calcium_ar/results/wrapup_n1250r4_T2000k/seed4  |ols|max=3.54e-02
[seed 4] T=5000000ms SAVED -> /work/classic/fr_mj200-calcium_ar/results/wrapup_n1250r4_T5000k/seed4  |ols|max=3.54e-02
[seed 4] T=7500000ms SAVED -> /work/classic/fr_mj200-calcium_ar/results/wrapup_n1250r4_T7500k/seed4  |ols|max=3.48e-02
[seed 4] T=10000000ms SAVED -> /work/classic/fr_mj200-calcium_ar/results/wrapup_n1250r4_T10000k/seed4  |ols|max=3.47e-02
[seed 4] T=15000000ms SAVED -> /work/classic/fr_mj200-calcium_ar/results/wrapup_n1250r4_T15000k/seed4  |ols|max=3.43e-02
[seed 4] T=20000000ms SAVED -> /work/classic/fr_mj200-calcium_ar/results/wrapup_n1250r4_T20000k/seed4  |ols|max=3.45e-02
[seed 4] mean rate 15.3 Hz  (all checkpoints saved)
[seed 5] simulating 20000000 ms (densify=False) ...

Aug 08 06:18:25 VPManager::initialize() [Info]: 
    OMP_NUM_THREADS is set in your environment, but NEST ignores it.
    For details, see the Guide to parallel computing in the NEST Documentation.

Aug 08 06:18:25 SimulationManager::set_status [Info]: 
    Temporal resolution changed from 0.1 to 0.1 ms.

Aug 08 06:18:25 NodeManager::prepare_nodes [Info]: 
    Preparing 1266 nodes for simulation.

Aug 08 06:18:25 SimulationManager::start_updating_ [Info]: 
    Number of local nodes: 1266
    Simulation time (ms): 2e+07
    Number of OpenMP threads: 8
    Not using MPI

Aug 08 06:34:37 SimulationManager::run [Info]: 
    Simulation finished.
Simulation finished in 971.8s
[seed 5] cached ground truth -> n1250_r4_seed5_T20000k_923ac3eac8.npz
[seed 5] streaming moments + checkpoints ...
[seed 5] T=100000ms SAVED -> /work/classic/fr_mj200-calcium_ar/results/wrapup_n1250r4_T100k/seed5  |ols|max=3.70e-02
[seed 5] T=200000ms SAVED -> /work/classic/fr_mj200-calcium_ar/results/wrapup_n1250r4_T200k/seed5  |ols|max=3.51e-02
[seed 5] T=500000ms SAVED -> /work/classic/fr_mj200-calcium_ar/results/wrapup_n1250r4_T500k/seed5  |ols|max=3.40e-02
[seed 5] T=1000000ms SAVED -> /work/classic/fr_mj200-calcium_ar/results/wrapup_n1250r4_T1000k/seed5  |ols|max=3.28e-02
[seed 5] T=2000000ms SAVED -> /work/classic/fr_mj200-calcium_ar/results/wrapup_n1250r4_T2000k/seed5  |ols|max=3.27e-02
[seed 5] T=5000000ms SAVED -> /work/classic/fr_mj200-calcium_ar/results/wrapup_n1250r4_T5000k/seed5  |ols|max=3.25e-02
[seed 5] T=7500000ms SAVED -> /work/classic/fr_mj200-calcium_ar/results/wrapup_n1250r4_T7500k/seed5  |ols|max=3.23e-02
[seed 5] T=10000000ms SAVED -> /work/classic/fr_mj200-calcium_ar/results/wrapup_n1250r4_T10000k/seed5  |ols|max=3.25e-02
[2026-08-08T07:26:31.021] error: *** JOB 7690782 ON g3606 CANCELLED AT 2026-08-08T07:26:31 DUE TO TIME LIMIT ***
