host: g3606   git: 4a4cc6284b04525715858b6b7a333fe46f85d22e   date: Sat Aug  8 09:06:12 CEST 2026   PY=/work/classic/fr_mj200-calcium_ar/env-gpu/bin/python
torch 2.6.0+cu124 cuda True
net=n1250_r4 g=8.0 eta=1.3  sweep(ms)=[100000.0, 200000.0, 500000.0, 1000000.0, 2000000.0, 5000000.0]  seeds=[1, 2, 3, 4, 5]  chunk_ms=5000.0
[seed 1] loading cached ground truth n1250_r4_seed1_T5000k_6c20bac984.npz (skipping NEST; config verified)
[seed 1] streaming moments + checkpoints ...
[seed 1] T=100000ms SAVED -> /work/classic/fr_mj200-calcium_ar/results/wrapup_n1250r4_T100k/seed1  |ols|max=4.30e-02
[seed 1] T=200000ms SAVED -> /work/classic/fr_mj200-calcium_ar/results/wrapup_n1250r4_T200k/seed1  |ols|max=4.11e-02
[seed 1] T=500000ms SAVED -> /work/classic/fr_mj200-calcium_ar/results/wrapup_n1250r4_T500k/seed1  |ols|max=4.10e-02
[seed 1] T=1000000ms SAVED -> /work/classic/fr_mj200-calcium_ar/results/wrapup_n1250r4_T1000k/seed1  |ols|max=3.95e-02
[seed 1] T=2000000ms SAVED -> /work/classic/fr_mj200-calcium_ar/results/wrapup_n1250r4_T2000k/seed1  |ols|max=3.95e-02
[seed 1] T=5000000ms SAVED -> /work/classic/fr_mj200-calcium_ar/results/wrapup_n1250r4_T5000k/seed1  |ols|max=4.03e-02
[seed 1] mean rate 15.1 Hz  (all checkpoints saved)
[seed 2] loading cached ground truth n1250_r4_seed2_T5000k_fc0821b223.npz (skipping NEST; config verified)
[seed 2] streaming moments + checkpoints ...
[seed 2] T=100000ms SAVED -> /work/classic/fr_mj200-calcium_ar/results/wrapup_n1250r4_T100k/seed2  |ols|max=3.64e-02
[seed 2] T=200000ms SAVED -> /work/classic/fr_mj200-calcium_ar/results/wrapup_n1250r4_T200k/seed2  |ols|max=3.89e-02
[seed 2] T=500000ms SAVED -> /work/classic/fr_mj200-calcium_ar/results/wrapup_n1250r4_T500k/seed2  |ols|max=3.72e-02
[seed 2] T=1000000ms SAVED -> /work/classic/fr_mj200-calcium_ar/results/wrapup_n1250r4_T1000k/seed2  |ols|max=3.54e-02
[seed 2] T=2000000ms SAVED -> /work/classic/fr_mj200-calcium_ar/results/wrapup_n1250r4_T2000k/seed2  |ols|max=3.48e-02
[seed 2] T=5000000ms SAVED -> /work/classic/fr_mj200-calcium_ar/results/wrapup_n1250r4_T5000k/seed2  |ols|max=3.51e-02
[seed 2] mean rate 15.2 Hz  (all checkpoints saved)
[seed 3] loading cached ground truth n1250_r4_seed3_T5000k_b774dc4045.npz (skipping NEST; config verified)
[seed 3] streaming moments + checkpoints ...
[seed 3] T=100000ms SAVED -> /work/classic/fr_mj200-calcium_ar/results/wrapup_n1250r4_T100k/seed3  |ols|max=4.16e-02
[seed 3] T=200000ms SAVED -> /work/classic/fr_mj200-calcium_ar/results/wrapup_n1250r4_T200k/seed3  |ols|max=3.65e-02
[seed 3] T=500000ms SAVED -> /work/classic/fr_mj200-calcium_ar/results/wrapup_n1250r4_T500k/seed3  |ols|max=3.75e-02
[seed 3] T=1000000ms SAVED -> /work/classic/fr_mj200-calcium_ar/results/wrapup_n1250r4_T1000k/seed3  |ols|max=3.77e-02
[seed 3] T=2000000ms SAVED -> /work/classic/fr_mj200-calcium_ar/results/wrapup_n1250r4_T2000k/seed3  |ols|max=3.78e-02
[seed 3] T=5000000ms SAVED -> /work/classic/fr_mj200-calcium_ar/results/wrapup_n1250r4_T5000k/seed3  |ols|max=3.79e-02
[seed 3] mean rate 14.8 Hz  (all checkpoints saved)
[seed 4] loading cached ground truth n1250_r4_seed4_T5000k_13f6eaa66e.npz (skipping NEST; config verified)
[seed 4] streaming moments + checkpoints ...
[seed 4] T=100000ms SAVED -> /work/classic/fr_mj200-calcium_ar/results/wrapup_n1250r4_T100k/seed4  |ols|max=3.80e-02
[seed 4] T=200000ms SAVED -> /work/classic/fr_mj200-calcium_ar/results/wrapup_n1250r4_T200k/seed4  |ols|max=3.87e-02
[seed 4] T=500000ms SAVED -> /work/classic/fr_mj200-calcium_ar/results/wrapup_n1250r4_T500k/seed4  |ols|max=3.52e-02
[seed 4] T=1000000ms SAVED -> /work/classic/fr_mj200-calcium_ar/results/wrapup_n1250r4_T1000k/seed4  |ols|max=3.60e-02
[seed 4] T=2000000ms SAVED -> /work/classic/fr_mj200-calcium_ar/results/wrapup_n1250r4_T2000k/seed4  |ols|max=3.54e-02
[seed 4] T=5000000ms SAVED -> /work/classic/fr_mj200-calcium_ar/results/wrapup_n1250r4_T5000k/seed4  |ols|max=3.52e-02
[seed 4] mean rate 15.3 Hz  (all checkpoints saved)
[seed 5] loading cached ground truth n1250_r4_seed5_T5000k_bb45812418.npz (skipping NEST; config verified)
[seed 5] streaming moments + checkpoints ...
[seed 5] T=100000ms SAVED -> /work/classic/fr_mj200-calcium_ar/results/wrapup_n1250r4_T100k/seed5  |ols|max=3.70e-02
[seed 5] T=200000ms SAVED -> /work/classic/fr_mj200-calcium_ar/results/wrapup_n1250r4_T200k/seed5  |ols|max=3.51e-02
[seed 5] T=500000ms SAVED -> /work/classic/fr_mj200-calcium_ar/results/wrapup_n1250r4_T500k/seed5  |ols|max=3.40e-02
[seed 5] T=1000000ms SAVED -> /work/classic/fr_mj200-calcium_ar/results/wrapup_n1250r4_T1000k/seed5  |ols|max=3.28e-02
[seed 5] T=2000000ms SAVED -> /work/classic/fr_mj200-calcium_ar/results/wrapup_n1250r4_T2000k/seed5  |ols|max=3.27e-02
[seed 5] T=5000000ms SAVED -> /work/classic/fr_mj200-calcium_ar/results/wrapup_n1250r4_T5000k/seed5  |ols|max=3.22e-02
[seed 5] mean rate 15.3 Hz  (all checkpoints saved)

sweep complete
[seed1] ols       AUC=0.824 AUC_E=0.860 AUC_I=1.000 E_rec=0.417 I_rec=0.999 corr=0.562
[seed2] ols       AUC=0.828 AUC_E=0.864 AUC_I=1.000 E_rec=0.422 I_rec=0.999 corr=0.565
[seed3] ols       AUC=0.822 AUC_E=0.858 AUC_I=1.000 E_rec=0.413 I_rec=0.999 corr=0.553
[seed4] ols       AUC=0.828 AUC_E=0.864 AUC_I=1.000 E_rec=0.424 I_rec=0.999 corr=0.567
[seed5] ols       AUC=0.828 AUC_E=0.863 AUC_I=1.000 E_rec=0.421 I_rec=0.999 corr=0.568

wrote /work/classic/fr_mj200-calcium_ar/results/wrapup_n1250r4_T100k/metrics.csv  (5 rows)
[seed1] ols       AUC=0.888 AUC_E=0.912 AUC_I=1.000 E_rec=0.535 I_rec=1.000 corr=0.645
[seed2] ols       AUC=0.891 AUC_E=0.915 AUC_I=1.000 E_rec=0.542 I_rec=1.000 corr=0.648
[seed3] ols       AUC=0.886 AUC_E=0.911 AUC_I=1.000 E_rec=0.533 I_rec=1.000 corr=0.638
[seed4] ols       AUC=0.891 AUC_E=0.915 AUC_I=1.000 E_rec=0.543 I_rec=1.000 corr=0.650
[seed5] ols       AUC=0.892 AUC_E=0.916 AUC_I=1.000 E_rec=0.544 I_rec=1.000 corr=0.652

wrote /work/classic/fr_mj200-calcium_ar/results/wrapup_n1250r4_T200k/metrics.csv  (5 rows)
[seed1] ols       AUC=0.943 AUC_E=0.954 AUC_I=1.000 E_rec=0.661 I_rec=1.000 corr=0.715
[seed2] ols       AUC=0.945 AUC_E=0.955 AUC_I=1.000 E_rec=0.669 I_rec=1.000 corr=0.718
[seed3] ols       AUC=0.942 AUC_E=0.953 AUC_I=1.000 E_rec=0.659 I_rec=1.000 corr=0.709
[seed4] ols       AUC=0.945 AUC_E=0.955 AUC_I=1.000 E_rec=0.670 I_rec=1.000 corr=0.721
[seed5] ols       AUC=0.946 AUC_E=0.956 AUC_I=1.000 E_rec=0.670 I_rec=1.000 corr=0.722

wrote /work/classic/fr_mj200-calcium_ar/results/wrapup_n1250r4_T500k/metrics.csv  (5 rows)
[seed1] ols       AUC=0.962 AUC_E=0.968 AUC_I=1.000 E_rec=0.719 I_rec=1.000 corr=0.744
[seed2] ols       AUC=0.965 AUC_E=0.970 AUC_I=1.000 E_rec=0.727 I_rec=1.000 corr=0.748
[seed3] ols       AUC=0.962 AUC_E=0.968 AUC_I=1.000 E_rec=0.718 I_rec=1.000 corr=0.739
[seed4] ols       AUC=0.964 AUC_E=0.970 AUC_I=1.000 E_rec=0.727 I_rec=1.000 corr=0.749
[seed5] ols       AUC=0.965 AUC_E=0.970 AUC_I=1.000 E_rec=0.728 I_rec=1.000 corr=0.751

wrote /work/classic/fr_mj200-calcium_ar/results/wrapup_n1250r4_T1000k/metrics.csv  (5 rows)
[seed1] ols       AUC=0.972 AUC_E=0.975 AUC_I=1.000 E_rec=0.751 I_rec=1.000 corr=0.760
[seed2] ols       AUC=0.973 AUC_E=0.976 AUC_I=1.000 E_rec=0.759 I_rec=1.000 corr=0.763
[seed3] ols       AUC=0.971 AUC_E=0.974 AUC_I=1.000 E_rec=0.750 I_rec=1.000 corr=0.755
[seed4] ols       AUC=0.973 AUC_E=0.976 AUC_I=1.000 E_rec=0.759 I_rec=1.000 corr=0.765
[seed5] ols       AUC=0.974 AUC_E=0.977 AUC_I=1.000 E_rec=0.760 I_rec=1.000 corr=0.767

wrote /work/classic/fr_mj200-calcium_ar/results/wrapup_n1250r4_T2000k/metrics.csv  (5 rows)
[seed1] ols       AUC=0.976 AUC_E=0.978 AUC_I=1.000 E_rec=0.766 I_rec=1.000 corr=0.768
[seed2] ols       AUC=0.977 AUC_E=0.979 AUC_I=1.000 E_rec=0.773 I_rec=1.000 corr=0.771
[seed3] ols       AUC=0.975 AUC_E=0.977 AUC_I=1.000 E_rec=0.765 I_rec=1.000 corr=0.763
[seed4] ols       AUC=0.977 AUC_E=0.979 AUC_I=1.000 E_rec=0.773 I_rec=1.000 corr=0.772
[seed5] ols       AUC=0.978 AUC_E=0.979 AUC_I=1.000 E_rec=0.773 I_rec=1.000 corr=0.775

wrote /work/classic/fr_mj200-calcium_ar/results/wrapup_n1250r4_T5000k/metrics.csv  (5 rows)
done: Sat Aug  8 10:02:57 CEST 2026
--- copy home just these: ---
-rw-r--r-- 1 fr_mj200 fr_fr 1.3K Aug  8 10:02 /work/classic/fr_mj200-calcium_ar/results/wrapup_n1250r4_T1000k/metrics.csv
-rw-r--r-- 1 fr_mj200 fr_fr 1.3K Aug  8 10:02 /work/classic/fr_mj200-calcium_ar/results/wrapup_n1250r4_T100k/metrics.csv
-rw-r--r-- 1 fr_mj200 fr_fr 1.3K Aug  8 10:02 /work/classic/fr_mj200-calcium_ar/results/wrapup_n1250r4_T2000k/metrics.csv
-rw-r--r-- 1 fr_mj200 fr_fr 1.3K Aug  8 10:02 /work/classic/fr_mj200-calcium_ar/results/wrapup_n1250r4_T200k/metrics.csv
-rw-r--r-- 1 fr_mj200 fr_fr 1.3K Aug  8 10:02 /work/classic/fr_mj200-calcium_ar/results/wrapup_n1250r4_T5000k/metrics.csv
-rw-r--r-- 1 fr_mj200 fr_fr 1.3K Aug  8 10:02 /work/classic/fr_mj200-calcium_ar/results/wrapup_n1250r4_T500k/metrics.csv
