host: g3606   git: 00120cc03e0db8338fd3668c37779e5a6a8c617a   date: Thu Sep  3 12:48:58 CEST 2026   PY=/work/classic/fr_mj200-calcium_ar/env-gpu/bin/python
torch 2.6.0+cu124 cuda_available True
net=n12500_r4 g=8.0 eta=2.6  sweep(ms)=[100000.0, 200000.0, 500000.0, 1000000.0, 2000000.0, 5000000.0, 7500000.0, 10000000.0, 15000000.0, 20000000.0]  seeds=[1]  chunk_ms=5000.0
[seed 1] simulating 20000000 ms (densify=False) ...
[INFO] [2026.9.3 12:49:4 /home/conda/feedstock_root/build_artifacts/nest-simulator_1744013459969/work/nestkernel/vp_manager.cpp:74 @ VPManager::initialize()] : OMP_NUM_THREADS is set in your environment, but NEST ignores it.
For details, see the Guide to parallel computing in the NEST Documentation.

              -- N E S T --
  Copyright (C) 2004 The NEST Initiative

 Version: 3.8.0
 Built: Apr  7 2025 08:14:12

 This program is provided AS IS and comes with
 NO WARRANTY. See the file LICENSE for details.

 Problems or suggestions?
   Visit https://www.nest-simulator.org

 Type 'nest.help()' to find out more about NEST.


Sep 03 12:49:05 VPManager::initialize() [Info]: 
    OMP_NUM_THREADS is set in your environment, but NEST ignores it.
    For details, see the Guide to parallel computing in the NEST Documentation.

Sep 03 12:49:05 SimulationManager::set_status [Info]: 
    Temporal resolution changed from 0.1 to 0.1 ms.

Sep 03 12:49:05 NodeManager::prepare_nodes [Info]: 
    Preparing 12532 nodes for simulation.

Sep 03 12:49:05 SimulationManager::start_updating_ [Info]: 
    Number of local nodes: 12532
    Simulation time (ms): 2e+07
    Number of OpenMP threads: 16
    Not using MPI

Sep 03 15:27:30 SimulationManager::run [Info]: 
    Simulation finished.
Simulation finished in 9505.4s
[seed 1] cached ground truth -> n12500_r4_seed1_T20000k_5b592a23e5.npz
[seed 1] streaming moments + checkpoints ...
[seed 1] T=100000ms SAVED -> /work/classic/fr_mj200-calcium_ar/results/wrapup_n12500r4_T100k/seed1  |ols|max=2.26e-02
[seed 1] T=200000ms SAVED -> /work/classic/fr_mj200-calcium_ar/results/wrapup_n12500r4_T200k/seed1  |ols|max=2.18e-02
[seed 1] T=500000ms SAVED -> /work/classic/fr_mj200-calcium_ar/results/wrapup_n12500r4_T500k/seed1  |ols|max=1.94e-02
[seed 1] T=1000000ms SAVED -> /work/classic/fr_mj200-calcium_ar/results/wrapup_n12500r4_T1000k/seed1  |ols|max=1.93e-02
[seed 1] T=2000000ms SAVED -> /work/classic/fr_mj200-calcium_ar/results/wrapup_n12500r4_T2000k/seed1  |ols|max=1.87e-02
[seed 1] T=5000000ms SAVED -> /work/classic/fr_mj200-calcium_ar/results/wrapup_n12500r4_T5000k/seed1  |ols|max=1.86e-02
[seed 1] T=7500000ms SAVED -> /work/classic/fr_mj200-calcium_ar/results/wrapup_n12500r4_T7500k/seed1  |ols|max=1.84e-02
[seed 1] T=10000000ms SAVED -> /work/classic/fr_mj200-calcium_ar/results/wrapup_n12500r4_T10000k/seed1  |ols|max=1.82e-02
[seed 1] T=15000000ms SAVED -> /work/classic/fr_mj200-calcium_ar/results/wrapup_n12500r4_T15000k/seed1  |ols|max=1.85e-02
[2026-09-04T08:49:11.021] error: *** JOB 7977226 ON g3606 CANCELLED AT 2026-09-04T08:49:11 DUE TO TIME LIMIT ***
