host: g3609   git: 31f43636f01975d30d0eae17ca6b61a0530eb72e   date: Thu Aug  6 22:14:14 CEST 2026   PY=/work/classic/fr_mj200-calcium_ar/env-gpu/bin/python
torch 2.6.0+cu124 cuda True
net=n1250_r4 g=8.0 eta=1.3  sweep(ms)=[100000.0, 200000.0, 500000.0, 1000000.0, 2000000.0, 5000000.0]  seeds=[1]  chunk_ms=5000.0
[seed 1] simulating 5000000 ms (densify=False) ...
[INFO] [2026.8.6 22:14:19 /home/conda/feedstock_root/build_artifacts/nest-simulator_1744013459969/work/nestkernel/vp_manager.cpp:74 @ VPManager::initialize()] : OMP_NUM_THREADS is set in your environment, but NEST ignores it.
For details, see the Guide to parallel computing in the NEST Documentation.

              -- N E S T --
  Copyright (C) 2004 The NEST Initiative

 Version: 3.8.0
 Built: Apr  7 2025 08:14:12

 This program is provided AS IS and comes with
 NO WARRANTY. See the file LICENSE for details.

 Problems or suggestions?
   Visit https://www.nest-simulator.org

 Type 'nest.help()' to find out more about NEST.


Aug 06 22:14:19 VPManager::initialize() [Info]: 
    OMP_NUM_THREADS is set in your environment, but NEST ignores it.
    For details, see the Guide to parallel computing in the NEST Documentation.

Aug 06 22:14:19 SimulationManager::set_status [Info]: 
    Temporal resolution changed from 0.1 to 0.1 ms.

Aug 06 22:14:19 NodeManager::prepare_nodes [Info]: 
    Preparing 1266 nodes for simulation.

Aug 06 22:14:19 SimulationManager::start_updating_ [Info]: 
    Number of local nodes: 1266
    Simulation time (ms): 5e+06
    Number of OpenMP threads: 8
    Not using MPI

Aug 06 22:18:35 SimulationManager::run [Info]: 
    Simulation finished.
Simulation finished in 255.9s
[seed 1] cached ground truth -> n1250_r4_seed1_T5000k_6c20bac984.npz
[seed 1] streaming moments + checkpoints ...
[seed 1] T=100000ms SAVED -> /work/classic/fr_mj200-calcium_ar/results/wrapup_n1250r4_T100k/seed1  |ols|max=4.30e-02
[seed 1] T=200000ms SAVED -> /work/classic/fr_mj200-calcium_ar/results/wrapup_n1250r4_T200k/seed1  |ols|max=4.11e-02
[seed 1] T=500000ms SAVED -> /work/classic/fr_mj200-calcium_ar/results/wrapup_n1250r4_T500k/seed1  |ols|max=4.10e-02
[seed 1] T=1000000ms SAVED -> /work/classic/fr_mj200-calcium_ar/results/wrapup_n1250r4_T1000k/seed1  |ols|max=3.94e-02
[seed 1] T=2000000ms SAVED -> /work/classic/fr_mj200-calcium_ar/results/wrapup_n1250r4_T2000k/seed1  |ols|max=3.93e-02
[seed 1] T=5000000ms SAVED -> /work/classic/fr_mj200-calcium_ar/results/wrapup_n1250r4_T5000k/seed1  |ols|max=4.03e-02
[seed 1] mean rate 15.1 Hz  (all checkpoints saved)

sweep complete
[seed1] ols       AUC=0.824 AUC_E=0.860 AUC_I=1.000 E_rec=0.417 I_rec=0.999 corr=0.562

wrote /work/classic/fr_mj200-calcium_ar/results/wrapup_n1250r4_T100k/metrics.csv  (1 rows)
[seed1] ols       AUC=0.888 AUC_E=0.912 AUC_I=1.000 E_rec=0.535 I_rec=1.000 corr=0.645

wrote /work/classic/fr_mj200-calcium_ar/results/wrapup_n1250r4_T200k/metrics.csv  (1 rows)
[seed1] ols       AUC=0.943 AUC_E=0.954 AUC_I=1.000 E_rec=0.661 I_rec=1.000 corr=0.715

wrote /work/classic/fr_mj200-calcium_ar/results/wrapup_n1250r4_T500k/metrics.csv  (1 rows)
[seed1] ols       AUC=0.963 AUC_E=0.968 AUC_I=1.000 E_rec=0.719 I_rec=1.000 corr=0.744

wrote /work/classic/fr_mj200-calcium_ar/results/wrapup_n1250r4_T1000k/metrics.csv  (1 rows)
[seed1] ols       AUC=0.972 AUC_E=0.975 AUC_I=1.000 E_rec=0.752 I_rec=1.000 corr=0.760

wrote /work/classic/fr_mj200-calcium_ar/results/wrapup_n1250r4_T2000k/metrics.csv  (1 rows)
[seed1] ols       AUC=0.977 AUC_E=0.979 AUC_I=1.000 E_rec=0.773 I_rec=1.000 corr=0.770

wrote /work/classic/fr_mj200-calcium_ar/results/wrapup_n1250r4_T5000k/metrics.csv  (1 rows)
done: Thu Aug  6 22:30:21 CEST 2026
--- copy home just these: ---
-rw-r--r-- 1 fr_mj200 fr_fr 354 Aug  6 22:30 /work/classic/fr_mj200-calcium_ar/results/wrapup_n1250r4_T1000k/metrics.csv
-rw-r--r-- 1 fr_mj200 fr_fr 351 Aug  6 22:30 /work/classic/fr_mj200-calcium_ar/results/wrapup_n1250r4_T100k/metrics.csv
-rw-r--r-- 1 fr_mj200 fr_fr 354 Aug  6 22:30 /work/classic/fr_mj200-calcium_ar/results/wrapup_n1250r4_T2000k/metrics.csv
-rw-r--r-- 1 fr_mj200 fr_fr 353 Aug  6 22:30 /work/classic/fr_mj200-calcium_ar/results/wrapup_n1250r4_T200k/metrics.csv
-rw-r--r-- 1 fr_mj200 fr_fr 352 Aug  6 22:30 /work/classic/fr_mj200-calcium_ar/results/wrapup_n1250r4_T5000k/metrics.csv
-rw-r--r-- 1 fr_mj200 fr_fr 351 Aug  6 22:30 /work/classic/fr_mj200-calcium_ar/results/wrapup_n1250r4_T500k/metrics.csv
