host: g3609   git: 31f43636f01975d30d0eae17ca6b61a0530eb72e   date: Thu Aug  6 20:17:14 CEST 2026   PY=/work/classic/fr_mj200-calcium_ar/env-gpu/bin/python
torch 2.6.0+cu124 cuda_available True
gpu: NVIDIA L40S
=== regime preflight: N=12500, g=8, J x1.5, eta=2.60 ===
[INFO] [2026.8.6 20:17:21 /home/conda/feedstock_root/build_artifacts/nest-simulator_1744013459969/work/nestkernel/vp_manager.cpp:74 @ VPManager::initialize()] : OMP_NUM_THREADS is set in your environment, but NEST ignores it.
For details, see the Guide to parallel computing in the NEST Documentation.

              -- N E S T --
  Copyright (C) 2004 The NEST Initiative

 Version: 3.8.0
 Built: Apr  7 2025 08:14:12

 This program is provided AS IS and comes with
 NO WARRANTY. See the file LICENSE for details.

 Problems or suggestions?
   Visit https://www.nest-simulator.org

 Type 'nest.help()' to find out more about NEST.


Aug 06 20:17:21 VPManager::initialize() [Info]: 
    OMP_NUM_THREADS is set in your environment, but NEST ignores it.
    For details, see the Guide to parallel computing in the NEST Documentation.

Aug 06 20:17:21 SimulationManager::set_status [Info]: 
    Temporal resolution changed from 0.1 to 0.1 ms.

Aug 06 20:17:21 NodeManager::prepare_nodes [Info]: 
    Preparing 12532 nodes for simulation.

Aug 06 20:17:21 SimulationManager::start_updating_ [Info]: 
    Number of local nodes: 12532
    Simulation time (ms): 4000
    Number of OpenMP threads: 16
    Not using MPI

Aug 06 20:17:24 SimulationManager::run [Info]: 
    Simulation finished.
target rate ~14.0 Hz   g=8  V_reset=10  J*sqrt(C_E)=3.162 (x1.5)

     N   C_E      J   eta |   rate    CV   sync silent
------------------------------------------------------------
Simulation finished in 2.9s
 12500  1000  0.150  2.60 |   13.9  1.06  0.007   0.00
  -> N=12500: eta=2.60  rate=13.9 Hz  CV=1.06  sync=0.007  J=0.150

=== R.4 configs ===
  N= 12500: NE=10000  J=0.150  eta=2.60   (rate 13.9 Hz, CV 1.06, sync 0.007)
net=n12500_r4 g=8.0 eta=2.6  sweep(ms)=[100000.0, 200000.0, 500000.0, 1000000.0, 2000000.0, 5000000.0]  seeds=[1]  chunk_ms=5000.0
[seed 1] loading cached ground truth n12500_r4_seed1_T5000k_d8208bdeee.npz (skipping NEST; config verified)
[seed 1] streaming moments + checkpoints ...
[seed 1] T=100000ms SAVED -> /work/classic/fr_mj200-calcium_ar/results/wrapup_n12500r4_T100k/seed1  |ols|max=2.26e-02
[seed 1] T=200000ms SAVED -> /work/classic/fr_mj200-calcium_ar/results/wrapup_n12500r4_T200k/seed1  |ols|max=2.18e-02
[seed 1] T=500000ms SAVED -> /work/classic/fr_mj200-calcium_ar/results/wrapup_n12500r4_T500k/seed1  |ols|max=1.94e-02
[seed 1] T=1000000ms SAVED -> /work/classic/fr_mj200-calcium_ar/results/wrapup_n12500r4_T1000k/seed1  |ols|max=1.93e-02
[seed 1] T=2000000ms SAVED -> /work/classic/fr_mj200-calcium_ar/results/wrapup_n12500r4_T2000k/seed1  |ols|max=1.87e-02
[seed 1] T=5000000ms SAVED -> /work/classic/fr_mj200-calcium_ar/results/wrapup_n12500r4_T5000k/seed1  |ols|max=1.83e-02
[seed 1] mean rate 13.8 Hz  (all checkpoints saved)

sweep complete
[seed1] ols       AUC=0.607 AUC_E=0.615 AUC_I=0.961 E_rec=0.103 I_rec=0.735 corr=0.312

wrote /work/classic/fr_mj200-calcium_ar/results/wrapup_n12500r4_T100k/metrics.csv  (1 rows)
[seed1] ols       AUC=0.642 AUC_E=0.661 AUC_I=0.994 E_rec=0.131 I_rec=0.962 corr=0.429

wrote /work/classic/fr_mj200-calcium_ar/results/wrapup_n12500r4_T200k/metrics.csv  (1 rows)
[seed1] ols       AUC=0.693 AUC_E=0.735 AUC_I=1.000 E_rec=0.199 I_rec=1.000 corr=0.591

wrote /work/classic/fr_mj200-calcium_ar/results/wrapup_n12500r4_T500k/metrics.csv  (1 rows)
[seed1] ols       AUC=0.745 AUC_E=0.795 AUC_I=1.000 E_rec=0.274 I_rec=1.000 corr=0.697

wrote /work/classic/fr_mj200-calcium_ar/results/wrapup_n12500r4_T1000k/metrics.csv  (1 rows)
[seed1] ols       AUC=0.802 AUC_E=0.849 AUC_I=1.000 E_rec=0.361 I_rec=1.000 corr=0.774

wrote /work/classic/fr_mj200-calcium_ar/results/wrapup_n12500r4_T2000k/metrics.csv  (1 rows)
[seed1] ols       AUC=0.861 AUC_E=0.898 AUC_I=1.000 E_rec=0.458 I_rec=1.000 corr=0.831

wrote /work/classic/fr_mj200-calcium_ar/results/wrapup_n12500r4_T5000k/metrics.csv  (1 rows)
done: Thu Aug  6 22:13:20 CEST 2026
--- copy home just these: ---
-rw-r--r-- 1 fr_mj200 fr_fr 357 Aug  6 22:12 /work/classic/fr_mj200-calcium_ar/results/wrapup_n12500r4_T1000k/metrics.csv
-rw-r--r-- 1 fr_mj200 fr_fr 357 Aug  6 22:11 /work/classic/fr_mj200-calcium_ar/results/wrapup_n12500r4_T100k/metrics.csv
-rw-r--r-- 1 fr_mj200 fr_fr 342 Aug  6 22:12 /work/classic/fr_mj200-calcium_ar/results/wrapup_n12500r4_T2000k/metrics.csv
-rw-r--r-- 1 fr_mj200 fr_fr 358 Aug  6 22:11 /work/classic/fr_mj200-calcium_ar/results/wrapup_n12500r4_T200k/metrics.csv
-rw-r--r-- 1 fr_mj200 fr_fr 341 Aug  6 22:13 /work/classic/fr_mj200-calcium_ar/results/wrapup_n12500r4_T5000k/metrics.csv
-rw-r--r-- 1 fr_mj200 fr_fr 356 Aug  6 22:12 /work/classic/fr_mj200-calcium_ar/results/wrapup_n12500r4_T500k/metrics.csv
