host: g3612   git: 9369f761e1880721e384efb7f0b4a633df6d0f11   date: Fri Aug 14 17:42:06 CEST 2026   PY=/work/classic/fr_mj200-calcium_ar/env-gpu/bin/python

=== wrapup_n1250r4_T12k  N=1250  T/N=96  lam_max=1.228e-03 ===
  ols        lam=  --    corr=0.277  AUC_E=0.681  E_rec=0.183
  ridge      lam=1.23e-06  corr=0.277  AUC_E=0.681  E_rec=0.183
  lasso      lam=1.23e-06  corr=0.278  AUC_E=0.681  E_rec=0.183
  en         lam=1.23e-06  corr=0.277  AUC_E=0.681  E_rec=0.183
  lassodale  lam=1.23e-06  corr=0.257  AUC_E=0.667  E_rec=0.212
  endale     lam=1.23e-06  corr=0.257  AUC_E=0.667  E_rec=0.211
  ridge      lam=4.89e-06  corr=0.277  AUC_E=0.681  E_rec=0.183
  lasso      lam=4.89e-06  corr=0.280  AUC_E=0.682  E_rec=0.184
  en         lam=4.89e-06  corr=0.279  AUC_E=0.681  E_rec=0.183
  lassodale  lam=4.89e-06  corr=0.258  AUC_E=0.666  E_rec=0.214
  endale     lam=4.89e-06  corr=0.257  AUC_E=0.666  E_rec=0.212
  ridge      lam=1.95e-05  corr=0.277  AUC_E=0.681  E_rec=0.183
  lasso      lam=1.95e-05  corr=0.290  AUC_E=0.683  E_rec=0.186
  en         lam=1.95e-05  corr=0.284  AUC_E=0.682  E_rec=0.184
  lassodale  lam=1.95e-05  corr=0.249  AUC_E=0.659  E_rec=0.221
  endale     lam=1.95e-05  corr=0.258  AUC_E=0.664  E_rec=0.216
  ridge      lam=7.75e-05  corr=0.277  AUC_E=0.681  E_rec=0.183
  lasso      lam=7.75e-05  corr=0.318  AUC_E=0.672  E_rec=0.190
  en         lam=7.75e-05  corr=0.302  AUC_E=0.682  E_rec=0.188
  lassodale  lam=7.75e-05  corr=0.221  AUC_E=0.633  E_rec=0.240
  endale     lam=7.75e-05  corr=0.240  AUC_E=0.651  E_rec=0.228
  ridge      lam=3.08e-04  corr=0.278  AUC_E=0.682  E_rec=0.184
  lasso      lam=3.08e-04  corr=0.063  AUC_E=0.537  E_rec=0.090
  en         lam=3.08e-04  corr=0.288  AUC_E=0.621  E_rec=0.199
  lassodale  lam=3.08e-04  corr=0.046  AUC_E=0.535  E_rec=0.087
  endale     lam=3.08e-04  corr=0.139  AUC_E=0.596  E_rec=0.256
  ridge      lam=1.23e-03  corr=0.280  AUC_E=0.683  E_rec=0.186
  lasso      lam=1.23e-03  corr=0.001  AUC_E=0.500  E_rec=0.000
  en         lam=1.23e-03  corr=0.008  AUC_E=0.501  E_rec=0.002
/work/classic/fr_mj200-calcium_ar/env-gpu/lib/python3.12/site-packages/numpy/lib/_function_base_impl.py:2999: RuntimeWarning: invalid value encountered in divide
  c /= stddev[:, None]
/work/classic/fr_mj200-calcium_ar/env-gpu/lib/python3.12/site-packages/numpy/lib/_function_base_impl.py:3000: RuntimeWarning: invalid value encountered in divide
  c /= stddev[None, :]
  lassodale  lam=1.23e-03  corr=nan  AUC_E=0.500  E_rec=0.000
  endale     lam=1.23e-03  corr=0.008  AUC_E=0.501  E_rec=0.002

=== wrapup_n1250r4_T25k  N=1250  T/N=200  lam_max=9.907e-04 ===
  ols        lam=  --    corr=0.351  AUC_E=0.728  E_rec=0.224
  ridge      lam=9.91e-07  corr=0.351  AUC_E=0.728  E_rec=0.224
  lasso      lam=9.91e-07  corr=0.352  AUC_E=0.728  E_rec=0.225
  en         lam=9.91e-07  corr=0.351  AUC_E=0.728  E_rec=0.225
  lassodale  lam=9.91e-07  corr=0.454  AUC_E=0.739  E_rec=0.246
  endale     lam=9.91e-07  corr=0.453  AUC_E=0.739  E_rec=0.246
  ridge      lam=3.94e-06  corr=0.351  AUC_E=0.728  E_rec=0.224
  lasso      lam=3.94e-06  corr=0.355  AUC_E=0.728  E_rec=0.225
  en         lam=3.94e-06  corr=0.353  AUC_E=0.728  E_rec=0.225
  lassodale  lam=3.94e-06  corr=0.455  AUC_E=0.737  E_rec=0.248
  endale     lam=3.94e-06  corr=0.453  AUC_E=0.738  E_rec=0.247
  ridge      lam=1.57e-05  corr=0.351  AUC_E=0.728  E_rec=0.224
  lasso      lam=1.57e-05  corr=0.370  AUC_E=0.728  E_rec=0.227
  en         lam=1.57e-05  corr=0.360  AUC_E=0.728  E_rec=0.226
  lassodale  lam=1.57e-05  corr=0.452  AUC_E=0.730  E_rec=0.256
  endale     lam=1.57e-05  corr=0.454  AUC_E=0.735  E_rec=0.251
  ridge      lam=6.25e-05  corr=0.351  AUC_E=0.728  E_rec=0.225
  lasso      lam=6.25e-05  corr=0.421  AUC_E=0.714  E_rec=0.233
  en         lam=6.25e-05  corr=0.389  AUC_E=0.727  E_rec=0.229
  lassodale  lam=6.25e-05  corr=0.420  AUC_E=0.692  E_rec=0.281
  endale     lam=6.25e-05  corr=0.447  AUC_E=0.718  E_rec=0.265
  ridge      lam=2.49e-04  corr=0.351  AUC_E=0.728  E_rec=0.225
  lasso      lam=2.49e-04  corr=0.121  AUC_E=0.556  E_rec=0.127
  en         lam=2.49e-04  corr=0.418  AUC_E=0.656  E_rec=0.247
  lassodale  lam=2.49e-04  corr=0.072  AUC_E=0.553  E_rec=0.122
  endale     lam=2.49e-04  corr=0.326  AUC_E=0.642  E_rec=0.301
  ridge      lam=9.91e-04  corr=0.352  AUC_E=0.728  E_rec=0.226
  lasso      lam=9.91e-04  corr=0.001  AUC_E=0.500  E_rec=0.000
  en         lam=9.91e-04  corr=0.010  AUC_E=0.502  E_rec=0.003
/work/classic/fr_mj200-calcium_ar/env-gpu/lib/python3.12/site-packages/numpy/lib/_function_base_impl.py:2999: RuntimeWarning: invalid value encountered in divide
  c /= stddev[:, None]
/work/classic/fr_mj200-calcium_ar/env-gpu/lib/python3.12/site-packages/numpy/lib/_function_base_impl.py:3000: RuntimeWarning: invalid value encountered in divide
  c /= stddev[None, :]
  lassodale  lam=9.91e-04  corr=nan  AUC_E=0.500  E_rec=0.000
  endale     lam=9.91e-04  corr=0.010  AUC_E=0.502  E_rec=0.003

=== wrapup_n1250r4_T50k  N=1250  T/N=400  lam_max=7.105e-04 ===
  ols        lam=  --    corr=0.456  AUC_E=0.794  E_rec=0.304
  ridge      lam=7.10e-07  corr=0.456  AUC_E=0.794  E_rec=0.304
  lasso      lam=7.10e-07  corr=0.457  AUC_E=0.794  E_rec=0.304
  en         lam=7.10e-07  corr=0.457  AUC_E=0.794  E_rec=0.304
  lassodale  lam=7.10e-07  corr=0.616  AUC_E=0.813  E_rec=0.332
  endale     lam=7.10e-07  corr=0.616  AUC_E=0.813  E_rec=0.332
  ridge      lam=2.83e-06  corr=0.456  AUC_E=0.794  E_rec=0.304
  lasso      lam=2.83e-06  corr=0.462  AUC_E=0.794  E_rec=0.305
  en         lam=2.83e-06  corr=0.459  AUC_E=0.794  E_rec=0.304
  lassodale  lam=2.83e-06  corr=0.619  AUC_E=0.812  E_rec=0.334
  endale     lam=2.83e-06  corr=0.617  AUC_E=0.813  E_rec=0.332
  ridge      lam=1.13e-05  corr=0.456  AUC_E=0.794  E_rec=0.304
  lasso      lam=1.13e-05  corr=0.481  AUC_E=0.794  E_rec=0.306
  en         lam=1.13e-05  corr=0.468  AUC_E=0.794  E_rec=0.305
  lassodale  lam=1.13e-05  corr=0.627  AUC_E=0.806  E_rec=0.341
  endale     lam=1.13e-05  corr=0.622  AUC_E=0.810  E_rec=0.336
  ridge      lam=4.48e-05  corr=0.456  AUC_E=0.794  E_rec=0.304
  lasso      lam=4.48e-05  corr=0.550  AUC_E=0.779  E_rec=0.314
  en         lam=4.48e-05  corr=0.505  AUC_E=0.792  E_rec=0.309
  lassodale  lam=4.48e-05  corr=0.644  AUC_E=0.776  E_rec=0.363
  endale     lam=4.48e-05  corr=0.636  AUC_E=0.797  E_rec=0.349
  ridge      lam=1.78e-04  corr=0.456  AUC_E=0.794  E_rec=0.304
  lasso      lam=1.78e-04  corr=0.326  AUC_E=0.608  E_rec=0.232
  en         lam=1.78e-04  corr=0.583  AUC_E=0.723  E_rec=0.329
  lassodale  lam=1.78e-04  corr=0.274  AUC_E=0.605  E_rec=0.225
  endale     lam=1.78e-04  corr=0.602  AUC_E=0.724  E_rec=0.379
  ridge      lam=7.10e-04  corr=0.456  AUC_E=0.794  E_rec=0.305
  lasso      lam=7.10e-04  corr=0.001  AUC_E=0.500  E_rec=0.000
  en         lam=7.10e-04  corr=0.024  AUC_E=0.506  E_rec=0.012
/work/classic/fr_mj200-calcium_ar/env-gpu/lib/python3.12/site-packages/numpy/lib/_function_base_impl.py:2999: RuntimeWarning: invalid value encountered in divide
  c /= stddev[:, None]
/work/classic/fr_mj200-calcium_ar/env-gpu/lib/python3.12/site-packages/numpy/lib/_function_base_impl.py:3000: RuntimeWarning: invalid value encountered in divide
  c /= stddev[None, :]
  lassodale  lam=7.10e-04  corr=nan  AUC_E=0.500  E_rec=0.000
  endale     lam=7.10e-04  corr=0.023  AUC_E=0.505  E_rec=0.011

=== wrapup_n1250r4_T100k  N=1250  T/N=800  lam_max=8.345e-04 ===
  ols        lam=  --    corr=0.562  AUC_E=0.860  E_rec=0.417
  ridge      lam=8.35e-07  corr=0.562  AUC_E=0.860  E_rec=0.417
  lasso      lam=8.35e-07  corr=0.564  AUC_E=0.860  E_rec=0.417
  en         lam=8.35e-07  corr=0.563  AUC_E=0.860  E_rec=0.417
  lassodale  lam=8.35e-07  corr=0.708  AUC_E=0.873  E_rec=0.443
  endale     lam=8.35e-07  corr=0.707  AUC_E=0.874  E_rec=0.442
  ridge      lam=3.32e-06  corr=0.562  AUC_E=0.860  E_rec=0.417
  lasso      lam=3.32e-06  corr=0.572  AUC_E=0.860  E_rec=0.417
  en         lam=3.32e-06  corr=0.567  AUC_E=0.860  E_rec=0.417
  lassodale  lam=3.32e-06  corr=0.711  AUC_E=0.872  E_rec=0.446
  endale     lam=3.32e-06  corr=0.709  AUC_E=0.873  E_rec=0.444
  ridge      lam=1.32e-05  corr=0.562  AUC_E=0.860  E_rec=0.417
  lasso      lam=1.32e-05  corr=0.604  AUC_E=0.858  E_rec=0.418
  en         lam=1.32e-05  corr=0.583  AUC_E=0.859  E_rec=0.417
  lassodale  lam=1.32e-05  corr=0.726  AUC_E=0.865  E_rec=0.455
  endale     lam=1.32e-05  corr=0.716  AUC_E=0.870  E_rec=0.449
  ridge      lam=5.27e-05  corr=0.562  AUC_E=0.860  E_rec=0.417
  lasso      lam=5.27e-05  corr=0.692  AUC_E=0.818  E_rec=0.426
  en         lam=5.27e-05  corr=0.642  AUC_E=0.851  E_rec=0.421
  lassodale  lam=5.27e-05  corr=0.739  AUC_E=0.823  E_rec=0.477
  endale     lam=5.27e-05  corr=0.739  AUC_E=0.853  E_rec=0.465
  ridge      lam=2.10e-04  corr=0.562  AUC_E=0.860  E_rec=0.417
  lasso      lam=2.10e-04  corr=0.239  AUC_E=0.562  E_rec=0.124
  en         lam=2.10e-04  corr=0.648  AUC_E=0.735  E_rec=0.434
  lassodale  lam=2.10e-04  corr=0.244  AUC_E=0.560  E_rec=0.117
  endale     lam=2.10e-04  corr=0.659  AUC_E=0.743  E_rec=0.477
  ridge      lam=8.35e-04  corr=0.562  AUC_E=0.860  E_rec=0.417
/work/classic/fr_mj200-calcium_ar/env-gpu/lib/python3.12/site-packages/numpy/lib/_function_base_impl.py:2999: RuntimeWarning: invalid value encountered in divide
  c /= stddev[:, None]
/work/classic/fr_mj200-calcium_ar/env-gpu/lib/python3.12/site-packages/numpy/lib/_function_base_impl.py:3000: RuntimeWarning: invalid value encountered in divide
  c /= stddev[None, :]
  lasso      lam=8.35e-04  corr=nan  AUC_E=0.500  E_rec=0.000
  en         lam=8.35e-04  corr=0.008  AUC_E=0.501  E_rec=0.001
/work/classic/fr_mj200-calcium_ar/env-gpu/lib/python3.12/site-packages/numpy/lib/_function_base_impl.py:2999: RuntimeWarning: invalid value encountered in divide
  c /= stddev[:, None]
/work/classic/fr_mj200-calcium_ar/env-gpu/lib/python3.12/site-packages/numpy/lib/_function_base_impl.py:3000: RuntimeWarning: invalid value encountered in divide
  c /= stddev[None, :]
  lassodale  lam=8.35e-04  corr=nan  AUC_E=0.500  E_rec=0.000
  endale     lam=8.35e-04  corr=0.007  AUC_E=0.501  E_rec=0.001

=== wrapup_n1250r4_T200k  N=1250  T/N=1600  lam_max=7.109e-04 ===
  ols        lam=  --    corr=0.645  AUC_E=0.912  E_rec=0.535
  ridge      lam=7.11e-07  corr=0.645  AUC_E=0.912  E_rec=0.535
  lasso      lam=7.11e-07  corr=0.648  AUC_E=0.912  E_rec=0.535
  en         lam=7.11e-07  corr=0.646  AUC_E=0.912  E_rec=0.535
  lassodale  lam=7.11e-07  corr=0.763  AUC_E=0.921  E_rec=0.555
  endale     lam=7.11e-07  corr=0.762  AUC_E=0.921  E_rec=0.554
  ridge      lam=2.83e-06  corr=0.645  AUC_E=0.912  E_rec=0.535
  lasso      lam=2.83e-06  corr=0.656  AUC_E=0.912  E_rec=0.534
  en         lam=2.83e-06  corr=0.650  AUC_E=0.912  E_rec=0.535
  lassodale  lam=2.83e-06  corr=0.767  AUC_E=0.919  E_rec=0.557
  endale     lam=2.83e-06  corr=0.764  AUC_E=0.920  E_rec=0.555
  ridge      lam=1.13e-05  corr=0.645  AUC_E=0.912  E_rec=0.535
  lasso      lam=1.13e-05  corr=0.687  AUC_E=0.909  E_rec=0.532
  en         lam=1.13e-05  corr=0.667  AUC_E=0.911  E_rec=0.534
  lassodale  lam=1.13e-05  corr=0.779  AUC_E=0.914  E_rec=0.564
  endale     lam=1.13e-05  corr=0.771  AUC_E=0.918  E_rec=0.560
  ridge      lam=4.49e-05  corr=0.645  AUC_E=0.912  E_rec=0.535
  lasso      lam=4.49e-05  corr=0.758  AUC_E=0.873  E_rec=0.528
  en         lam=4.49e-05  corr=0.722  AUC_E=0.901  E_rec=0.530
  lassodale  lam=4.49e-05  corr=0.790  AUC_E=0.882  E_rec=0.575
  endale     lam=4.49e-05  corr=0.790  AUC_E=0.906  E_rec=0.571
  ridge      lam=1.79e-04  corr=0.645  AUC_E=0.912  E_rec=0.535
  lasso      lam=1.79e-04  corr=0.390  AUC_E=0.598  E_rec=0.192
  en         lam=1.79e-04  corr=0.717  AUC_E=0.798  E_rec=0.521
  lassodale  lam=1.79e-04  corr=0.416  AUC_E=0.594  E_rec=0.182
  endale     lam=1.79e-04  corr=0.732  AUC_E=0.808  E_rec=0.566
  ridge      lam=7.11e-04  corr=0.644  AUC_E=0.912  E_rec=0.535
/work/classic/fr_mj200-calcium_ar/env-gpu/lib/python3.12/site-packages/numpy/lib/_function_base_impl.py:2999: RuntimeWarning: invalid value encountered in divide
  c /= stddev[:, None]
/work/classic/fr_mj200-calcium_ar/env-gpu/lib/python3.12/site-packages/numpy/lib/_function_base_impl.py:3000: RuntimeWarning: invalid value encountered in divide
  c /= stddev[None, :]
  lasso      lam=7.11e-04  corr=nan  AUC_E=0.500  E_rec=0.000
  en         lam=7.11e-04  corr=0.019  AUC_E=0.502  E_rec=0.003
/work/classic/fr_mj200-calcium_ar/env-gpu/lib/python3.12/site-packages/numpy/lib/_function_base_impl.py:2999: RuntimeWarning: invalid value encountered in divide
  c /= stddev[:, None]
/work/classic/fr_mj200-calcium_ar/env-gpu/lib/python3.12/site-packages/numpy/lib/_function_base_impl.py:3000: RuntimeWarning: invalid value encountered in divide
  c /= stddev[None, :]
  lassodale  lam=7.11e-04  corr=nan  AUC_E=0.500  E_rec=0.000
  endale     lam=7.11e-04  corr=0.018  AUC_E=0.501  E_rec=0.003

=== wrapup_n1250r4_T500k  N=1250  T/N=4000  lam_max=7.763e-04 ===
  ols        lam=  --    corr=0.715  AUC_E=0.954  E_rec=0.661
  ridge      lam=7.76e-07  corr=0.715  AUC_E=0.954  E_rec=0.661
  lasso      lam=7.76e-07  corr=0.718  AUC_E=0.953  E_rec=0.660
  en         lam=7.76e-07  corr=0.717  AUC_E=0.953  E_rec=0.661
  lassodale  lam=7.76e-07  corr=0.805  AUC_E=0.958  E_rec=0.675
  endale     lam=7.76e-07  corr=0.805  AUC_E=0.958  E_rec=0.674
  ridge      lam=3.09e-06  corr=0.715  AUC_E=0.954  E_rec=0.661
  lasso      lam=3.09e-06  corr=0.728  AUC_E=0.952  E_rec=0.657
  en         lam=3.09e-06  corr=0.722  AUC_E=0.953  E_rec=0.659
  lassodale  lam=3.09e-06  corr=0.809  AUC_E=0.957  E_rec=0.676
  endale     lam=3.09e-06  corr=0.807  AUC_E=0.958  E_rec=0.675
  ridge      lam=1.23e-05  corr=0.715  AUC_E=0.954  E_rec=0.661
  lasso      lam=1.23e-05  corr=0.761  AUC_E=0.947  E_rec=0.647
  en         lam=1.23e-05  corr=0.740  AUC_E=0.951  E_rec=0.654
  lassodale  lam=1.23e-05  corr=0.820  AUC_E=0.952  E_rec=0.680
  endale     lam=1.23e-05  corr=0.813  AUC_E=0.956  E_rec=0.678
  ridge      lam=4.90e-05  corr=0.715  AUC_E=0.954  E_rec=0.661
  lasso      lam=4.90e-05  corr=0.796  AUC_E=0.906  E_rec=0.621
  en         lam=4.90e-05  corr=0.789  AUC_E=0.937  E_rec=0.635
  lassodale  lam=4.90e-05  corr=0.810  AUC_E=0.919  E_rec=0.672
  endale     lam=4.90e-05  corr=0.826  AUC_E=0.944  E_rec=0.680
  ridge      lam=1.95e-04  corr=0.715  AUC_E=0.953  E_rec=0.660
  lasso      lam=1.95e-04  corr=0.311  AUC_E=0.563  E_rec=0.119
  en         lam=1.95e-04  corr=0.720  AUC_E=0.810  E_rec=0.591
  lassodale  lam=1.95e-04  corr=0.338  AUC_E=0.558  E_rec=0.110
  endale     lam=1.95e-04  corr=0.737  AUC_E=0.817  E_rec=0.641
  ridge      lam=7.76e-04  corr=0.714  AUC_E=0.953  E_rec=0.659
/work/classic/fr_mj200-calcium_ar/env-gpu/lib/python3.12/site-packages/numpy/lib/_function_base_impl.py:2999: RuntimeWarning: invalid value encountered in divide
  c /= stddev[:, None]
/work/classic/fr_mj200-calcium_ar/env-gpu/lib/python3.12/site-packages/numpy/lib/_function_base_impl.py:3000: RuntimeWarning: invalid value encountered in divide
  c /= stddev[None, :]
  lasso      lam=7.76e-04  corr=nan  AUC_E=0.500  E_rec=0.000
  en         lam=7.76e-04  corr=0.010  AUC_E=0.501  E_rec=0.001
/work/classic/fr_mj200-calcium_ar/env-gpu/lib/python3.12/site-packages/numpy/lib/_function_base_impl.py:2999: RuntimeWarning: invalid value encountered in divide
  c /= stddev[:, None]
/work/classic/fr_mj200-calcium_ar/env-gpu/lib/python3.12/site-packages/numpy/lib/_function_base_impl.py:3000: RuntimeWarning: invalid value encountered in divide
  c /= stddev[None, :]
  lassodale  lam=7.76e-04  corr=nan  AUC_E=0.500  E_rec=0.000
  endale     lam=7.76e-04  corr=0.010  AUC_E=0.501  E_rec=0.001

=== wrapup_n1250r4_T1000k  N=1250  T/N=8000  lam_max=7.560e-04 ===
  ols        lam=  --    corr=0.744  AUC_E=0.968  E_rec=0.719
  ridge      lam=7.56e-07  corr=0.744  AUC_E=0.968  E_rec=0.719
  lasso      lam=7.56e-07  corr=0.747  AUC_E=0.968  E_rec=0.718
  en         lam=7.56e-07  corr=0.746  AUC_E=0.968  E_rec=0.718
  lassodale  lam=7.56e-07  corr=0.821  AUC_E=0.970  E_rec=0.730
  endale     lam=7.56e-07  corr=0.820  AUC_E=0.971  E_rec=0.730
  ridge      lam=3.01e-06  corr=0.744  AUC_E=0.968  E_rec=0.719
  lasso      lam=3.01e-06  corr=0.756  AUC_E=0.966  E_rec=0.714
  en         lam=3.01e-06  corr=0.750  AUC_E=0.967  E_rec=0.716
  lassodale  lam=3.01e-06  corr=0.824  AUC_E=0.970  E_rec=0.730
  endale     lam=3.01e-06  corr=0.822  AUC_E=0.970  E_rec=0.730
  ridge      lam=1.20e-05  corr=0.744  AUC_E=0.968  E_rec=0.719
  lasso      lam=1.20e-05  corr=0.786  AUC_E=0.961  E_rec=0.698
  en         lam=1.20e-05  corr=0.767  AUC_E=0.965  E_rec=0.708
  lassodale  lam=1.20e-05  corr=0.834  AUC_E=0.966  E_rec=0.730
  endale     lam=1.20e-05  corr=0.828  AUC_E=0.969  E_rec=0.731
  ridge      lam=4.77e-05  corr=0.744  AUC_E=0.968  E_rec=0.719
  lasso      lam=4.77e-05  corr=0.808  AUC_E=0.924  E_rec=0.661
  en         lam=4.77e-05  corr=0.808  AUC_E=0.952  E_rec=0.682
  lassodale  lam=4.77e-05  corr=0.819  AUC_E=0.937  E_rec=0.713
  endale     lam=4.77e-05  corr=0.837  AUC_E=0.959  E_rec=0.726
  ridge      lam=1.90e-04  corr=0.744  AUC_E=0.968  E_rec=0.718
  lasso      lam=1.90e-04  corr=0.338  AUC_E=0.566  E_rec=0.125
  en         lam=1.90e-04  corr=0.733  AUC_E=0.828  E_rec=0.624
  lassodale  lam=1.90e-04  corr=0.367  AUC_E=0.561  E_rec=0.115
  endale     lam=1.90e-04  corr=0.750  AUC_E=0.834  E_rec=0.676
  ridge      lam=7.56e-04  corr=0.743  AUC_E=0.967  E_rec=0.717
/work/classic/fr_mj200-calcium_ar/env-gpu/lib/python3.12/site-packages/numpy/lib/_function_base_impl.py:2999: RuntimeWarning: invalid value encountered in divide
  c /= stddev[:, None]
/work/classic/fr_mj200-calcium_ar/env-gpu/lib/python3.12/site-packages/numpy/lib/_function_base_impl.py:3000: RuntimeWarning: invalid value encountered in divide
  c /= stddev[None, :]
  lasso      lam=7.56e-04  corr=nan  AUC_E=0.500  E_rec=0.000
  en         lam=7.56e-04  corr=0.011  AUC_E=0.501  E_rec=0.001
/work/classic/fr_mj200-calcium_ar/env-gpu/lib/python3.12/site-packages/numpy/lib/_function_base_impl.py:2999: RuntimeWarning: invalid value encountered in divide
  c /= stddev[:, None]
/work/classic/fr_mj200-calcium_ar/env-gpu/lib/python3.12/site-packages/numpy/lib/_function_base_impl.py:3000: RuntimeWarning: invalid value encountered in divide
  c /= stddev[None, :]
  lassodale  lam=7.56e-04  corr=nan  AUC_E=0.500  E_rec=0.000
  endale     lam=7.56e-04  corr=0.011  AUC_E=0.501  E_rec=0.001

=== wrapup_n1250r4_T2000k  N=1250  T/N=16000  lam_max=7.592e-04 ===
  ols        lam=  --    corr=0.760  AUC_E=0.975  E_rec=0.751
  ridge      lam=7.59e-07  corr=0.760  AUC_E=0.975  E_rec=0.751
  lasso      lam=7.59e-07  corr=0.763  AUC_E=0.974  E_rec=0.750
  en         lam=7.59e-07  corr=0.761  AUC_E=0.975  E_rec=0.751
  lassodale  lam=7.59e-07  corr=0.829  AUC_E=0.976  E_rec=0.762
  endale     lam=7.59e-07  corr=0.828  AUC_E=0.977  E_rec=0.762
  ridge      lam=3.02e-06  corr=0.760  AUC_E=0.975  E_rec=0.751
  lasso      lam=3.02e-06  corr=0.772  AUC_E=0.973  E_rec=0.744
  en         lam=3.02e-06  corr=0.766  AUC_E=0.974  E_rec=0.748
  lassodale  lam=3.02e-06  corr=0.832  AUC_E=0.976  E_rec=0.761
  endale     lam=3.02e-06  corr=0.830  AUC_E=0.976  E_rec=0.762
  ridge      lam=1.20e-05  corr=0.760  AUC_E=0.975  E_rec=0.751
  lasso      lam=1.20e-05  corr=0.799  AUC_E=0.968  E_rec=0.725
  en         lam=1.20e-05  corr=0.782  AUC_E=0.972  E_rec=0.737
  lassodale  lam=1.20e-05  corr=0.841  AUC_E=0.972  E_rec=0.758
  endale     lam=1.20e-05  corr=0.836  AUC_E=0.975  E_rec=0.760
  ridge      lam=4.79e-05  corr=0.760  AUC_E=0.975  E_rec=0.751
  lasso      lam=4.79e-05  corr=0.812  AUC_E=0.933  E_rec=0.682
  en         lam=4.79e-05  corr=0.818  AUC_E=0.959  E_rec=0.705
  lassodale  lam=4.79e-05  corr=0.824  AUC_E=0.946  E_rec=0.735
  endale     lam=4.79e-05  corr=0.842  AUC_E=0.966  E_rec=0.751
  ridge      lam=1.91e-04  corr=0.759  AUC_E=0.975  E_rec=0.751
  lasso      lam=1.91e-04  corr=0.333  AUC_E=0.562  E_rec=0.118
  en         lam=1.91e-04  corr=0.736  AUC_E=0.833  E_rec=0.641
  lassodale  lam=1.91e-04  corr=0.358  AUC_E=0.558  E_rec=0.108
  endale     lam=1.91e-04  corr=0.752  AUC_E=0.839  E_rec=0.690
  ridge      lam=7.59e-04  corr=0.758  AUC_E=0.974  E_rec=0.748
/work/classic/fr_mj200-calcium_ar/env-gpu/lib/python3.12/site-packages/numpy/lib/_function_base_impl.py:2999: RuntimeWarning: invalid value encountered in divide
  c /= stddev[:, None]
/work/classic/fr_mj200-calcium_ar/env-gpu/lib/python3.12/site-packages/numpy/lib/_function_base_impl.py:3000: RuntimeWarning: invalid value encountered in divide
  c /= stddev[None, :]
  lasso      lam=7.59e-04  corr=nan  AUC_E=0.500  E_rec=0.000
  en         lam=7.59e-04  corr=0.011  AUC_E=0.501  E_rec=0.001
/work/classic/fr_mj200-calcium_ar/env-gpu/lib/python3.12/site-packages/numpy/lib/_function_base_impl.py:2999: RuntimeWarning: invalid value encountered in divide
  c /= stddev[:, None]
/work/classic/fr_mj200-calcium_ar/env-gpu/lib/python3.12/site-packages/numpy/lib/_function_base_impl.py:3000: RuntimeWarning: invalid value encountered in divide
  c /= stddev[None, :]
  lassodale  lam=7.59e-04  corr=nan  AUC_E=0.500  E_rec=0.000
  endale     lam=7.59e-04  corr=0.011  AUC_E=0.501  E_rec=0.001

=== wrapup_n1250r4_T5000k  N=1250  T/N=40000  lam_max=7.453e-04 ===
  ols        lam=  --    corr=0.768  AUC_E=0.978  E_rec=0.766
  ridge      lam=7.45e-07  corr=0.768  AUC_E=0.978  E_rec=0.766
  lasso      lam=7.45e-07  corr=0.770  AUC_E=0.977  E_rec=0.764
  en         lam=7.45e-07  corr=0.769  AUC_E=0.978  E_rec=0.765
  lassodale  lam=7.45e-07  corr=0.832  AUC_E=0.979  E_rec=0.776
  endale     lam=7.45e-07  corr=0.832  AUC_E=0.979  E_rec=0.776
  ridge      lam=2.97e-06  corr=0.767  AUC_E=0.978  E_rec=0.766
  lasso      lam=2.97e-06  corr=0.779  AUC_E=0.976  E_rec=0.758
  en         lam=2.97e-06  corr=0.773  AUC_E=0.977  E_rec=0.762
  lassodale  lam=2.97e-06  corr=0.835  AUC_E=0.978  E_rec=0.775
  endale     lam=2.97e-06  corr=0.833  AUC_E=0.978  E_rec=0.776
  ridge      lam=1.18e-05  corr=0.767  AUC_E=0.978  E_rec=0.766
  lasso      lam=1.18e-05  corr=0.804  AUC_E=0.971  E_rec=0.736
  en         lam=1.18e-05  corr=0.789  AUC_E=0.975  E_rec=0.751
  lassodale  lam=1.18e-05  corr=0.843  AUC_E=0.975  E_rec=0.770
  endale     lam=1.18e-05  corr=0.838  AUC_E=0.977  E_rec=0.774
  ridge      lam=4.70e-05  corr=0.767  AUC_E=0.978  E_rec=0.766
  lasso      lam=4.70e-05  corr=0.812  AUC_E=0.938  E_rec=0.691
  en         lam=4.70e-05  corr=0.821  AUC_E=0.962  E_rec=0.715
  lassodale  lam=4.70e-05  corr=0.822  AUC_E=0.951  E_rec=0.744
  endale     lam=4.70e-05  corr=0.843  AUC_E=0.969  E_rec=0.762
  ridge      lam=1.87e-04  corr=0.767  AUC_E=0.978  E_rec=0.765
  lasso      lam=1.87e-04  corr=0.332  AUC_E=0.568  E_rec=0.129
  en         lam=1.87e-04  corr=0.735  AUC_E=0.842  E_rec=0.648
  lassodale  lam=1.87e-04  corr=0.357  AUC_E=0.562  E_rec=0.117
  endale     lam=1.87e-04  corr=0.751  AUC_E=0.848  E_rec=0.702
  ridge      lam=7.45e-04  corr=0.766  AUC_E=0.977  E_rec=0.763
/work/classic/fr_mj200-calcium_ar/env-gpu/lib/python3.12/site-packages/numpy/lib/_function_base_impl.py:2999: RuntimeWarning: invalid value encountered in divide
  c /= stddev[:, None]
/work/classic/fr_mj200-calcium_ar/env-gpu/lib/python3.12/site-packages/numpy/lib/_function_base_impl.py:3000: RuntimeWarning: invalid value encountered in divide
  c /= stddev[None, :]
  lasso      lam=7.45e-04  corr=nan  AUC_E=0.500  E_rec=0.000
  en         lam=7.45e-04  corr=0.012  AUC_E=0.501  E_rec=0.001
/work/classic/fr_mj200-calcium_ar/env-gpu/lib/python3.12/site-packages/numpy/lib/_function_base_impl.py:2999: RuntimeWarning: invalid value encountered in divide
  c /= stddev[:, None]
/work/classic/fr_mj200-calcium_ar/env-gpu/lib/python3.12/site-packages/numpy/lib/_function_base_impl.py:3000: RuntimeWarning: invalid value encountered in divide
  c /= stddev[None, :]
  lassodale  lam=7.45e-04  corr=nan  AUC_E=0.500  E_rec=0.000
  endale     lam=7.45e-04  corr=0.012  AUC_E=0.501  E_rec=0.001

=== wrapup_n1250r4_T7500k  N=1250  T/N=60000  lam_max=7.431e-04 ===
  ols        lam=  --    corr=0.773  AUC_E=0.980  E_rec=0.777
  ridge      lam=7.43e-07  corr=0.773  AUC_E=0.980  E_rec=0.777
  lasso      lam=7.43e-07  corr=0.775  AUC_E=0.980  E_rec=0.775
  en         lam=7.43e-07  corr=0.774  AUC_E=0.980  E_rec=0.776
  lassodale  lam=7.43e-07  corr=0.835  AUC_E=0.980  E_rec=0.787
  endale     lam=7.43e-07  corr=0.835  AUC_E=0.981  E_rec=0.787
  ridge      lam=2.96e-06  corr=0.773  AUC_E=0.980  E_rec=0.777
  lasso      lam=2.96e-06  corr=0.784  AUC_E=0.978  E_rec=0.770
  en         lam=2.96e-06  corr=0.778  AUC_E=0.979  E_rec=0.774
  lassodale  lam=2.96e-06  corr=0.838  AUC_E=0.980  E_rec=0.786
  endale     lam=2.96e-06  corr=0.836  AUC_E=0.980  E_rec=0.787
  ridge      lam=1.18e-05  corr=0.773  AUC_E=0.980  E_rec=0.777
  lasso      lam=1.18e-05  corr=0.809  AUC_E=0.973  E_rec=0.748
  en         lam=1.18e-05  corr=0.793  AUC_E=0.977  E_rec=0.762
  lassodale  lam=1.18e-05  corr=0.846  AUC_E=0.977  E_rec=0.781
  endale     lam=1.18e-05  corr=0.841  AUC_E=0.979  E_rec=0.785
  ridge      lam=4.69e-05  corr=0.772  AUC_E=0.980  E_rec=0.777
  lasso      lam=4.69e-05  corr=0.817  AUC_E=0.942  E_rec=0.701
  en         lam=4.69e-05  corr=0.825  AUC_E=0.965  E_rec=0.725
  lassodale  lam=4.69e-05  corr=0.826  AUC_E=0.954  E_rec=0.755
  endale     lam=4.69e-05  corr=0.846  AUC_E=0.972  E_rec=0.772
  ridge      lam=1.87e-04  corr=0.772  AUC_E=0.980  E_rec=0.776
  lasso      lam=1.87e-04  corr=0.358  AUC_E=0.568  E_rec=0.129
  en         lam=1.87e-04  corr=0.744  AUC_E=0.844  E_rec=0.657
  lassodale  lam=1.87e-04  corr=0.383  AUC_E=0.563  E_rec=0.117
  endale     lam=1.87e-04  corr=0.760  AUC_E=0.851  E_rec=0.712
  ridge      lam=7.43e-04  corr=0.771  AUC_E=0.979  E_rec=0.774
/work/classic/fr_mj200-calcium_ar/env-gpu/lib/python3.12/site-packages/numpy/lib/_function_base_impl.py:2999: RuntimeWarning: invalid value encountered in divide
  c /= stddev[:, None]
/work/classic/fr_mj200-calcium_ar/env-gpu/lib/python3.12/site-packages/numpy/lib/_function_base_impl.py:3000: RuntimeWarning: invalid value encountered in divide
  c /= stddev[None, :]
  lasso      lam=7.43e-04  corr=nan  AUC_E=0.500  E_rec=0.000
  en         lam=7.43e-04  corr=0.013  AUC_E=0.501  E_rec=0.001
/work/classic/fr_mj200-calcium_ar/env-gpu/lib/python3.12/site-packages/numpy/lib/_function_base_impl.py:2999: RuntimeWarning: invalid value encountered in divide
  c /= stddev[:, None]
/work/classic/fr_mj200-calcium_ar/env-gpu/lib/python3.12/site-packages/numpy/lib/_function_base_impl.py:3000: RuntimeWarning: invalid value encountered in divide
  c /= stddev[None, :]
  lassodale  lam=7.43e-04  corr=nan  AUC_E=0.500  E_rec=0.000
  endale     lam=7.43e-04  corr=0.013  AUC_E=0.501  E_rec=0.001

=== wrapup_n1250r4_T10000k  N=1250  T/N=80000  lam_max=7.493e-04 ===
  ols        lam=  --    corr=0.774  AUC_E=0.980  E_rec=0.780
  ridge      lam=7.49e-07  corr=0.774  AUC_E=0.980  E_rec=0.780
  lasso      lam=7.49e-07  corr=0.777  AUC_E=0.980  E_rec=0.778
  en         lam=7.49e-07  corr=0.775  AUC_E=0.980  E_rec=0.779
  lassodale  lam=7.49e-07  corr=0.836  AUC_E=0.981  E_rec=0.790
  endale     lam=7.49e-07  corr=0.835  AUC_E=0.981  E_rec=0.790
  ridge      lam=2.98e-06  corr=0.774  AUC_E=0.980  E_rec=0.780
  lasso      lam=2.98e-06  corr=0.785  AUC_E=0.979  E_rec=0.772
  en         lam=2.98e-06  corr=0.779  AUC_E=0.980  E_rec=0.776
  lassodale  lam=2.98e-06  corr=0.839  AUC_E=0.980  E_rec=0.789
  endale     lam=2.98e-06  corr=0.837  AUC_E=0.981  E_rec=0.789
  ridge      lam=1.19e-05  corr=0.774  AUC_E=0.980  E_rec=0.780
  lasso      lam=1.19e-05  corr=0.810  AUC_E=0.974  E_rec=0.749
  en         lam=1.19e-05  corr=0.794  AUC_E=0.977  E_rec=0.764
  lassodale  lam=1.19e-05  corr=0.846  AUC_E=0.977  E_rec=0.783
  endale     lam=1.19e-05  corr=0.842  AUC_E=0.979  E_rec=0.787
  ridge      lam=4.73e-05  corr=0.774  AUC_E=0.980  E_rec=0.780
  lasso      lam=4.73e-05  corr=0.816  AUC_E=0.942  E_rec=0.702
  en         lam=4.73e-05  corr=0.826  AUC_E=0.965  E_rec=0.727
  lassodale  lam=4.73e-05  corr=0.826  AUC_E=0.954  E_rec=0.756
  endale     lam=4.73e-05  corr=0.846  AUC_E=0.972  E_rec=0.774
  ridge      lam=1.88e-04  corr=0.773  AUC_E=0.980  E_rec=0.779
  lasso      lam=1.88e-04  corr=0.350  AUC_E=0.565  E_rec=0.124
  en         lam=1.88e-04  corr=0.742  AUC_E=0.842  E_rec=0.657
  lassodale  lam=1.88e-04  corr=0.375  AUC_E=0.560  E_rec=0.113
  endale     lam=1.88e-04  corr=0.759  AUC_E=0.848  E_rec=0.708
  ridge      lam=7.49e-04  corr=0.772  AUC_E=0.980  E_rec=0.776
/work/classic/fr_mj200-calcium_ar/env-gpu/lib/python3.12/site-packages/numpy/lib/_function_base_impl.py:2999: RuntimeWarning: invalid value encountered in divide
  c /= stddev[:, None]
/work/classic/fr_mj200-calcium_ar/env-gpu/lib/python3.12/site-packages/numpy/lib/_function_base_impl.py:3000: RuntimeWarning: invalid value encountered in divide
  c /= stddev[None, :]
  lasso      lam=7.49e-04  corr=nan  AUC_E=0.500  E_rec=0.000
  en         lam=7.49e-04  corr=0.013  AUC_E=0.501  E_rec=0.001
/work/classic/fr_mj200-calcium_ar/env-gpu/lib/python3.12/site-packages/numpy/lib/_function_base_impl.py:2999: RuntimeWarning: invalid value encountered in divide
  c /= stddev[:, None]
/work/classic/fr_mj200-calcium_ar/env-gpu/lib/python3.12/site-packages/numpy/lib/_function_base_impl.py:3000: RuntimeWarning: invalid value encountered in divide
  c /= stddev[None, :]
  lassodale  lam=7.49e-04  corr=nan  AUC_E=0.500  E_rec=0.000
  endale     lam=7.49e-04  corr=0.012  AUC_E=0.501  E_rec=0.001

=== wrapup_n1250r4_T15000k  N=1250  T/N=120000  lam_max=7.552e-04 ===
  ols        lam=  --    corr=0.775  AUC_E=0.981  E_rec=0.782
  ridge      lam=7.55e-07  corr=0.775  AUC_E=0.981  E_rec=0.782
  lasso      lam=7.55e-07  corr=0.778  AUC_E=0.980  E_rec=0.780
  en         lam=7.55e-07  corr=0.776  AUC_E=0.981  E_rec=0.781
  lassodale  lam=7.55e-07  corr=0.836  AUC_E=0.982  E_rec=0.792
  endale     lam=7.55e-07  corr=0.836  AUC_E=0.982  E_rec=0.792
  ridge      lam=3.01e-06  corr=0.775  AUC_E=0.981  E_rec=0.782
  lasso      lam=3.01e-06  corr=0.786  AUC_E=0.979  E_rec=0.774
  en         lam=3.01e-06  corr=0.781  AUC_E=0.980  E_rec=0.778
  lassodale  lam=3.01e-06  corr=0.839  AUC_E=0.981  E_rec=0.791
  endale     lam=3.01e-06  corr=0.838  AUC_E=0.981  E_rec=0.792
  ridge      lam=1.20e-05  corr=0.775  AUC_E=0.981  E_rec=0.782
  lasso      lam=1.20e-05  corr=0.811  AUC_E=0.974  E_rec=0.751
  en         lam=1.20e-05  corr=0.796  AUC_E=0.978  E_rec=0.766
  lassodale  lam=1.20e-05  corr=0.847  AUC_E=0.977  E_rec=0.785
  endale     lam=1.20e-05  corr=0.843  AUC_E=0.980  E_rec=0.789
  ridge      lam=4.76e-05  corr=0.775  AUC_E=0.981  E_rec=0.782
  lasso      lam=4.76e-05  corr=0.816  AUC_E=0.942  E_rec=0.704
  en         lam=4.76e-05  corr=0.826  AUC_E=0.965  E_rec=0.728
  lassodale  lam=4.76e-05  corr=0.826  AUC_E=0.954  E_rec=0.757
  endale     lam=4.76e-05  corr=0.847  AUC_E=0.972  E_rec=0.776
  ridge      lam=1.90e-04  corr=0.774  AUC_E=0.981  E_rec=0.781
  lasso      lam=1.90e-04  corr=0.343  AUC_E=0.563  E_rec=0.119
  en         lam=1.90e-04  corr=0.741  AUC_E=0.841  E_rec=0.658
  lassodale  lam=1.90e-04  corr=0.367  AUC_E=0.558  E_rec=0.108
  endale     lam=1.90e-04  corr=0.758  AUC_E=0.847  E_rec=0.704
  ridge      lam=7.55e-04  corr=0.773  AUC_E=0.980  E_rec=0.779
/work/classic/fr_mj200-calcium_ar/env-gpu/lib/python3.12/site-packages/numpy/lib/_function_base_impl.py:2999: RuntimeWarning: invalid value encountered in divide
  c /= stddev[:, None]
/work/classic/fr_mj200-calcium_ar/env-gpu/lib/python3.12/site-packages/numpy/lib/_function_base_impl.py:3000: RuntimeWarning: invalid value encountered in divide
  c /= stddev[None, :]
  lasso      lam=7.55e-04  corr=nan  AUC_E=0.500  E_rec=0.000
  en         lam=7.55e-04  corr=0.012  AUC_E=0.501  E_rec=0.001
/work/classic/fr_mj200-calcium_ar/env-gpu/lib/python3.12/site-packages/numpy/lib/_function_base_impl.py:2999: RuntimeWarning: invalid value encountered in divide
  c /= stddev[:, None]
/work/classic/fr_mj200-calcium_ar/env-gpu/lib/python3.12/site-packages/numpy/lib/_function_base_impl.py:3000: RuntimeWarning: invalid value encountered in divide
  c /= stddev[None, :]
  lassodale  lam=7.55e-04  corr=nan  AUC_E=0.500  E_rec=0.000
  endale     lam=7.55e-04  corr=0.011  AUC_E=0.501  E_rec=0.001

=== wrapup_n1250r4_T20000k  N=1250  T/N=160000  lam_max=7.521e-04 ===
  ols        lam=  --    corr=0.775  AUC_E=0.981  E_rec=0.783
  ridge      lam=7.52e-07  corr=0.775  AUC_E=0.981  E_rec=0.783
  lasso      lam=7.52e-07  corr=0.778  AUC_E=0.981  E_rec=0.781
  en         lam=7.52e-07  corr=0.777  AUC_E=0.981  E_rec=0.782
  lassodale  lam=7.52e-07  corr=0.836  AUC_E=0.981  E_rec=0.793
  endale     lam=7.52e-07  corr=0.836  AUC_E=0.981  E_rec=0.793
  ridge      lam=2.99e-06  corr=0.775  AUC_E=0.981  E_rec=0.783
  lasso      lam=2.99e-06  corr=0.786  AUC_E=0.979  E_rec=0.775
  en         lam=2.99e-06  corr=0.781  AUC_E=0.980  E_rec=0.779
  lassodale  lam=2.99e-06  corr=0.839  AUC_E=0.981  E_rec=0.792
  endale     lam=2.99e-06  corr=0.838  AUC_E=0.981  E_rec=0.793
  ridge      lam=1.19e-05  corr=0.775  AUC_E=0.981  E_rec=0.783
  lasso      lam=1.19e-05  corr=0.811  AUC_E=0.974  E_rec=0.752
  en         lam=1.19e-05  corr=0.796  AUC_E=0.978  E_rec=0.767
  lassodale  lam=1.19e-05  corr=0.847  AUC_E=0.978  E_rec=0.786
  endale     lam=1.19e-05  corr=0.843  AUC_E=0.980  E_rec=0.790
  ridge      lam=4.75e-05  corr=0.775  AUC_E=0.981  E_rec=0.783
  lasso      lam=4.75e-05  corr=0.817  AUC_E=0.943  E_rec=0.704
  en         lam=4.75e-05  corr=0.827  AUC_E=0.966  E_rec=0.729
  lassodale  lam=4.75e-05  corr=0.826  AUC_E=0.955  E_rec=0.759
  endale     lam=4.75e-05  corr=0.847  AUC_E=0.972  E_rec=0.777
  ridge      lam=1.89e-04  corr=0.775  AUC_E=0.981  E_rec=0.782
  lasso      lam=1.89e-04  corr=0.347  AUC_E=0.564  E_rec=0.122
  en         lam=1.89e-04  corr=0.742  AUC_E=0.842  E_rec=0.660
  lassodale  lam=1.89e-04  corr=0.372  AUC_E=0.559  E_rec=0.111
  endale     lam=1.89e-04  corr=0.759  AUC_E=0.848  E_rec=0.707
  ridge      lam=7.52e-04  corr=0.774  AUC_E=0.980  E_rec=0.780
/work/classic/fr_mj200-calcium_ar/env-gpu/lib/python3.12/site-packages/numpy/lib/_function_base_impl.py:2999: RuntimeWarning: invalid value encountered in divide
  c /= stddev[:, None]
/work/classic/fr_mj200-calcium_ar/env-gpu/lib/python3.12/site-packages/numpy/lib/_function_base_impl.py:3000: RuntimeWarning: invalid value encountered in divide
  c /= stddev[None, :]
  lasso      lam=7.52e-04  corr=nan  AUC_E=0.500  E_rec=0.000
  en         lam=7.52e-04  corr=0.012  AUC_E=0.501  E_rec=0.001
/work/classic/fr_mj200-calcium_ar/env-gpu/lib/python3.12/site-packages/numpy/lib/_function_base_impl.py:2999: RuntimeWarning: invalid value encountered in divide
  c /= stddev[:, None]
/work/classic/fr_mj200-calcium_ar/env-gpu/lib/python3.12/site-packages/numpy/lib/_function_base_impl.py:3000: RuntimeWarning: invalid value encountered in divide
  c /= stddev[None, :]
  lassodale  lam=7.52e-04  corr=nan  AUC_E=0.500  E_rec=0.000
  endale     lam=7.52e-04  corr=0.012  AUC_E=0.501  E_rec=0.001

wrote /work/classic/fr_mj200-calcium_ar/results/r5/r5_n1250r4.csv  (403 rows)
gpu: NVIDIA L40S

=== wrapup_n12500r4_T100k  N=12500  T/N=80  lam_max=3.566e-04 ===
  ols        lam=  --    corr=0.312  AUC_E=0.615  E_rec=0.103
  ridge      lam=3.57e-07  corr=0.312  AUC_E=0.615  E_rec=0.103
  lasso      lam=3.57e-07  corr=0.313  AUC_E=0.616  E_rec=0.104
  en         lam=3.57e-07  corr=0.312  AUC_E=0.616  E_rec=0.104
  lassodale  lam=3.57e-07  corr=0.496  AUC_E=0.651  E_rec=0.105
  endale     lam=3.57e-07  corr=0.495  AUC_E=0.651  E_rec=0.105
  ridge      lam=1.42e-06  corr=0.312  AUC_E=0.615  E_rec=0.103
  lasso      lam=1.42e-06  corr=0.317  AUC_E=0.616  E_rec=0.104
  en         lam=1.42e-06  corr=0.314  AUC_E=0.616  E_rec=0.104
  lassodale  lam=1.42e-06  corr=0.499  AUC_E=0.649  E_rec=0.106
  endale     lam=1.42e-06  corr=0.497  AUC_E=0.650  E_rec=0.106
  ridge      lam=5.65e-06  corr=0.312  AUC_E=0.615  E_rec=0.103
  lasso      lam=5.65e-06  corr=0.332  AUC_E=0.617  E_rec=0.105
  en         lam=5.65e-06  corr=0.322  AUC_E=0.616  E_rec=0.104
  lassodale  lam=5.65e-06  corr=0.515  AUC_E=0.645  E_rec=0.110
  endale     lam=5.65e-06  corr=0.504  AUC_E=0.648  E_rec=0.108
  ridge      lam=2.25e-05  corr=0.312  AUC_E=0.615  E_rec=0.103
  lasso      lam=2.25e-05  corr=0.394  AUC_E=0.613  E_rec=0.107
  en         lam=2.25e-05  corr=0.353  AUC_E=0.618  E_rec=0.106
  lassodale  lam=2.25e-05  corr=0.569  AUC_E=0.618  E_rec=0.125
  endale     lam=2.25e-05  corr=0.534  AUC_E=0.637  E_rec=0.116
[2026-08-14T19:42:29.020] error: *** JOB 7802455 ON g3612 CANCELLED AT 2026-08-14T19:42:29 DUE TO TIME LIMIT ***
