host: g3607   git: 32a1d75f0397d8e502672f9ff9550483d66cd011   date: Tue Jul 28 00:59:37 CEST 2026   PY=/work/classic/fr_mj200-calcium_ar/env-gpu/bin/python
torch 2.6.0+cu124 cuda True

=== wrapup_n1250r4_T12k  N=1250  T/N=96 ===
  ols        lam=  --    recall E/none/I = 0.18/0.92/0.54
  lasso      lam=7.75e-05  recall E/none/I = 0.19/0.92/0.59
  lassodale  lam=7.75e-05  recall E/none/I = 0.24/0.92/0.26

=== wrapup_n1250r4_T100k  N=1250  T/N=800 ===
  ols        lam=  --    recall E/none/I = 0.42/0.95/1.00
  lasso      lam=4.29e-05  recall E/none/I = 0.42/0.95/1.00
  lassodale  lam=4.29e-05  recall E/none/I = 0.47/0.95/1.00

=== wrapup_n1250r4_T500k  N=1250  T/N=4000 ===
  ols        lam=  --    recall E/none/I = 0.66/0.97/1.00
  lasso      lam=6.09e-07  recall E/none/I = 0.66/0.97/1.00
  lassodale  lam=9.66e-06  recall E/none/I = 0.68/0.97/1.00

wrote /work/classic/fr_mj200-calcium_ar/results/r5/r5conf_n1250r4.npz

=== wrapup_n12500r4_T125k  N=12500  T/N=100 ===
  ols        lam=  --    recall E/none/I = 0.11/0.92/0.83
  lasso      lam=2.22e-05  recall E/none/I = 0.11/0.92/0.86
  lassodale  lam=2.22e-05  recall E/none/I = 0.14/0.92/0.96

=== wrapup_n12500r4_T1000k  N=12500  T/N=800 ===
  ols        lam=  --    recall E/none/I = 0.27/0.93/1.00
  lasso      lam=2.11e-05  recall E/none/I = 0.30/0.94/1.00
  lassodale  lam=2.11e-05  recall E/none/I = 0.35/0.94/1.00

=== wrapup_n12500r4_T5000k  N=12500  T/N=4000 ===
  ols        lam=  --    recall E/none/I = 0.47/0.95/1.00
  lasso      lam=3.26e-07  recall E/none/I = 0.46/0.95/1.00
  lassodale  lam=2.06e-05  recall E/none/I = 0.51/0.95/1.00

wrote /work/classic/fr_mj200-calcium_ar/results/r5/r5conf_n12500r4.npz
done: Tue Jul 28 01:12:37 CEST 2026
-rw-r--r-- 1 fr_mj200 fr_fr 2.1K Jul 28 01:12 /work/classic/fr_mj200-calcium_ar/results/r5/r5conf_n12500r4.npz
-rw-r--r-- 1 fr_mj200 fr_fr 2.1K Jul 28 01:01 /work/classic/fr_mj200-calcium_ar/results/r5/r5conf_n1250r4.npz

rsync -avhz fr_mj200@login1.nemo.uni-freiburg.de:/work/classic/fr_mj200-calcium_ar/results/r5/r5conf_*.npz ~/calcium_results/r5/
