host: n4105   git: 80f0278d627fa793ff2a977b6efb7786a974f8f2 (dirty: no)   date: Sat Aug 15 16:55:55 CEST 2026
net=n1250_pif100 g=8.0 eta=80.0  sweep(ms)=[100000.0]  seeds=[1]  chunk_ms=10000.0
[seed 1] simulating 100000 ms (densify=False) ...
[INFO] [2026.8.15 16:55:57 /home/conda/feedstock_root/build_artifacts/nest-simulator_1744013459969/work/nestkernel/vp_manager.cpp:74 @ VPManager::initialize()] : OMP_NUM_THREADS is set in your environment, but NEST ignores it.
For details, see the Guide to parallel computing in the NEST Documentation.

              -- N E S T --
  Copyright (C) 2004 The NEST Initiative

 Version: 3.8.0
 Built: Apr  7 2025 08:14:12

 This program is provided AS IS and comes with
 NO WARRANTY. See the file LICENSE for details.

 Problems or suggestions?
   Visit https://www.nest-simulator.org

 Type 'nest.help()' to find out more about NEST.


Aug 15 16:55:57 VPManager::initialize() [Info]: 
    OMP_NUM_THREADS is set in your environment, but NEST ignores it.
    For details, see the Guide to parallel computing in the NEST Documentation.

Aug 15 16:55:57 SimulationManager::set_status [Info]: 
    Temporal resolution changed from 0.1 to 0.1 ms.

Aug 15 16:55:57 NodeManager::prepare_nodes [Info]: 
    Preparing 1266 nodes for simulation.

Aug 15 16:55:57 SimulationManager::start_updating_ [Info]: 
    Number of local nodes: 1266
    Simulation time (ms): 100000
    Number of OpenMP threads: 8
    Not using MPI

Aug 15 16:56:04 SimulationManager::run [Info]: 
    Simulation finished.
Simulation finished in 7.4s
[seed 1] streaming moments + checkpoints ...
[seed 1] T=100000ms SAVED -> /work/classic/fr_mj200-calcium_ar/results/wrapup_n1250pif100_T100k/seed1  |ols|max=9.31e-02
[seed 1] mean rate 15.7 Hz  (all checkpoints saved)

sweep complete
done: Sat Aug 15 16:59:03 CEST 2026
